******************************************************************************
                  TI ARM Linker PC v5.2.7                      
******************************************************************************
>> Linked Sat Mar 26 12:32:22 2016

OUTPUT FILE NAME:   <SimpleBLEPeripheral.out>
ENTRY POINT SYMBOL: "ResetISR"  address: 00004a6d


MEMORY CONFIGURATION

         name            origin    length      used     unused   attr    fill
----------------------  --------  ---------  --------  --------  ----  --------
  FLASH                 00000000   0000dfff  00007a9e  00006561  R  X
  FLASH_LAST_PAGE       0001f000   00001000  00000058  00000fa8  R  X
  SRAM                  20000000   000043eb  00002f5e  0000148d  RW X


SEGMENT ALLOCATION MAP

run origin  load origin   length   init length attrs members
----------  ----------- ---------- ----------- ----- -------
00000000    00000000    00007aa8   00007aa8    r-x
  00000000    00000000    0000003c   0000003c    r-- .resetVecs
  0000003c    0000003c    000000c4   000000c4    r-x .text.1
  00000100    00000100    0000003c   0000003c    r-- .const:ti_sysbios_knl_Task_Object__PARAMS__C
  0000013c    0000013c    00000034   00000034    r-- .const:ti_sysbios_knl_Mailbox_Object__PARAMS__C
  00000170    00000170    00000030   00000030    r-- .const:ti_sysbios_family_arm_m3_Hwi_Object__PARAMS__C
  000001a0    000001a0    0000002c   0000002c    r-- .const:ti_sysbios_hal_Hwi_Object__PARAMS__C
  000001cc    000001cc    00000028   00000028    r-- .const:ti_sysbios_heaps_HeapMem_Module__FXNS__C
  000001f4    000001f4    00000028   00000028    r-- .const:ti_sysbios_knl_Swi_Object__PARAMS__C
  0000021c    0000021c    00000024   00000024    r-- .const:ti_sysbios_gates_GateHwi_Module__FXNS__C
  00000240    00000240    00000024   00000024    r-- .const:ti_sysbios_gates_GateMutex_Module__FXNS__C
  00000264    00000264    00000024   00000024    r-- .const:ti_sysbios_heaps_HeapMem_Object__PARAMS__C
  00000288    00000288    00000024   00000024    r-- .const:ti_sysbios_knl_Clock_Object__PARAMS__C
  000002ac    000002ac    00000024   00000024    r-- .const:ti_sysbios_knl_Semaphore_Object__PARAMS__C
  000002d0    000002d0    00000020   00000020    r-- .const:ti_sysbios_family_arm_m3_Hwi_Object__DESC__C
  000002f0    000002f0    00000020   00000020    r-- .const:ti_sysbios_gates_GateHwi_Object__DESC__C
  00000310    00000310    00000020   00000020    r-- .const:ti_sysbios_gates_GateMutex_Object__DESC__C
  00000330    00000330    00000020   00000020    r-- .const:ti_sysbios_hal_Hwi_Object__DESC__C
  00000350    00000350    00000020   00000020    r-- .const:ti_sysbios_heaps_HeapMem_Object__DESC__C
  00000370    00000370    00000020   00000020    r-- .const:ti_sysbios_knl_Clock_Object__DESC__C
  00000390    00000390    00000020   00000020    r-- .const:ti_sysbios_knl_Mailbox_Object__DESC__C
  000003b0    000003b0    00000020   00000020    r-- .const:ti_sysbios_knl_Queue_Object__DESC__C
  000003d0    000003d0    00000020   00000020    r-- .const:ti_sysbios_knl_Semaphore_Object__DESC__C
  000003f0    000003f0    00000020   00000020    r-- .const:ti_sysbios_knl_Swi_Object__DESC__C
  00000410    00000410    00000020   00000020    r-- .const:ti_sysbios_knl_Task_Object__DESC__C
  00000430    00000430    00000018   00000018    r-- .const:ti_sysbios_gates_GateHwi_Object__PARAMS__C
  00000448    00000448    00000018   00000018    r-- .const:ti_sysbios_gates_GateMutex_Object__PARAMS__C
  00000460    00000460    00000018   00000018    r-- .const:ti_sysbios_knl_Queue_Object__PARAMS__C
  00000478    00000478    00000008   00000008    r-- .const:ti_sysbios_knl_Idle_funcList__C
  00000480    00000480    00000004   00000004    r-x .text.2
  00000484    00000484    00000004   00000004    r-- .const:ti_sysbios_family_arm_cc26xx_Timer_startupNeeded__C
  00000488    00000488    00000004   00000004    r-- .const:ti_sysbios_family_arm_m3_Hwi_E_alreadyDefined__C
  0000048c    0000048c    00000004   00000004    r-- .const:ti_sysbios_family_arm_m3_Hwi_E_hwiLimitExceeded__C
  00000490    00000490    00000004   00000004    r-- .const:ti_sysbios_family_arm_m3_Hwi_NUM_INTERRUPTS__C
  00000494    00000494    00000004   00000004    r-- .const:ti_sysbios_family_arm_m3_Hwi_Object__count__C
  00000498    00000498    00000004   00000004    r-- .const:ti_sysbios_family_arm_m3_Hwi_Object__table__C
  0000049c    0000049c    00000004   00000004    r-- .const:ti_sysbios_family_arm_m3_Hwi_ccr__C
  000004a0    000004a0    00000004   00000004    r-- .const:ti_sysbios_family_arm_m3_Hwi_excHandlerFunc__C
  000004a4    000004a4    00000004   00000004    r-- .const:ti_sysbios_family_arm_m3_Hwi_nullIsrFunc__C
  000004a8    000004a8    00000004   00000004    r-- .const:ti_sysbios_family_arm_m3_Hwi_numSparseInterrupts__C
  000004ac    000004ac    00000004   00000004    r-- .const:ti_sysbios_family_arm_m3_Hwi_priGroup__C
  000004b0    000004b0    00000004   00000004    r-- .const:ti_sysbios_family_arm_m3_TaskSupport_stackAlignment__C
  000004b4    000004b4    00000004   00000004    r-- .const:ti_sysbios_heaps_HeapMem_E_memory__C
  000004b8    000004b8    00000004   00000004    r-- .const:ti_sysbios_heaps_HeapMem_Module__gateObj__C
  000004bc    000004bc    00000004   00000004    r-- .const:ti_sysbios_heaps_HeapMem_Object__count__C
  000004c0    000004c0    00000004   00000004    r-- .const:ti_sysbios_heaps_HeapMem_Object__table__C
  000004c4    000004c4    00000004   00000004    r-- .const:ti_sysbios_heaps_HeapMem_reqAlign__C
  000004c8    000004c8    00000004   00000004    r-- .const:ti_sysbios_knl_Clock_serviceMargin__C
  000004cc    000004cc    00000004   00000004    r-- .const:ti_sysbios_knl_Mailbox_Object__count__C
  000004d0    000004d0    00000004   00000004    r-- .const:ti_sysbios_knl_Mailbox_Object__table__C
  000004d4    000004d4    00000004   00000004    r-- .const:ti_sysbios_knl_Queue_Object__count__C
  000004d8    000004d8    00000004   00000004    r-- .const:ti_sysbios_knl_Queue_Object__table__C
  000004dc    000004dc    00000004   00000004    r-- .const:ti_sysbios_knl_Swi_Object__count__C
  000004e0    000004e0    00000004   00000004    r-- .const:ti_sysbios_knl_Swi_Object__table__C
  000004e4    000004e4    00000004   00000004    r-- .const:ti_sysbios_knl_Swi_numPriorities__C
  000004e8    000004e8    00000004   00000004    r-- .const:ti_sysbios_knl_Task_Object__count__C
  000004ec    000004ec    00000004   00000004    r-- .const:ti_sysbios_knl_Task_Object__table__C
  000004f0    000004f0    00000004   00000004    r-- .const:ti_sysbios_knl_Task_allBlockedFunc__C
  000004f4    000004f4    00000004   00000004    r-- .const:ti_sysbios_knl_Task_defaultStackHeap__C
  000004f8    000004f8    00000004   00000004    r-- .const:ti_sysbios_knl_Task_defaultStackSize__C
  000004fc    000004fc    00000004   00000004    r-- .const:ti_sysbios_knl_Task_numConstructedTasks__C
  00000500    00000500    00000002   00000002    r-x .text.3
  00000502    00000502    00000002   00000002    r-- .const:ti_sysbios_family_arm_cc26xx_Timer_Module__id__C
  00000504    00000504    00000002   00000002    r-- .const:ti_sysbios_family_arm_cc26xx_TimestampProvider_useClockTimer__C
  00000506    00000506    00000002   00000002    r-- .const:ti_sysbios_family_arm_m3_Hwi_Module__id__C
  00000508    00000508    00000002   00000002    r-- .const:ti_sysbios_gates_GateHwi_Module__id__C
  0000050a    0000050a    00000002   00000002    r-- .const:ti_sysbios_gates_GateMutex_Module__id__C
  0000050c    0000050c    00000002   00000002    r-- .const:ti_sysbios_heaps_HeapMem_Module__id__C
  0000050e    0000050e    00000002   00000002    r-- .const:ti_sysbios_knl_Task_initStackFlag__C
  00000510    00000510    00000001   00000001    r-- .const:ti_sysbios_knl_Clock_tickMode__C
  00000514    00000514    00000008   00000008    r-- .const:xdc_runtime_Startup_firstFxns__C
  0000051c    0000051c    00000008   00000008    r-- .const:xdc_runtime_Startup_lastFxns__C
  00000524    00000524    00000004   00000004    r-- .const:xdc_runtime_Assert_E_assertFailed__C
  00000528    00000528    00000004   00000004    r-- .const:xdc_runtime_Error_E_memory__C
  0000052c    0000052c    00000004   00000004    r-- .const:xdc_runtime_Error_policyFxn__C
  00000530    00000530    00000004   00000004    r-- .const:xdc_runtime_IGateProvider_Interface__BASE__C
  00000534    00000534    00000004   00000004    r-- .const:xdc_runtime_IHeap_Interface__BASE__C
  00000538    00000538    00000004   00000004    r-- .const:xdc_runtime_IModule_Interface__BASE__C
  0000053c    0000053c    00000004   00000004    r-- .const:xdc_runtime_Main_Module__diagsEnabled__C
  00000540    00000540    00000004   00000004    r-- .const:xdc_runtime_Main_Module__diagsIncluded__C
  00000544    00000544    00000004   00000004    r-- .const:xdc_runtime_Main_Module__diagsMask__C
  00000548    00000548    00000004   00000004    r-- .const:xdc_runtime_Memory_defaultHeapInstance__C
  0000054c    0000054c    00000004   00000004    r-- .const:xdc_runtime_Startup_execImpl__C
  00000550    00000550    00000004   00000004    r-- .const:xdc_runtime_Startup_maxPasses__C
  00000554    00000554    00000004   00000004    r-- .const:xdc_runtime_Startup_sfxnRts__C
  00000558    00000558    00000004   00000004    r-- .const:xdc_runtime_Startup_sfxnTab__C
  0000055c    0000055c    00000004   00000004    r-- .const:xdc_runtime_Startup_startModsFxn__C
  00000560    00000560    00000004   00000004    r-- .const:xdc_runtime_SysCallback_abortFxn__C
  00000564    00000564    00000004   00000004    r-- .const:xdc_runtime_SysCallback_exitFxn__C
  00000568    00000568    00000004   00000004    r-- .const:xdc_runtime_System_abortFxn__C
  0000056c    0000056c    00000004   00000004    r-- .const:xdc_runtime_System_exitFxn__C
  00000570    00000570    00000004   00000004    r-- .const:xdc_runtime_System_maxAtexitHandlers__C
  00000574    00000574    00000004   00000004    r-- .const:xdc_runtime_Text_charTab__C
  00000578    00000578    00000004   00000004    r-- .const:xdc_runtime_Text_nameEmpty__C
  0000057c    0000057c    00000004   00000004    r-- .const:xdc_runtime_Text_nameStatic__C
  00000580    00000580    00000004   00000004    r-- .const:xdc_runtime_Text_nameUnknown__C
  00000584    00000584    00000002   00000002    r-- .const:xdc_runtime_Main_Module__id__C
  00000586    00000586    00000002   00000002    r-- .const:xdc_runtime_Memory_Module__id__C
  00000588    00000588    00000002   00000002    r-- .const:xdc_runtime_Text_charCnt__C
  0000058a    0000058a    00000002   00000002    r-- .const:xdc_runtime_Text_isLoaded__C
  0000058c    0000058c    00000001   00000001    r-- .const:xdc_runtime_Error_policy__C
  00000590    00000590    00000004   00000004    r-- .const:ti_sysbios_rom_ROM_AONRTCChannelEnable
  00000594    00000594    00000004   00000004    r-- .const:ti_sysbios_rom_ROM_AONRTCCompareValueSet
  00000598    00000598    00000004   00000004    r-- .const:ti_sysbios_rom_ROM_AONRTCCurrentCompareValueGet
  0000059c    0000059c    00000004   00000004    r-- .const:ti_sysbios_rom_ROM_AONRTCEventClear
  000005a0    000005a0    00000004   00000004    r-- .const:ti_sysbios_rom_ROM_ti_sysbios_family_arm_cc26xx_Timer_getCount64__E
  000005a4    000005a4    00000004   00000004    r-- .const:ti_sysbios_rom_ROM_ti_sysbios_family_arm_cc26xx_Timer_getCurrentTick__E
  000005a8    000005a8    00000004   00000004    r-- .const:ti_sysbios_rom_ROM_ti_sysbios_family_arm_cc26xx_Timer_getMaxTicks__E
  000005ac    000005ac    00000004   00000004    r-- .const:ti_sysbios_rom_ROM_ti_sysbios_family_arm_cc26xx_Timer_initDevice__I
  000005b0    000005b0    00000004   00000004    r-- .const:ti_sysbios_rom_ROM_ti_sysbios_family_arm_cc26xx_Timer_setNextTick__E
  000005b4    000005b4    00000004   00000004    r-- .const:ti_sysbios_rom_ROM_ti_sysbios_family_arm_cc26xx_Timer_setThreshold__I
  000005b8    000005b8    00000004   00000004    r-- .const:ti_sysbios_rom_ROM_ti_sysbios_family_arm_cc26xx_Timer_start__E
  000005bc    000005bc    00000004   00000004    r-- .const:ti_sysbios_rom_ROM_ti_sysbios_family_arm_cc26xx_TimestampProvider_get32__E
  000005c0    000005c0    00000004   00000004    r-- .const:ti_sysbios_rom_ROM_xdc_runtime_Startup_getState__I
  000005c4    000005c4    00000004   00000004    r-- .const:ti_sysbios_rom_ROM_xdc_runtime_System_SupportProxy_abort__E
  000005c8    000005c8    00000004   00000004    r-- .const:ti_sysbios_rom_ROM_xdc_runtime_System_SupportProxy_exit__E
  000005cc    000005cc    00000004   00000004    r-- .const:ti_sysbios_gates_GateMutex_Instance_State_sem__O
  000005d0    000005d0    00000004   00000004    r-- .const:ti_sysbios_knl_Clock_Module_State_clockQ__O
  000005d4    000005d4    00000004   00000004    r-- .const:ti_sysbios_knl_Mailbox_Instance_State_dataQue__O
  000005d8    000005d8    00000004   00000004    r-- .const:ti_sysbios_knl_Mailbox_Instance_State_dataSem__O
  000005dc    000005dc    00000004   00000004    r-- .const:ti_sysbios_knl_Mailbox_Instance_State_freeQue__O
  000005e0    000005e0    00000004   00000004    r-- .const:ti_sysbios_knl_Mailbox_Instance_State_freeSem__O
  000005e4    000005e4    00000004   00000004    r-- .const:ti_sysbios_knl_Semaphore_Instance_State_pendQ__O
  000005e8    000005e8    00000004   00000004    r-- .const:ti_sysbios_knl_Task_Module_State_inactiveQ__O
  000005ec    000005ec    0000670c   0000670c    r-x .text.4
  00006cf8    00006cf8    0000054c   0000054c    r-- .const
  00007248    00007248    00000860   00000860    r-- .cinit
0001ffa8    0001ffa8    00000058   00000058    r--
  0001ffa8    0001ffa8    00000058   00000058    r-- .ccfg
20000000    20000000    000000c8   00000000    rw-
  20000000    20000000    000000c8   00000000    rw- .vecs
20000100    20000100    00000104   00000000    rw-
  20000100    20000100    00000044   00000000    rw- .data:ti_sysbios_knl_Task_Module__state__V
  20000144    20000144    00000034   00000000    rw- .data:ti_sysbios_family_arm_m3_Hwi_Module__state__V
  20000178    20000178    0000002c   00000000    rw- .data:ti_sysbios_knl_Clock_Module__state__V
  200001a4    200001a4    00000024   00000000    rw- .data:ti_sysbios_BIOS_Module__state__V
  200001c8    200001c8    0000001c   00000000    rw- .data:ti_sysbios_knl_Swi_Module__state__V
  200001e4    200001e4    00000008   00000000    rw- .data:ti_sysbios_family_arm_cc26xx_Timer_Module__state__V
  200001ec    200001ec    00000004   00000000    rw- .data:ti_sysbios_family_arm_cc26xx_TimestampProvider_Module__state__V
  200001f0    200001f0    00000008   00000000    rw- .data:xdc_runtime_Startup_Module__state__V
  200001f8    200001f8    00000008   00000000    rw- .data:xdc_runtime_System_Module__state__V
  20000200    20000200    00000004   00000000    rw- .data:xdc_runtime_Memory_Module__state__V
20000430    20000430    00000010   00000000    rw-
  20000430    20000430    00000010   00000000    rw- .TI.bound:dmaRxControlTableEntry0$16
20000440    20000440    00000010   00000000    rw-
  20000440    20000440    00000010   00000000    rw- .TI.bound:dmaTxControlTableEntry0$16
20000500    20000500    00000010   00000000    rw-
  20000500    20000500    00000010   00000000    rw- .TI.bound:dmaRxControlTableEntry1$16
20000510    20000510    00002968   00000000    rw-
  20000510    20000510    00000010   00000000    rw- .TI.bound:dmaTxControlTableEntry1$16
  20000520    20000520    00001662   00000000    rw- .bss
  20001b88    20001b88    000012f0   00000000    rw- .data
20003fe8    20003fe8    00000400   00000000    rw-
  20003fe8    20003fe8    00000400   00000000    rw- .stack


SECTION ALLOCATION MAP

 output                                  attributes/
section   page    origin      length       input sections
--------  ----  ----------  ----------   ----------------
.resetVecs 
*          0    00000000    0000003c     
                  00000000    0000003c     appBLE_pem3.oem3 (.resetVecs)

.text.1    0    0000003c    000000c4     
                  0000003c    000000c4     SPICC26XXDMA.obj (.text:SPICC26XXDMA_configDMA$16)

.const:ti_sysbios_knl_Task_Object__PARAMS__C 
*          0    00000100    0000003c     
                  00000100    0000003c     appBLE_pem3.oem3 (.const:ti_sysbios_knl_Task_Object__PARAMS__C)

.const:ti_sysbios_knl_Mailbox_Object__PARAMS__C 
*          0    0000013c    00000034     
                  0000013c    00000034     appBLE_pem3.oem3 (.const:ti_sysbios_knl_Mailbox_Object__PARAMS__C)

.const:ti_sysbios_family_arm_m3_Hwi_Object__PARAMS__C 
*          0    00000170    00000030     
                  00000170    00000030     appBLE_pem3.oem3 (.const:ti_sysbios_family_arm_m3_Hwi_Object__PARAMS__C)

.const:ti_sysbios_hal_Hwi_Object__PARAMS__C 
*          0    000001a0    0000002c     
                  000001a0    0000002c     appBLE_pem3.oem3 (.const:ti_sysbios_hal_Hwi_Object__PARAMS__C)

.const:ti_sysbios_heaps_HeapMem_Module__FXNS__C 
*          0    000001cc    00000028     
                  000001cc    00000028     appBLE_pem3.oem3 (.const:ti_sysbios_heaps_HeapMem_Module__FXNS__C)

.const:ti_sysbios_knl_Swi_Object__PARAMS__C 
*          0    000001f4    00000028     
                  000001f4    00000028     appBLE_pem3.oem3 (.const:ti_sysbios_knl_Swi_Object__PARAMS__C)

.const:ti_sysbios_gates_GateHwi_Module__FXNS__C 
*          0    0000021c    00000024     
                  0000021c    00000024     appBLE_pem3.oem3 (.const:ti_sysbios_gates_GateHwi_Module__FXNS__C)

.const:ti_sysbios_gates_GateMutex_Module__FXNS__C 
*          0    00000240    00000024     
                  00000240    00000024     appBLE_pem3.oem3 (.const:ti_sysbios_gates_GateMutex_Module__FXNS__C)

.const:ti_sysbios_heaps_HeapMem_Object__PARAMS__C 
*          0    00000264    00000024     
                  00000264    00000024     appBLE_pem3.oem3 (.const:ti_sysbios_heaps_HeapMem_Object__PARAMS__C)

.const:ti_sysbios_knl_Clock_Object__PARAMS__C 
*          0    00000288    00000024     
                  00000288    00000024     appBLE_pem3.oem3 (.const:ti_sysbios_knl_Clock_Object__PARAMS__C)

.const:ti_sysbios_knl_Semaphore_Object__PARAMS__C 
*          0    000002ac    00000024     
                  000002ac    00000024     appBLE_pem3.oem3 (.const:ti_sysbios_knl_Semaphore_Object__PARAMS__C)

.const:ti_sysbios_family_arm_m3_Hwi_Object__DESC__C 
*          0    000002d0    00000020     
                  000002d0    00000020     appBLE_pem3.oem3 (.const:ti_sysbios_family_arm_m3_Hwi_Object__DESC__C)

.const:ti_sysbios_gates_GateHwi_Object__DESC__C 
*          0    000002f0    00000020     
                  000002f0    00000020     appBLE_pem3.oem3 (.const:ti_sysbios_gates_GateHwi_Object__DESC__C)

.const:ti_sysbios_gates_GateMutex_Object__DESC__C 
*          0    00000310    00000020     
                  00000310    00000020     appBLE_pem3.oem3 (.const:ti_sysbios_gates_GateMutex_Object__DESC__C)

.const:ti_sysbios_hal_Hwi_Object__DESC__C 
*          0    00000330    00000020     
                  00000330    00000020     appBLE_pem3.oem3 (.const:ti_sysbios_hal_Hwi_Object__DESC__C)

.const:ti_sysbios_heaps_HeapMem_Object__DESC__C 
*          0    00000350    00000020     
                  00000350    00000020     appBLE_pem3.oem3 (.const:ti_sysbios_heaps_HeapMem_Object__DESC__C)

.const:ti_sysbios_knl_Clock_Object__DESC__C 
*          0    00000370    00000020     
                  00000370    00000020     appBLE_pem3.oem3 (.const:ti_sysbios_knl_Clock_Object__DESC__C)

.const:ti_sysbios_knl_Mailbox_Object__DESC__C 
*          0    00000390    00000020     
                  00000390    00000020     appBLE_pem3.oem3 (.const:ti_sysbios_knl_Mailbox_Object__DESC__C)

.const:ti_sysbios_knl_Queue_Object__DESC__C 
*          0    000003b0    00000020     
                  000003b0    00000020     appBLE_pem3.oem3 (.const:ti_sysbios_knl_Queue_Object__DESC__C)

.const:ti_sysbios_knl_Semaphore_Object__DESC__C 
*          0    000003d0    00000020     
                  000003d0    00000020     appBLE_pem3.oem3 (.const:ti_sysbios_knl_Semaphore_Object__DESC__C)

.const:ti_sysbios_knl_Swi_Object__DESC__C 
*          0    000003f0    00000020     
                  000003f0    00000020     appBLE_pem3.oem3 (.const:ti_sysbios_knl_Swi_Object__DESC__C)

.const:ti_sysbios_knl_Task_Object__DESC__C 
*          0    00000410    00000020     
                  00000410    00000020     appBLE_pem3.oem3 (.const:ti_sysbios_knl_Task_Object__DESC__C)

.const:ti_sysbios_gates_GateHwi_Object__PARAMS__C 
*          0    00000430    00000018     
                  00000430    00000018     appBLE_pem3.oem3 (.const:ti_sysbios_gates_GateHwi_Object__PARAMS__C)

.const:ti_sysbios_gates_GateMutex_Object__PARAMS__C 
*          0    00000448    00000018     
                  00000448    00000018     appBLE_pem3.oem3 (.const:ti_sysbios_gates_GateMutex_Object__PARAMS__C)

.const:ti_sysbios_knl_Queue_Object__PARAMS__C 
*          0    00000460    00000018     
                  00000460    00000018     appBLE_pem3.oem3 (.const:ti_sysbios_knl_Queue_Object__PARAMS__C)

.const:ti_sysbios_knl_Idle_funcList__C 
*          0    00000478    00000008     
                  00000478    00000008     appBLE_pem3.oem3 (.const:ti_sysbios_knl_Idle_funcList__C)

.text.2    0    00000480    00000004     
                  00000480    00000004     ICallBleAPI.obj (.text:GATTServApp_AddService)

.const:ti_sysbios_family_arm_cc26xx_Timer_startupNeeded__C 
*          0    00000484    00000004     
                  00000484    00000004     appBLE_pem3.oem3 (.const:ti_sysbios_family_arm_cc26xx_Timer_startupNeeded__C)

.const:ti_sysbios_family_arm_m3_Hwi_E_alreadyDefined__C 
*          0    00000488    00000004     
                  00000488    00000004     appBLE_pem3.oem3 (.const:ti_sysbios_family_arm_m3_Hwi_E_alreadyDefined__C)

.const:ti_sysbios_family_arm_m3_Hwi_E_hwiLimitExceeded__C 
*          0    0000048c    00000004     
                  0000048c    00000004     appBLE_pem3.oem3 (.const:ti_sysbios_family_arm_m3_Hwi_E_hwiLimitExceeded__C)

.const:ti_sysbios_family_arm_m3_Hwi_NUM_INTERRUPTS__C 
*          0    00000490    00000004     
                  00000490    00000004     appBLE_pem3.oem3 (.const:ti_sysbios_family_arm_m3_Hwi_NUM_INTERRUPTS__C)

.const:ti_sysbios_family_arm_m3_Hwi_Object__count__C 
*          0    00000494    00000004     
                  00000494    00000004     appBLE_pem3.oem3 (.const:ti_sysbios_family_arm_m3_Hwi_Object__count__C)

.const:ti_sysbios_family_arm_m3_Hwi_Object__table__C 
*          0    00000498    00000004     
                  00000498    00000004     appBLE_pem3.oem3 (.const:ti_sysbios_family_arm_m3_Hwi_Object__table__C)

.const:ti_sysbios_family_arm_m3_Hwi_ccr__C 
*          0    0000049c    00000004     
                  0000049c    00000004     appBLE_pem3.oem3 (.const:ti_sysbios_family_arm_m3_Hwi_ccr__C)

.const:ti_sysbios_family_arm_m3_Hwi_excHandlerFunc__C 
*          0    000004a0    00000004     
                  000004a0    00000004     appBLE_pem3.oem3 (.const:ti_sysbios_family_arm_m3_Hwi_excHandlerFunc__C)

.const:ti_sysbios_family_arm_m3_Hwi_nullIsrFunc__C 
*          0    000004a4    00000004     
                  000004a4    00000004     appBLE_pem3.oem3 (.const:ti_sysbios_family_arm_m3_Hwi_nullIsrFunc__C)

.const:ti_sysbios_family_arm_m3_Hwi_numSparseInterrupts__C 
*          0    000004a8    00000004     
                  000004a8    00000004     appBLE_pem3.oem3 (.const:ti_sysbios_family_arm_m3_Hwi_numSparseInterrupts__C)

.const:ti_sysbios_family_arm_m3_Hwi_priGroup__C 
*          0    000004ac    00000004     
                  000004ac    00000004     appBLE_pem3.oem3 (.const:ti_sysbios_family_arm_m3_Hwi_priGroup__C)

.const:ti_sysbios_family_arm_m3_TaskSupport_stackAlignment__C 
*          0    000004b0    00000004     
                  000004b0    00000004     appBLE_pem3.oem3 (.const:ti_sysbios_family_arm_m3_TaskSupport_stackAlignment__C)

.const:ti_sysbios_heaps_HeapMem_E_memory__C 
*          0    000004b4    00000004     
                  000004b4    00000004     appBLE_pem3.oem3 (.const:ti_sysbios_heaps_HeapMem_E_memory__C)

.const:ti_sysbios_heaps_HeapMem_Module__gateObj__C 
*          0    000004b8    00000004     
                  000004b8    00000004     appBLE_pem3.oem3 (.const:ti_sysbios_heaps_HeapMem_Module__gateObj__C)

.const:ti_sysbios_heaps_HeapMem_Object__count__C 
*          0    000004bc    00000004     
                  000004bc    00000004     appBLE_pem3.oem3 (.const:ti_sysbios_heaps_HeapMem_Object__count__C)

.const:ti_sysbios_heaps_HeapMem_Object__table__C 
*          0    000004c0    00000004     
                  000004c0    00000004     appBLE_pem3.oem3 (.const:ti_sysbios_heaps_HeapMem_Object__table__C)

.const:ti_sysbios_heaps_HeapMem_reqAlign__C 
*          0    000004c4    00000004     
                  000004c4    00000004     appBLE_pem3.oem3 (.const:ti_sysbios_heaps_HeapMem_reqAlign__C)

.const:ti_sysbios_knl_Clock_serviceMargin__C 
*          0    000004c8    00000004     
                  000004c8    00000004     appBLE_pem3.oem3 (.const:ti_sysbios_knl_Clock_serviceMargin__C)

.const:ti_sysbios_knl_Mailbox_Object__count__C 
*          0    000004cc    00000004     
                  000004cc    00000004     appBLE_pem3.oem3 (.const:ti_sysbios_knl_Mailbox_Object__count__C)

.const:ti_sysbios_knl_Mailbox_Object__table__C 
*          0    000004d0    00000004     
                  000004d0    00000004     appBLE_pem3.oem3 (.const:ti_sysbios_knl_Mailbox_Object__table__C)

.const:ti_sysbios_knl_Queue_Object__count__C 
*          0    000004d4    00000004     
                  000004d4    00000004     appBLE_pem3.oem3 (.const:ti_sysbios_knl_Queue_Object__count__C)

.const:ti_sysbios_knl_Queue_Object__table__C 
*          0    000004d8    00000004     
                  000004d8    00000004     appBLE_pem3.oem3 (.const:ti_sysbios_knl_Queue_Object__table__C)

.const:ti_sysbios_knl_Swi_Object__count__C 
*          0    000004dc    00000004     
                  000004dc    00000004     appBLE_pem3.oem3 (.const:ti_sysbios_knl_Swi_Object__count__C)

.const:ti_sysbios_knl_Swi_Object__table__C 
*          0    000004e0    00000004     
                  000004e0    00000004     appBLE_pem3.oem3 (.const:ti_sysbios_knl_Swi_Object__table__C)

.const:ti_sysbios_knl_Swi_numPriorities__C 
*          0    000004e4    00000004     
                  000004e4    00000004     appBLE_pem3.oem3 (.const:ti_sysbios_knl_Swi_numPriorities__C)

.const:ti_sysbios_knl_Task_Object__count__C 
*          0    000004e8    00000004     
                  000004e8    00000004     appBLE_pem3.oem3 (.const:ti_sysbios_knl_Task_Object__count__C)

.const:ti_sysbios_knl_Task_Object__table__C 
*          0    000004ec    00000004     
                  000004ec    00000004     appBLE_pem3.oem3 (.const:ti_sysbios_knl_Task_Object__table__C)

.const:ti_sysbios_knl_Task_allBlockedFunc__C 
*          0    000004f0    00000004     
                  000004f0    00000004     appBLE_pem3.oem3 (.const:ti_sysbios_knl_Task_allBlockedFunc__C)

.const:ti_sysbios_knl_Task_defaultStackHeap__C 
*          0    000004f4    00000004     
                  000004f4    00000004     appBLE_pem3.oem3 (.const:ti_sysbios_knl_Task_defaultStackHeap__C)

.const:ti_sysbios_knl_Task_defaultStackSize__C 
*          0    000004f8    00000004     
                  000004f8    00000004     appBLE_pem3.oem3 (.const:ti_sysbios_knl_Task_defaultStackSize__C)

.const:ti_sysbios_knl_Task_numConstructedTasks__C 
*          0    000004fc    00000004     
                  000004fc    00000004     appBLE_pem3.oem3 (.const:ti_sysbios_knl_Task_numConstructedTasks__C)

.text.3    0    00000500    00000002     
                  00000500    00000002     SPICC26XXDMA.obj (.text:SPICC26XXDMA_serviceISR$16)

.const:ti_sysbios_family_arm_cc26xx_Timer_Module__id__C 
*          0    00000502    00000002     
                  00000502    00000002     appBLE_pem3.oem3 (.const:ti_sysbios_family_arm_cc26xx_Timer_Module__id__C)

.const:ti_sysbios_family_arm_cc26xx_TimestampProvider_useClockTimer__C 
*          0    00000504    00000002     
                  00000504    00000002     appBLE_pem3.oem3 (.const:ti_sysbios_family_arm_cc26xx_TimestampProvider_useClockTimer__C)

.const:ti_sysbios_family_arm_m3_Hwi_Module__id__C 
*          0    00000506    00000002     
                  00000506    00000002     appBLE_pem3.oem3 (.const:ti_sysbios_family_arm_m3_Hwi_Module__id__C)

.const:ti_sysbios_gates_GateHwi_Module__id__C 
*          0    00000508    00000002     
                  00000508    00000002     appBLE_pem3.oem3 (.const:ti_sysbios_gates_GateHwi_Module__id__C)

.const:ti_sysbios_gates_GateMutex_Module__id__C 
*          0    0000050a    00000002     
                  0000050a    00000002     appBLE_pem3.oem3 (.const:ti_sysbios_gates_GateMutex_Module__id__C)

.const:ti_sysbios_heaps_HeapMem_Module__id__C 
*          0    0000050c    00000002     
                  0000050c    00000002     appBLE_pem3.oem3 (.const:ti_sysbios_heaps_HeapMem_Module__id__C)

.const:ti_sysbios_knl_Task_initStackFlag__C 
*          0    0000050e    00000002     
                  0000050e    00000002     appBLE_pem3.oem3 (.const:ti_sysbios_knl_Task_initStackFlag__C)

.const:ti_sysbios_knl_Clock_tickMode__C 
*          0    00000510    00000001     
                  00000510    00000001     appBLE_pem3.oem3 (.const:ti_sysbios_knl_Clock_tickMode__C)

.const:xdc_runtime_Startup_firstFxns__C 
*          0    00000514    00000008     
                  00000514    00000008     appBLE_pem3.oem3 (.const:xdc_runtime_Startup_firstFxns__C)

.const:xdc_runtime_Startup_lastFxns__C 
*          0    0000051c    00000008     
                  0000051c    00000008     appBLE_pem3.oem3 (.const:xdc_runtime_Startup_lastFxns__C)

.const:xdc_runtime_Assert_E_assertFailed__C 
*          0    00000524    00000004     
                  00000524    00000004     appBLE_pem3.oem3 (.const:xdc_runtime_Assert_E_assertFailed__C)

.const:xdc_runtime_Error_E_memory__C 
*          0    00000528    00000004     
                  00000528    00000004     appBLE_pem3.oem3 (.const:xdc_runtime_Error_E_memory__C)

.const:xdc_runtime_Error_policyFxn__C 
*          0    0000052c    00000004     
                  0000052c    00000004     appBLE_pem3.oem3 (.const:xdc_runtime_Error_policyFxn__C)

.const:xdc_runtime_IGateProvider_Interface__BASE__C 
*          0    00000530    00000004     
                  00000530    00000004     appBLE_pem3.oem3 (.const:xdc_runtime_IGateProvider_Interface__BASE__C)

.const:xdc_runtime_IHeap_Interface__BASE__C 
*          0    00000534    00000004     
                  00000534    00000004     appBLE_pem3.oem3 (.const:xdc_runtime_IHeap_Interface__BASE__C)

.const:xdc_runtime_IModule_Interface__BASE__C 
*          0    00000538    00000004     
                  00000538    00000004     appBLE_pem3.oem3 (.const:xdc_runtime_IModule_Interface__BASE__C)

.const:xdc_runtime_Main_Module__diagsEnabled__C 
*          0    0000053c    00000004     
                  0000053c    00000004     appBLE_pem3.oem3 (.const:xdc_runtime_Main_Module__diagsEnabled__C)

.const:xdc_runtime_Main_Module__diagsIncluded__C 
*          0    00000540    00000004     
                  00000540    00000004     appBLE_pem3.oem3 (.const:xdc_runtime_Main_Module__diagsIncluded__C)

.const:xdc_runtime_Main_Module__diagsMask__C 
*          0    00000544    00000004     
                  00000544    00000004     appBLE_pem3.oem3 (.const:xdc_runtime_Main_Module__diagsMask__C)

.const:xdc_runtime_Memory_defaultHeapInstance__C 
*          0    00000548    00000004     
                  00000548    00000004     appBLE_pem3.oem3 (.const:xdc_runtime_Memory_defaultHeapInstance__C)

.const:xdc_runtime_Startup_execImpl__C 
*          0    0000054c    00000004     
                  0000054c    00000004     appBLE_pem3.oem3 (.const:xdc_runtime_Startup_execImpl__C)

.const:xdc_runtime_Startup_maxPasses__C 
*          0    00000550    00000004     
                  00000550    00000004     appBLE_pem3.oem3 (.const:xdc_runtime_Startup_maxPasses__C)

.const:xdc_runtime_Startup_sfxnRts__C 
*          0    00000554    00000004     
                  00000554    00000004     appBLE_pem3.oem3 (.const:xdc_runtime_Startup_sfxnRts__C)

.const:xdc_runtime_Startup_sfxnTab__C 
*          0    00000558    00000004     
                  00000558    00000004     appBLE_pem3.oem3 (.const:xdc_runtime_Startup_sfxnTab__C)

.const:xdc_runtime_Startup_startModsFxn__C 
*          0    0000055c    00000004     
                  0000055c    00000004     appBLE_pem3.oem3 (.const:xdc_runtime_Startup_startModsFxn__C)

.const:xdc_runtime_SysCallback_abortFxn__C 
*          0    00000560    00000004     
                  00000560    00000004     appBLE_pem3.oem3 (.const:xdc_runtime_SysCallback_abortFxn__C)

.const:xdc_runtime_SysCallback_exitFxn__C 
*          0    00000564    00000004     
                  00000564    00000004     appBLE_pem3.oem3 (.const:xdc_runtime_SysCallback_exitFxn__C)

.const:xdc_runtime_System_abortFxn__C 
*          0    00000568    00000004     
                  00000568    00000004     appBLE_pem3.oem3 (.const:xdc_runtime_System_abortFxn__C)

.const:xdc_runtime_System_exitFxn__C 
*          0    0000056c    00000004     
                  0000056c    00000004     appBLE_pem3.oem3 (.const:xdc_runtime_System_exitFxn__C)

.const:xdc_runtime_System_maxAtexitHandlers__C 
*          0    00000570    00000004     
                  00000570    00000004     appBLE_pem3.oem3 (.const:xdc_runtime_System_maxAtexitHandlers__C)

.const:xdc_runtime_Text_charTab__C 
*          0    00000574    00000004     
                  00000574    00000004     appBLE_pem3.oem3 (.const:xdc_runtime_Text_charTab__C)

.const:xdc_runtime_Text_nameEmpty__C 
*          0    00000578    00000004     
                  00000578    00000004     appBLE_pem3.oem3 (.const:xdc_runtime_Text_nameEmpty__C)

.const:xdc_runtime_Text_nameStatic__C 
*          0    0000057c    00000004     
                  0000057c    00000004     appBLE_pem3.oem3 (.const:xdc_runtime_Text_nameStatic__C)

.const:xdc_runtime_Text_nameUnknown__C 
*          0    00000580    00000004     
                  00000580    00000004     appBLE_pem3.oem3 (.const:xdc_runtime_Text_nameUnknown__C)

.const:xdc_runtime_Main_Module__id__C 
*          0    00000584    00000002     
                  00000584    00000002     appBLE_pem3.oem3 (.const:xdc_runtime_Main_Module__id__C)

.const:xdc_runtime_Memory_Module__id__C 
*          0    00000586    00000002     
                  00000586    00000002     appBLE_pem3.oem3 (.const:xdc_runtime_Memory_Module__id__C)

.const:xdc_runtime_Text_charCnt__C 
*          0    00000588    00000002     
                  00000588    00000002     appBLE_pem3.oem3 (.const:xdc_runtime_Text_charCnt__C)

.const:xdc_runtime_Text_isLoaded__C 
*          0    0000058a    00000002     
                  0000058a    00000002     appBLE_pem3.oem3 (.const:xdc_runtime_Text_isLoaded__C)

.const:xdc_runtime_Error_policy__C 
*          0    0000058c    00000001     
                  0000058c    00000001     appBLE_pem3.oem3 (.const:xdc_runtime_Error_policy__C)

.const:ti_sysbios_rom_ROM_AONRTCChannelEnable 
*          0    00000590    00000004     
                  00000590    00000004     appBLE_pem3.oem3 (.const:ti_sysbios_rom_ROM_AONRTCChannelEnable)

.const:ti_sysbios_rom_ROM_AONRTCCompareValueSet 
*          0    00000594    00000004     
                  00000594    00000004     appBLE_pem3.oem3 (.const:ti_sysbios_rom_ROM_AONRTCCompareValueSet)

.const:ti_sysbios_rom_ROM_AONRTCCurrentCompareValueGet 
*          0    00000598    00000004     
                  00000598    00000004     appBLE_pem3.oem3 (.const:ti_sysbios_rom_ROM_AONRTCCurrentCompareValueGet)

.const:ti_sysbios_rom_ROM_AONRTCEventClear 
*          0    0000059c    00000004     
                  0000059c    00000004     appBLE_pem3.oem3 (.const:ti_sysbios_rom_ROM_AONRTCEventClear)

.const:ti_sysbios_rom_ROM_ti_sysbios_family_arm_cc26xx_Timer_getCount64__E 
*          0    000005a0    00000004     
                  000005a0    00000004     appBLE_pem3.oem3 (.const:ti_sysbios_rom_ROM_ti_sysbios_family_arm_cc26xx_Timer_getCount64__E)

.const:ti_sysbios_rom_ROM_ti_sysbios_family_arm_cc26xx_Timer_getCurrentTick__E 
*          0    000005a4    00000004     
                  000005a4    00000004     appBLE_pem3.oem3 (.const:ti_sysbios_rom_ROM_ti_sysbios_family_arm_cc26xx_Timer_getCurrentTick__E)

.const:ti_sysbios_rom_ROM_ti_sysbios_family_arm_cc26xx_Timer_getMaxTicks__E 
*          0    000005a8    00000004     
                  000005a8    00000004     appBLE_pem3.oem3 (.const:ti_sysbios_rom_ROM_ti_sysbios_family_arm_cc26xx_Timer_getMaxTicks__E)

.const:ti_sysbios_rom_ROM_ti_sysbios_family_arm_cc26xx_Timer_initDevice__I 
*          0    000005ac    00000004     
                  000005ac    00000004     appBLE_pem3.oem3 (.const:ti_sysbios_rom_ROM_ti_sysbios_family_arm_cc26xx_Timer_initDevice__I)

.const:ti_sysbios_rom_ROM_ti_sysbios_family_arm_cc26xx_Timer_setNextTick__E 
*          0    000005b0    00000004     
                  000005b0    00000004     appBLE_pem3.oem3 (.const:ti_sysbios_rom_ROM_ti_sysbios_family_arm_cc26xx_Timer_setNextTick__E)

.const:ti_sysbios_rom_ROM_ti_sysbios_family_arm_cc26xx_Timer_setThreshold__I 
*          0    000005b4    00000004     
                  000005b4    00000004     appBLE_pem3.oem3 (.const:ti_sysbios_rom_ROM_ti_sysbios_family_arm_cc26xx_Timer_setThreshold__I)

.const:ti_sysbios_rom_ROM_ti_sysbios_family_arm_cc26xx_Timer_start__E 
*          0    000005b8    00000004     
                  000005b8    00000004     appBLE_pem3.oem3 (.const:ti_sysbios_rom_ROM_ti_sysbios_family_arm_cc26xx_Timer_start__E)

.const:ti_sysbios_rom_ROM_ti_sysbios_family_arm_cc26xx_TimestampProvider_get32__E 
*          0    000005bc    00000004     
                  000005bc    00000004     appBLE_pem3.oem3 (.const:ti_sysbios_rom_ROM_ti_sysbios_family_arm_cc26xx_TimestampProvider_get32__E)

.const:ti_sysbios_rom_ROM_xdc_runtime_Startup_getState__I 
*          0    000005c0    00000004     
                  000005c0    00000004     appBLE_pem3.oem3 (.const:ti_sysbios_rom_ROM_xdc_runtime_Startup_getState__I)

.const:ti_sysbios_rom_ROM_xdc_runtime_System_SupportProxy_abort__E 
*          0    000005c4    00000004     
                  000005c4    00000004     appBLE_pem3.oem3 (.const:ti_sysbios_rom_ROM_xdc_runtime_System_SupportProxy_abort__E)

.const:ti_sysbios_rom_ROM_xdc_runtime_System_SupportProxy_exit__E 
*          0    000005c8    00000004     
                  000005c8    00000004     appBLE_pem3.oem3 (.const:ti_sysbios_rom_ROM_xdc_runtime_System_SupportProxy_exit__E)

.const:ti_sysbios_gates_GateMutex_Instance_State_sem__O 
*          0    000005cc    00000004     
                  000005cc    00000004     appBLE_pem3.oem3 (.const:ti_sysbios_gates_GateMutex_Instance_State_sem__O)

.const:ti_sysbios_knl_Clock_Module_State_clockQ__O 
*          0    000005d0    00000004     
                  000005d0    00000004     appBLE_pem3.oem3 (.const:ti_sysbios_knl_Clock_Module_State_clockQ__O)

.const:ti_sysbios_knl_Mailbox_Instance_State_dataQue__O 
*          0    000005d4    00000004     
                  000005d4    00000004     appBLE_pem3.oem3 (.const:ti_sysbios_knl_Mailbox_Instance_State_dataQue__O)

.const:ti_sysbios_knl_Mailbox_Instance_State_dataSem__O 
*          0    000005d8    00000004     
                  000005d8    00000004     appBLE_pem3.oem3 (.const:ti_sysbios_knl_Mailbox_Instance_State_dataSem__O)

.const:ti_sysbios_knl_Mailbox_Instance_State_freeQue__O 
*          0    000005dc    00000004     
                  000005dc    00000004     appBLE_pem3.oem3 (.const:ti_sysbios_knl_Mailbox_Instance_State_freeQue__O)

.const:ti_sysbios_knl_Mailbox_Instance_State_freeSem__O 
*          0    000005e0    00000004     
                  000005e0    00000004     appBLE_pem3.oem3 (.const:ti_sysbios_knl_Mailbox_Instance_State_freeSem__O)

.const:ti_sysbios_knl_Semaphore_Instance_State_pendQ__O 
*          0    000005e4    00000004     
                  000005e4    00000004     appBLE_pem3.oem3 (.const:ti_sysbios_knl_Semaphore_Instance_State_pendQ__O)

.const:ti_sysbios_knl_Task_Module_State_inactiveQ__O 
*          0    000005e8    00000004     
                  000005e8    00000004     appBLE_pem3.oem3 (.const:ti_sysbios_knl_Task_Module_State_inactiveQ__O)

.text.4    0    000005ec    0000670c     
                  000005ec    00000376     driverlib.lib : setup.obj (.text:HapiTrimDeviceShutDown$39)
                  00000962    00000002     appBLE_pem3.oem3 (.text:ti_sysbios_BIOS_nullFunc__I)
                  00000964    0000034c     sysbios.aem3 : mangled__BIOS_lib.obj (.text:ti_sysbios_family_arm_cc26xx_Power_auxISR__E)
                  00000cb0    000002f8                  : mangled__BIOS_lib.obj (.text:ti_sysbios_family_arm_cc26xx_Power_sleep__E)
                  00000fa8    00000228     peripheral.obj (.text:gapRole_processGAPMsg$6)
                  000011d0    00000224     peripheral.obj (.text:GAPRole_SetParameter)
                  000013f4    000001f8     simpleBLEPeripheral.obj (.text:SimpleBLEPeripheral_init$21)
                  000015ec    000001f4     rtsv7M3_T_le_eabi.lib : ull_div_t2.obj (.text)
                  000017e0    000001c6     driverlib.lib : sys_ctrl.obj (.text:SysCtrlSetRechargeBeforePowerDown)
                  000019a6    00000002     sysbios.aem3 : mangled__BIOS_lib.obj (.text:ti_sysbios_family_arm_cc26xx_Power_defaultClockFunc__E)
                  000019a8    00000188     PINCC26XX.obj (.text:PIN_init)
                  00001b30    0000014c     simpleBLEPeripheral.obj (.text:SimpleBLEPeripheral_processStateChangeEvt$21)
                  00001c7c    00000148     SPICC26XXDMA.obj (.text:SPICC26XXDMA_initIO$16)
                  00001dc4    00000124     peripheral.obj (.text:GAPRole_GetParameter)
                  00001ee8    00000124     SPICC26XXDMA.obj (.text:SPICC26XXDMA_open)
                  0000200c    00000104     sysbios.aem3 : mangled__BIOS_lib.obj (.text:calibrateRcoscHf1$28)
                  00002110    00000100     SPICC26XXDMA.obj (.text:SPICC26XXDMA_transferCancel)
                  00002210    000000f8     SPICC26XXDMA.obj (.text:SPICC26XXDMA_hwiFxn$16)
                  00002308    000000f8     sysbios.aem3 : mangled__BIOS_lib.obj (.text:ti_sysbios_family_arm_cc26xx_Power_startFirstMeasurement__E)
                  00002400    000000f6     driverlib.lib : setup.obj (.text:GetTrimForAnabypassValue1$39)
                  000024f6    00000002     sysbios.aem3 : mangled__BIOS_lib.obj (.text:ti_sysbios_family_arm_cc26xx_Power_defaultNotifyTrapFunc__E)
                  000024f8    000000f4     peripheral.obj (.text:gapRole_taskFxn$6)
                  000025ec    000000f0     sysbios.aem3 : mangled__BIOS_lib.obj (.text:ti_sysbios_family_arm_cc26xx_Power_standbyPolicy__E)
                  000026dc    000000ec     ICall.obj (.text:ICall_primWaitMatch$10)
                  000027c8    000000d8     sysbios.aem3 : mangled__BIOS_lib.obj (.text:ti_sysbios_family_arm_cc26xx_Power_setDependency__E)
                  000028a0    000000d0                  : mangled__BIOS_lib.obj (.text:ti_sysbios_family_arm_cc26xx_Power_releaseDependency__E)
                  00002970    000000c4     LCDDogm1286.obj (.text:LCD_open)
                  00002a34    000000c4     SPICC26XXDMA.obj (.text:SPICC26XXDMA_transfer)
                  00002af8    000000b4     PINCC26XX.obj (.text:PINCC26XX_setIoCfg$17)
                  00002bac    000000b4     driverlib.lib : setup.obj (.text:trimDevice)
                  00002c60    000000b0     LCDDogm1286.obj (.text:LCD_writeLine)
                  00002d10    000000b0     devinfoservice.obj (.text:devInfo_ReadAttrCB$3)
                  00002dc0    000000b0     sysbios.aem3 : mangled__BIOS_lib.obj (.text:ti_sysbios_knl_Clock_workFuncDynamic__E)
                  00002e70    000000a4                  : mangled__BIOS_lib.obj (.text:ti_sysbios_family_arm_cc26xx_Power_initiateCalibration__E)
                  00002f14    000000a0     auto_init.aem3 : auto_init.oem3 (.text)
                  00002fb4    000000a0     peripheral.obj (.text:gapRole_init$6)
                  00003054    0000009c     LCDDogm1286.obj (.text:LCD_doBufferPrintString$18)
                  000030f0    0000009c     rtsv7M3_T_le_eabi.lib : memcpy_t2.obj (.text)
                  0000318c    00000098     simpleBLEPeripheral.obj (.text:SimpleBLEPeripheral_taskFxn$21)
                  00003224    00000094     driverlib.lib : osc.obj (.text:OSCHF_GetStartupTime)
                  000032b8    00000094     simpleGATTprofile.obj (.text:simpleProfile_WriteAttrCB$7)
                  0000334c    00000090     PINCC26XX.obj (.text:PIN_open)
                  000033dc    0000008c     sysbios.aem3 : mangled__BIOS_lib.obj (.text:ti_sysbios_family_arm_cc26xx_Power_LF_clockFunc__E)
                  00003468    0000008c                  : mangled__BIOS_lib.obj (.text:ti_sysbios_family_arm_cc26xx_Power_Module_startup__E)
                  000034f4    00000088                  : mangled__BIOS_lib.obj (.text:ti_sysbios_family_arm_cc26xx_Timer_start__E)
                  0000357c    00000084     driverlib.lib : setup.obj (.text:GetTrimForAmpcompCtrl$39)
                  00003600    00000084     ICall.obj (.text:ICall_heapMalloc)
                  00003684    00000084     ICall.obj (.text:ICall_primSetTimer$10)
                  00003708    0000007c     ICall.obj (.text:ICall_createRemoteTasks)
                  00003784    0000007a     rtsv7M3_T_le_eabi.lib : memset_t2.obj (.text)
                  000037fe    00000002     appBLE_pem3.oem3 (.text:ti_sysbios_rom_cortexm_cc26xx_CC26xx_badRomRevision__E)
                  00003800    00000078     SPICC26XXDMA.obj (.text:SPICC26XXDMA_control)
                  00003878    00000074     ICall.obj (.text:ICall_primSend$10)
                  000038ec    00000072     driverlib.lib : chipinfo.obj (.text:ChipInfo_GetHwRevision)
                  0000395e    00000002     sysbios.aem3 : mangled__BIOS_lib.obj (.text:xdc_runtime_SysCallback_defaultAbort)
                  00003960    00000070     LCDDogm1286.obj (.text:LCD_initHw$18)
                  000039d0    00000070     simpleBLEPeripheral.obj (.text:SimpleBLEPeripheral_processGATTMsg$21)
                  00003a40    00000070     peripheral.obj (.text:gapRole_startConnUpdate$6)
                  00003ab0    0000006c     ICallCC2650.obj (.text:ICallPlatform_pwrUpdActivityCounter)
                  00003b1c    0000006c     driverlib.lib : sys_ctrl.obj (.text:SysCtrl_DCDC_VoltageConditionalControl)
                  00003b88    0000006a     rtsv7M3_T_le_eabi.lib : copy_decompress_rle.obj (.text)
                  00003bf2    00000066     LCDDogm1286.obj (.text:LCD_doUpdate$18)
                  00003c58    00000066     gattservapp_util.obj (.text:gattServApp_SendNotiInd$5)
                  00003cbe    00000066     simpleGATTprofile.obj (.text:simpleProfile_ReadAttrCB$7)
                  00003d24    00000064     gattservapp_util.obj (.text:GATTServApp_ProcessCharCfg)
                  00003d88    00000064     driverlib.lib : osc.obj (.text:OSCHF_AttemptToSwitchToXosc)
                  00003dec    00000064     PINCC26XX.obj (.text:PIN_add)
                  00003e50    00000062     driverlib.lib : sys_ctrl.obj (.text:SysCtrlAdjustRechargeAfterPowerDown)
                  00003eb2    00000002     sysbios.aem3 : mangled__BIOS_lib.obj (.text:xdc_runtime_SysCallback_defaultExit)
                  00003eb4    00000060     simpleBLEPeripheral.obj (.text:SimpleBLEPeripheral_freeAttRsp$21)
                  00003f14    00000060     appBLE_pem3.oem3 (.text:ti_sysbios_family_arm_cc26xx_Power_XOSC_HF_clockFunc__E)
                  00003f74    00000060     sysbios.aem3 : mangled__BIOS_lib.obj (.text:ti_sysbios_family_arm_cc26xx_Timer_setNextTick__E)
                  00003fd4    0000005c     simpleGATTprofile.obj (.text:SimpleProfile_SetParameter)
                  00004030    0000005c     appBLE_pem3.oem3 (.text:xdc_runtime_Startup_getState__I)
                  0000408c    0000005a     driverlib.lib : ddi.obj (.text:NOROM_DDI16BitfieldWrite)
                  000040e6    00000002     --HOLE-- [fill = 0]
                  000040e8    00000058     ICall.obj (.text:ICall_primEnroll$10)
                  00004140    00000058     SPICC26XXDMA.obj (.text:SPICC26XXDMA_initHw$16)
                  00004198    00000058     UDMACC26XX.obj (.text:UDMACC26XX_open)
                  000041f0    00000058     sysbios.aem3 : mangled__BIOS_lib.obj (.text:ti_sysbios_family_arm_cc26xx_Power_notify__I)
                  00004248    00000054     ICallCC2650.obj (.text:ICallPlatform_pwrRegisterNotify)
                  0000429c    00000054     ICall.obj (.text:ICall_primThreadServes$10)
                  000042f0    00000054     LCDDogm1286.obj (.text:LCD_sendCommand$18)
                  00004344    00000054     LCDDogm1286.obj (.text:LCD_sendData$18)
                  00004398    00000052     ICall.obj (.text:ICall_primWait$10)
                  000043ea    00000052     driverlib.lib : osc.obj (.text:NOROM_OSCClockSourceSet)
                  0000443c    00000050     ICallBleAPI.obj (.text:GAP_DeviceInit)
                  0000448c    00000050     ICallBleAPI.obj (.text:GAP_UpdateAdvertisingData)
                  000044dc    00000050     ICall.obj (.text:ICall_primGetEntityId$10)
                  0000452c    00000050     ICall.obj (.text:ICall_primRegisterApp$10)
                  0000457c    00000050     PINCC26XX.obj (.text:PIN_remove)
                  000045cc    00000050     simpleBLEPeripheral.obj (.text:SimpleBLEPeripheral_sendAttRsp$21)
                  0000461c    00000050     util.obj (.text:Util_convertBdAddr2Str)
                  0000466c    0000004e     SPICC26XXDMA.obj (.text:SPICC26XXDMA_close)
                  000046ba    00000002     --HOLE-- [fill = 0]
                  000046bc    0000004c     peripheral.obj (.text:GAPRole_SendUpdateParam)
                  00004708    0000004c     ICall.obj (.text:ICall_newTask$10)
                  00004754    0000004c     peripheral.obj (.text:gapRole_processStackMsg$6)
                  000047a0    0000004c     rtsv7M3_T_le_eabi.lib : cpy_tbl.obj (.text)
                  000047ec    0000004a     gattservapp_util.obj (.text:GATTServApp_ProcessCCCWriteReq)
                  00004836    00000002     --HOLE-- [fill = 0]
                  00004838    00000048     PINCC26XX.obj (.text:PIN_Isr$17)
                  00004880    00000048     util.obj (.text:Util_constructClock)
                  000048c8    00000048     ICallBleAPI.obj (.text:gapSendParamAndPtrCmd$8)
                  00004910    00000048     ICallBleAPI.obj (.text:gattIndNoti$8)
                  00004958    00000046     driverlib.lib : ddi.obj (.text:NOROM_DDI16BitfieldRead)
                  0000499e    00000046     LCDDogm1286_util.obj (.text:_itoa)
                  000049e4    00000044     ICallBleAPI.obj (.text:GAP_TerminateLinkReq)
                  00004a28    00000044     simpleGATTprofile.obj (.text:SimpleProfile_GetParameter)
                  00004a6c    00000044     boot.aem3 : boot.oem3 (.text)
                  00004ab0    00000044     rtsv7M3_T_le_eabi.lib : exit.obj (.text)
                  00004af4    00000044     sysbios.aem3 : mangled__BIOS_lib.obj (.text:ti_sysbios_family_arm_cc26xx_Timer_initDevice__I)
                  00004b38    00000042     ICall.obj (.text:ICall_primCreateSemaphore$10)
                  00004b7a    00000042     ICall.obj (.text:ICall_primCreateTask$10)
                  00004bbc    00000040     peripheral.obj (.text:GAPRole_createTask)
                  00004bfc    00000040     ICallBleAPI.obj (.text:GATT_SendRsp)
                  00004c3c    00000040     driverlib.lib : osc.obj (.text:NOROM_OSCInterfaceEnable)
                  00004c7c    00000040     appBLE_pem3.oem3 (.text:ti_sysbios_family_arm_cc26xx_Power_XOSC_HF)
                  00004cbc    00000040     sysbios.aem3 : mangled__BIOS_lib.obj (.text:ti_sysbios_family_arm_cc26xx_Power_isStableXOSC_HF__E)
                  00004cfc    00000040                  : mangled__BIOS_lib.obj (.text:ti_sysbios_family_arm_cc26xx_Timer_getCurrentTick__E)
                  00004d3c    0000003e     ICallBleAPI.obj (.text:hciSendParamsCmd$8)
                  00004d7a    00000002     --HOLE-- [fill = 0]
                  00004d7c    0000003c     ICallBleAPI.obj (.text:GAP_GetParamValue)
                  00004db8    0000003c     ICallBleAPI.obj (.text:GATTServApp_RegisterService)
                  00004df4    0000003c     ICallCC2650.obj (.text:ICallPlatform_pwrConfigACAction)
                  00004e30    0000003c     LCDDogm1286.obj (.text:LCD_doBufferClearPage$18)
                  00004e6c    0000003c     PINCC26XX.obj (.text:PINCC26XX_getConfig)
                  00004ea8    0000003c     SPICC26XXDMA.obj (.text:SPICC26XXDMA_csnCallback$16)
                  00004ee4    0000003c     simpleBLEPeripheral.obj (.text:SimpleBLEPeripheral_createTask)
                  00004f20    0000003c     simpleBLEPeripheral.obj (.text:SimpleBLEPeripheral_processCharValueChangeEvt$21)
                  00004f5c    0000003c     ICallBleAPI.obj (.text:profileSetParameter$8)
                  00004f98    0000003c     ICallBleAPI.obj (.text:sendWaitMatchCS$8)
                  00004fd4    0000003c     ICallBleAPI.obj (.text:sendWaitMatchValueCS$8)
                  00005010    0000003c     sysbios.aem3 : mangled__BIOS_lib.obj (.text:ti_sysbios_family_arm_cc26xx_Power_releaseConstraint__E)
                  0000504c    00000038     ICallBleAPI.obj (.text:GAPBondMgr_LinkEst)
                  00005084    00000038     ICall.obj (.text:ICall_primGetMaxMSecs$10)
                  000050bc    00000038     util.obj (.text:Util_restartClock)
                  000050f4    00000038     ICallBleAPI.obj (.text:linkDB_NumConns)
                  0000512c    00000038     sysbios.aem3 : mangled__BIOS_lib.obj (.text:ti_sysbios_family_arm_cc26xx_Power_setConstraint__E)
                  00005164    00000038                  : mangled__BIOS_lib.obj (.text:ti_sysbios_family_arm_cc26xx_Timer_setThreshold__I)
                  0000519c    00000036     ICallCC2650.obj (.text:ICallPlatform_pwrDispenseImpl$11)
                  000051d2    00000036     ICallCC2650.obj (.text:ICallPlatform_pwrRequireImpl$11)
                  00005208    00000036     ICall.obj (.text:ICall_primWaitSemaphore$10)
                  0000523e    00000002     --HOLE-- [fill = 0]
                  00005240    00000034     board_lcd.obj (.text:Board_openLCD)
                  00005274    00000034     driverlib.lib : chipinfo.obj (.text:ChipInfo_GetChipFamily)
                  000052a8    00000034     ICallBleAPI.obj (.text:GAPBondMgr_SetParameter)
                  000052dc    00000034     ICallBleAPI.obj (.text:GAP_SetParamValue)
                  00005310    00000034     ICall.obj (.text:ICall_primEntityId2ServiceId$10)
                  00005344    00000034     ICall.obj (.text:ICall_primFetchMsg$10)
                  00005378    00000034     ICall.obj (.text:ICall_primRegisterISR$10)
                  000053ac    00000034     ICall.obj (.text:ICall_primRegisterISR_Ext$10)
                  000053e0    00000034     ICall.obj (.text:ICall_searchServiceEntity$10)
                  00005414    00000034     LCDDogm1286.obj (.text:LCD_bufferClear)
                  00005448    00000034     driverlib.lib : setup.obj (.text:SetAonRtcSubSecInc$39)
                  0000547c    00000034     ICallBleAPI.obj (.text:osal_snv_read)
                  000054b0    00000034     ICallBleAPI.obj (.text:osal_snv_write)
                  000054e4    00000034     ICallBleAPI.obj (.text:profileAddService$8)
                  00005518    00000034     ICallBleAPI.obj (.text:registerTask$8)
                  0000554c    00000032     driverlib.lib : osc.obj (.text:OSCHF_SwitchToRcOscTurnOffXosc)
                  0000557e    00000032     ICallBleAPI.obj (.text:gapSendParamsCmd$8)
                  000055b0    00000032     ICallBleAPI.obj (.text:gapSendPtrParamsCmd$8)
                  000055e2    00000032     ICallBleAPI.obj (.text:matchGapSetGetParamCS$8)
                  00005614    00000032     ICallBleAPI.obj (.text:matchGattCmdStatus$8)
                  00005646    00000032     ICallBleAPI.obj (.text:matchUtilNvCS$8)
                  00005678    00000030     ICallCC2650.obj (.text:ICallPlatform_pwrNotify$11)
                  000056a8    00000030     ICall.obj (.text:ICall_heapInit)
                  000056d8    00000030     ICall.obj (.text:ICall_msecs2Ticks$10)
                  00005708    00000030     PINCC26XX.obj (.text:PIN_setOutputValue)
                  00005738    00000030     appBLE_pem3.oem3 (.text:ti_sysbios_BIOS_atExitFunc__I)
                  00005768    00000030     sysbios.aem3 : mangled__BIOS_lib.obj (.text:ti_sysbios_family_arm_cc26xx_Power_registerNotify__E)
                  00005798    00000030                  : mangled__BIOS_lib.obj (.text:ti_sysbios_family_arm_cc26xx_Power_switchXOSC_HF__E)
                  000057c8    0000002e     driverlib.lib : setup.obj (.text:GetTrimForRadcExtCfg$39)
                  000057f6    0000002e     simpleBLEPeripheral.obj (.text:ICall_fetchServiceMsg$21)
                  00005824    0000002e     peripheral.obj (.text:ICall_fetchServiceMsg$6)
                  00005852    0000002e     ICall.obj (.text:ICall_msgDequeue$10)
                  00005880    0000002e     ICallBleAPI.obj (.text:matchProfileAddServiceCS$8)
                  000058ae    0000002c     driverlib.lib : aon_batmon.obj (.text:AONBatMonTemperatureGetDegC)
                  000058da    00000002     --HOLE-- [fill = 0]
                  000058dc    0000002c     ICallBleAPI.obj (.text:GAPBondMgr_Register)
                  00005908    0000002c     ICallBleAPI.obj (.text:HCI_EXT_ConnEventNoticeCmd)
                  00005934    0000002c     ICall.obj (.text:ICall_heapFree)
                  00005960    0000002c     simpleGATTprofile.obj (.text:ICall_malloc$7)
                  0000598c    0000002c     ICall.obj (.text:ICall_msgEnqueue$10)
                  000059b8    0000002c     ICall.obj (.text:ICall_primAllocMsg$10)
                  000059e4    0000002c     ICall.obj (.text:ICall_primFetchServiceMsg$10)
                  00005a10    0000002c     ICall.obj (.text:ICall_searchTask$10)
                  00005a3c    0000002c     ICallBleAPI.obj (.text:ICall_sendServiceMsg$8)
                  00005a68    0000002c     driverlib.lib : aon_rtc.obj (.text:NOROM_AONRTCCurrentCompareValueGet)
                  00005a94    0000002c     PINCC26XX.obj (.text:PIN_setConfig)
                  00005ac0    0000002c     PINCC26XX.obj (.text:PIN_setInterrupt)
                  00005aec    0000002a     ICallBleAPI.obj (.text:ICall_waitMatch$8)
                  00005b16    0000002a     UDMACC26XX.obj (.text:UDMACC26XX_close)
                  00005b40    0000002a     util.obj (.text:Util_enqueueMsg)
                  00005b6a    0000002a     ICallBleAPI.obj (.text:matchProfileCS$8)
                  00005b94    00000028     board_lcd.obj (.text:Board_writeString)
                  00005bbc    00000028     gattservapp_util.obj (.text:GATTServApp_WriteCharCfg)
                  00005be4    00000028     driverlib.lib : setup.obj (.text:GetTrimForAmpcompTh2$39)
                  00005c0c    00000028     ICall.obj (.text:ICall_init)
                  00005c34    00000028     ICall.obj (.text:ICall_msgPrepend$10)
                  00005c5c    00000028     simpleBLEPeripheral.obj (.text:ICall_registerApp$21)
                  00005c84    00000028     peripheral.obj (.text:ICall_registerApp$6)
                  00005cac    00000028     LCDDogm1286_util.obj (.text:LCD_getIntLength)
                  00005cd4    00000028     LCDDogm1286.obj (.text:LCD_sendArray$18)
                  00005cfc    00000028     simpleGATTprofile.obj (.text:SimpleProfile_AddService)
                  00005d24    00000028     gattservapp_util.obj (.text:gattServApp_FindCharCfgItem$5)
                  00005d4c    00000028     appBLE_pem3.oem3 (.text:ti_sysbios_family_arm_cc26xx_Power_isDependencyActive)
                  00005d74    00000028     sysbios.aem3 : mangled__BIOS_lib.obj (.text:ti_sysbios_family_arm_cc26xx_Timer_getMaxTicks__E)
                  00005d9c    00000026     driverlib.lib : osc.obj (.text:NOROM_OSCClockSourceGet)
                  00005dc2    00000024     ICallBleAPI.obj (.text:GAPBondMgr_LinkTerm)
                  00005de6    00000002     --HOLE-- [fill = 0]
                  00005de8    00000024     gattservapp_util.obj (.text:GATTServApp_FindAttr)
                  00005e0c    00000024     ICallBleAPI.obj (.text:ICall_getLocalMsgEntityId$8)
                  00005e30    00000024     ICallBleAPI.obj (.text:ICall_threadServes$8)
                  00005e54    00000024     LCDDogm1286.obj (.text:LCD_gotoXY$18)
                  00005e78    00000024     PINCC26XX.obj (.text:PINCC26XX_setMux)
                  00005e9c    00000024     simpleBLEPeripheral.obj (.text:SimpleBLEPeripheral_enqueueMsg$21)
                  00005ec0    00000024     appBLE_pem3.oem3 (.text:ti_sysbios_BIOS_registerRTSLock__I)
                  00005ee4    00000024     appBLE_pem3.oem3 (.text:ti_sysbios_BIOS_removeRTSLock__I)
                  00005f08    00000024     appBLE_pem3.oem3 (.text:ti_sysbios_BIOS_startFunc__I)
                  00005f2c    00000024     sysbios.aem3 : mangled__BIOS_lib.obj (.text:ti_sysbios_family_arm_cc26xx_Timer_dynamicStub__E)
                  00005f50    00000022     driverlib.lib : setup.obj (.text:GetTrimForAmpcompTh1$39)
                  00005f72    00000022     ICall.obj (.text:ICall_dispatch$10)
                  00005f94    00000022     util.obj (.text:ICall_malloc$22)
                  00005fb6    00000002     --HOLE-- [fill = 0]
                  00005fb8    00000020     gattservapp_util.obj (.text:GATTServApp_InitCharCfg)
                  00005fd8    00000020     ICallBleAPI.obj (.text:GATT_bm_alloc)
                  00005ff8    00000020     driverlib.lib : setup.obj (.text:GetTrimForRcOscLfRtuneCtuneTrim$39)
                  00006018    00000020                   : setup.obj (.text:GetTrimForXoscHfCtl$39)
                  00006038    00000020     ICallBleAPI.obj (.text:ICall_allocMsg$8)
                  00006058    00000020     ICallBleAPI.obj (.text:ICall_getEntityId$8)
                  00006078    00000020     simpleBLEPeripheral.obj (.text:ICall_malloc$21)
                  00006098    00000020     ICall.obj (.text:ICall_primService$10)
                  000060b8    00000020     ICall.obj (.text:ICall_searchService$10)
                  000060d8    00000020     UDMACC26XX.obj (.text:UDMACC26XX_initHw$12)
                  000060f8    00000020     util.obj (.text:Util_dequeueMsg)
                  00006118    00000020     rtsv7M3_T_le_eabi.lib : memchr.obj (.text)
                  00006138    00000020     appBLE_pem3.oem3 (.text:ti_sysbios_BIOS_rtsLock__I)
                  00006158    00000020     sysbios.aem3 : mangled__BIOS_lib.obj (.text:ti_sysbios_family_arm_cc26xx_TimestampProvider_get32__E)
                  00006178    0000001e     ICall.obj (.text:ICall_primSendServiceMsg$10)
                  00006196    0000001e     PINCC26XX.obj (.text:PIN_close)
                  000061b4    0000001e     main.obj (.text:main)
                  000061d2    0000001e     ICallBleAPI.obj (.text:matchHciCS$8)
                  000061f0    0000001e     ICallBleAPI.obj (.text:waitMatchCS$8)
                  0000620e    00000002     --HOLE-- [fill = 0]
                  00006210    0000001c     board_lcd.obj (.text:Board_writeStringValue)
                  0000622c    0000001c     peripheral.obj (.text:GAPRole_StartDevice)
                  00006248    0000001c     ICallBleAPI.obj (.text:GATT_bm_free)
                  00006264    0000001c     simpleBLEPeripheral.obj (.text:ICall_wait$21)
                  00006280    0000001c     peripheral.obj (.text:ICall_wait$6)
                  0000629c    0000001c     PINCC26XX.obj (.text:PINCC26XX_setIoCfgMux$17)
                  000062b8    0000001c     peripheral.obj (.text:gapRole_HandleParamUpdateNoSuccess$6)
                  000062d4    0000001c     ICallBleAPI.obj (.text:getStatusValueFromErrNo$8)
                  000062f0    0000001c     sysbios.aem3 : mangled__BIOS_lib.obj (.text:ti_sysbios_family_arm_cc26xx_Power_unregisterNotify__E)
                  0000630c    0000001a     ICall.obj (.text:ICall_enterCSImpl)
                  00006326    0000001a     ICall.obj (.text:ICall_primSetTimerMSecs$10)
                  00006340    0000001a     driverlib.lib : osc.obj (.text:OSCHF_TurnOnXosc)
                  0000635a    0000001a     simpleBLEPeripheral.obj (.text:SimpleBLEPeripheral_processAppMsg$21)
                  00006374    0000001a     ICallBleAPI.obj (.text:matchGattIndNotiCS$8)
                  0000638e    00000018     driverlib.lib : chipinfo.obj (.text:ChipInfo_GetPackageType)
                  000063a6    00000002     --HOLE-- [fill = 0]
                  000063a8    00000018     peripheral.obj (.text:GAPRole_TerminateConnection)
                  000063c0    00000018     ICallBleAPI.obj (.text:GATT_Notification)
                  000063d8    00000018     driverlib.lib : setup.obj (.text:GetTrimForAdcShModeEn$39)
                  000063f0    00000018                   : setup.obj (.text:GetTrimForAdcShVbufEn$39)
                  00006408    00000018                   : setup.obj (.text:GetTrimForDblrLoopFilterResetVoltage$39)
                  00006420    00000018                   : setup.obj (.text:GetTrimForRcOscLfIBiasTrim$39)
                  00006438    00000018                   : setup.obj (.text:GetTrimForXoscHfIbiastherm$39)
                  00006450    00000018                   : setup.obj (.text:GetTrimForXoscLfRegulatorAndCmirrwrRatio$39)
                  00006468    00000018     ICallCC2650.obj (.text:ICallPlatform_pwrDispense)
                  00006480    00000018     ICallCC2650.obj (.text:ICallPlatform_pwrRequire)
                  00006498    00000018     simpleBLEPeripheral.obj (.text:ICall_free$21)
                  000064b0    00000018     util.obj (.text:ICall_free$22)
                  000064c8    00000018     ICall.obj (.text:ICall_freeMsg$10)
                  000064e0    00000018     simpleBLEPeripheral.obj (.text:ICall_freeMsg$21)
                  000064f8    00000018     peripheral.obj (.text:ICall_freeMsg$6)
                  00006510    00000018     ICallBleAPI.obj (.text:ICall_freeMsg$8)
                  00006528    00000018     ICall.obj (.text:ICall_initPrim$10)
                  00006540    00000018     ICall.obj (.text:ICall_primMalloc$10)
                  00006558    00000018     LCDDogm1286.obj (.text:LCD_bufferPrintString)
                  00006570    00000018     PINCC26XX.obj (.text:PIN_getConfig)
                  00006588    00000018     SPI.obj (.text:SPI_open)
                  000065a0    00000018     simpleBLEPeripheral.obj (.text:SimpleBLEPeripheral_performPeriodicTask$21)
                  000065b8    00000018     util.obj (.text:Util_constructQueue)
                  000065d0    00000018     peripheral.obj (.text:gapRole_setEvent$6)
                  000065e8    00000018     rtsv7M3_T_le_eabi.lib : args_main.obj (.text)
                  00006600    00000018                           : ll_mul_t2.obj (.text)
                  00006618    00000018     appBLE_pem3.oem3 (.text:ti_sysbios_BIOS_rtsUnlock__I)
                  00006630    00000018     appBLE_pem3.oem3 (.text:ti_sysbios_family_arm_cc26xx_Power_RFCORECLKS)
                  00006648    00000018     sysbios.aem3 : mangled__BIOS_lib.obj (.text:ti_sysbios_family_arm_cc26xx_Timer_getCount64__E)
                  00006660    00000018     appBLE_pem3.oem3 (.text:ti_sysbios_rom_cortexm_cc26xx_CC26xx_checkRevision__E)
                  00006678    00000016     driverlib.lib : setup.obj (.text:GetTrimForXoscHfFastStart$39)
                  0000668e    00000016     ICall.obj (.text:ICall_abort$10)
                  000066a4    00000016     ICall.obj (.text:ICall_leaveCSImpl)
                  000066ba    00000016     ICall.obj (.text:ICall_primStopTimer$10)
                  000066d0    00000016     appBLE_pem3.oem3 (.text:ti_sysbios_BIOS_exitFunc__I)
                  000066e6    00000002     --HOLE-- [fill = 0]
                  000066e8    00000014     devinfoservice.obj (.text:DevInfo_AddService)
                  000066fc    00000014     ICallCC2650.obj (.text:ICallPlatform_pwrIsStableXOSCHF)
                  00006710    00000014     LCDDogm1286.obj (.text:LCD_Params_init)
                  00006724    00000014     SPICC26XXDMA.obj (.text:SPICC26XXDMA_init)
                  00006738    00000014     SPI.obj (.text:SPI_Params_init)
                  0000674c    00000014     simpleBLEPeripheral.obj (.text:SimpleBLEPeripheral_clockHandler$21)
                  00006760    00000014     simpleGATTprofile.obj (.text:SimpleProfile_RegisterAppCBs)
                  00006774    00000014     driverlib.lib : chipinfo.obj (.text:ThisCodeIsBuiltForCC26xxHwRev22AndLater_HaltIfViolated)
                  00006788    00000014     rtsv7M3_T_le_eabi.lib : _lock.obj (.text)
                  0000679c    00000014                           : strlen.obj (.text)
                  000067b0    00000014     ICallBleAPI.obj (.text:setICallCmdEvtHdr$8)
                  000067c4    00000014     appBLE_pem3.oem3 (.text:ti_sysbios_knl_Clock_doTick__I)
                  000067d8    00000012     LCDDogm1286_util.obj (.text:LCD_getStringLength)
                  000067ea    00000012     appBLE_pem3.oem3 (.text:xdc_runtime_Startup_exec__I)
                  000067fc    00000010     devinfoservice.obj (.text:DevInfo_SetParameter)
                  0000680c    00000010     ICallBleAPI.obj (.text:GAP_EndDiscoverable)
                  0000681c    00000010     gattservapp_util.obj (.text:GATTServApp_ReadCharCfg)
                  0000682c    00000010     ICallCC2650.obj (.text:ICallPlatform_pwrGetXOSCStartupTime)
                  0000683c    00000010     ICall.obj (.text:ICall_primGetTickPeriod$10)
                  0000684c    00000010     ICall.obj (.text:ICall_taskEntry$10)
                  0000685c    00000010     LCDDogm1286.obj (.text:LCD_bufferClearPage)
                  0000686c    00000010     LCDDogm1286.obj (.text:LCD_update)
                  0000687c    00000010     util.obj (.text:Util_isActive)
                  0000688c    0000000e     ICallCC2650.obj (.text:ICallPlatform_pwrGetTransitionState)
                  0000689a    0000000e     ICall.obj (.text:ICall_primDisableMInt$10)
                  000068a8    0000000e     ICall.obj (.text:ICall_primEnableMInt$10)
                  000068b6    0000000e     ICall.obj (.text:ICall_primFreeMsg$10)
                  000068c4    0000000e     ICall.obj (.text:ICall_primGetTicks$10)
                  000068d2    0000000e     driverlib.lib : vims.obj (.text:NOROM_VIMSModeGet)
                  000068e0    0000000e                   : setup.obj (.text:SignExtendVddrTrimValue$39)
                  000068ee    0000000e     simpleBLEPeripheral.obj (.text:SimpleBLEPeripheral_processStackMsg$21)
                  000068fc    0000000e     rtsv7M3_T_le_eabi.lib : copy_decompress_none.obj (.text:decompress:none)
                  0000690a    0000000e     ICallBleAPI.obj (.text:matchGSARegisterServiceCS$8)
                  00006918    0000000e     ICallBleAPI.obj (.text:matchGapLinkEstCS$8)
                  00006926    0000000e     ICallBleAPI.obj (.text:matchGattSendRspCS$8)
                  00006934    0000000e     ICallBleAPI.obj (.text:matchLinkDBNumConnsCS$8)
                  00006942    0000000e     ICallBleAPI.obj (.text:setDispatchCmdEvtHdr$8)
                  00006950    0000000c     ICallBleAPI.obj (.text:GAP_MakeDiscoverable)
                  0000695c    0000000c     ICallBleAPI.obj (.text:GAP_TerminateAuth)
                  00006968    0000000c     ICallBleAPI.obj (.text:GAP_UpdateLinkParamReq)
                  00006974    0000000c     ICallBleAPI.obj (.text:GGS_SetParameter)
                  00006980    0000000c     ICall.obj (.text:ICall_clockFunc$10)
                  0000698c    0000000c     ICall.obj (.text:ICall_primDisableInt$10)
                  00006998    0000000c     ICall.obj (.text:ICall_primEnableInt$10)
                  000069a4    0000000c     ICall.obj (.text:ICall_primFree$10)
                  000069b0    0000000c     ICall.obj (.text:ICall_primSignal$10)
                  000069bc    0000000c     driverlib.lib : cpu.obj (.text:NOROM_CPUcpsid)
                  000069c8    0000000c                   : cpu.obj (.text:NOROM_CPUcpsie)
                  000069d4    0000000c     PINCC26XX.obj (.text:PIN_registerIntCb)
                  000069e0    0000000c     util.obj (.text:Util_startClock)
                  000069ec    0000000c     rtsv7M3_T_le_eabi.lib : copy_zero_init.obj (.text:decompress:ZI)
                  000069f8    0000000c     ICallBleAPI.obj (.text:matchProfileSetParamCS$8)
                  00006a04    0000000c     SPICC26XXDMA.obj (.text:spiPostNotify$16)
                  00006a10    0000000c     sysbios.aem3 : mangled__BIOS_lib.obj (.text:ti_sysbios_BIOS_getThreadType__E)
                  00006a1c    0000000c                  : mangled__BIOS_lib.obj (.text:ti_sysbios_family_arm_cc26xx_Power_getDependencyCount__E)
                  00006a28    0000000c                  : mangled__BIOS_lib.obj (.text:ti_sysbios_family_arm_cc26xx_Power_getTransitionState__E)
                  00006a34    0000000c                  : mangled__BIOS_lib.obj (.text:ti_sysbios_hal_Hwi_Params__init__S)
                  00006a40    0000000c     appBLE_pem3.oem3 (.text:xdc_runtime_Startup_reset__I)
                  00006a4c    0000000a     ICallCC2650.obj (.text:ICallPlatform_pwrSwitchXOSCHF)
                  00006a56    0000000a     ICall.obj (.text:ICall_primE2S$10)
                  00006a60    0000000a     SPI.obj (.text:SPI_transfer)
                  00006a6a    0000000a     UDMACC26XX.obj (.text:UDMACC26XX_hwiIntFxn)
                  00006a74    00000008     ICallBleAPI.obj (.text:GATT_Indication)
                  00006a7c    00000008     SPICC26XXDMA.obj (.text:SPICC26XXDMA_transferCallback$16)
                  00006a84    00000008     simpleBLEPeripheral.obj (.text:SimpleBLEPeripheral_charValueChangeCB$21)
                  00006a8c    00000008     simpleBLEPeripheral.obj (.text:SimpleBLEPeripheral_stateChangeCB$21)
                  00006a94    00000008     ICallBleAPI.obj (.text:matchHciExtConnEventNoticeCS$8)
                  00006a9c    00000006     ICallBleAPI.obj (.text:GAP_RegisterForMsgs)
                  00006aa2    00000006     ICallBleAPI.obj (.text:GATT_RegisterForMsgs)
                  00006aa8    00000006     ICallBleAPI.obj (.text:GGS_AddService)
                  00006aae    00000006     ICall.obj (.text:ICall_mallocImpl)
                  00006ab4    00000006     sysbios.aem3 : mangled__BIOS_lib.obj (.text:__xdc__init)
                  00006aba    00000006     rtsv7M3_T_le_eabi.lib : copy_decompress_rle.obj (.text:decompress:rle24)
                  00006ac0    00000006     ICallBleAPI.obj (.text:gattAddService$8)
                  00006ac6    00000006     ICallBleAPI.obj (.text:matchBondMgrSetParamCS$8)
                  00006acc    00000006     ICallBleAPI.obj (.text:matchGGSSetParamCS$8)
                  00006ad2    00000006     ICallBleAPI.obj (.text:matchGapDeviceInitCS$8)
                  00006ad8    00000006     ICallBleAPI.obj (.text:matchGapEndDiscoverableCS$8)
                  00006ade    00000006     ICallBleAPI.obj (.text:matchGapGetParamCS$8)
                  00006ae4    00000006     ICallBleAPI.obj (.text:matchGapMakeDiscoverableCS$8)
                  00006aea    00000006     ICallBleAPI.obj (.text:matchGapSetParamCS$8)
                  00006af0    00000006     ICallBleAPI.obj (.text:matchGapTerminateAuthCS$8)
                  00006af6    00000006     ICallBleAPI.obj (.text:matchGapTerminateLinkReqCS$8)
                  00006afc    00000006     ICallBleAPI.obj (.text:matchGapUpdateAdvDataCS$8)
                  00006b02    00000006     ICallBleAPI.obj (.text:matchGapUpdateLinkParamReqCS$8)
                  00006b08    00000006     ICallBleAPI.obj (.text:matchUtilNvReadCS$8)
                  00006b0e    00000006     ICallBleAPI.obj (.text:matchUtilNvWriteCS$8)
                  00006b14    00000004     ICall.obj (.text:ICall_primAbort$10)
                  00006b18    00000004     util.obj (.text:Util_stopClock)
                  00006b1c    00000004     peripheral.obj (.text:gapRole_SetupGAP$6)
                  00006b20    00000004     appBLE_pem3.oem3 (.text:ti_sysbios_family_arm_cc26xx_Power_NOP)
                  00006b24    00000004     sysbios.aem3 : mangled__BIOS_lib.obj (.text:ti_sysbios_knl_Clock_isActive__E)
                  00006b28    00000008     (.tramp.xdc_runtime_Core_assignParams__I.1)
                  00006b30    00000008     (.tramp.ti_sysbios_hal_Hwi_enableInterrupt__E.1)
                  00006b38    00000008     (.tramp.ti_sysbios_hal_Hwi_disableInterrupt__E.1)
                  00006b40    00000008     (.tramp.ti_sysbios_knl_Task_enable__E.1)
                  00006b48    00000008     (.tramp.ti_sysbios_family_arm_m3_Hwi_enableFxn__E.1)
                  00006b50    00000008     (.tramp.xdc_runtime_Startup_startMods__I.1)
                  00006b58    00000008     (.tramp.ti_sysbios_knl_Swi_post__E.1)
                  00006b60    00000008     (.tramp.ti_sysbios_knl_Clock_logTick__E.1)
                  00006b68    00000008     (.tramp.ti_sysbios_BIOS_RtsGateProxy_leave__E.1)
                  00006b70    00000008     (.tramp.ti_sysbios_knl_Queue_construct.1)
                  00006b78    00000008     (.tramp.ti_sysbios_knl_Queue_remove__E.1)
                  00006b80    00000008     (.tramp.ti_sysbios_BIOS_start__E.1)
                  00006b88    00000008     (.tramp.ti_sysbios_BIOS_RtsGateProxy_enter__E.1)
                  00006b90    00000008     (.tramp.ti_sysbios_knl_Queue_dequeue__E.1)
                  00006b98    00000008     (.tramp.ti_sysbios_knl_Task_startup__E.1)
                  00006ba0    00000008     (.tramp.ti_sysbios_knl_Swi_startup__E.1)
                  00006ba8    00000008     (.tramp.ti_sysbios_hal_Hwi_startup__E.1)
[...]
1001c243  ti_sysbios_knl_Task_enable__E                                             
1001c249  ti_sysbios_BIOS_RtsGateProxy_enter__E                                     
1001c24d  ti_sysbios_BIOS_RtsGateProxy_leave__E                                     
1001c251  ti_sysbios_family_arm_cc26xx_Timer_getExpiredTicks__E                     
1001c255  ti_sysbios_family_arm_cc26xx_Timer_getPeriod__E                           
1001c259  ti_sysbios_family_arm_cc26xx_Timer_setPeriod__E                           
1001c25d  ti_sysbios_family_arm_m3_Hwi_delete                                       
1001c261  ti_sysbios_family_arm_m3_Hwi_destruct                                     
1001c265  ti_sysbios_family_arm_m3_TaskSupport_Module__startupDone__S               
1001c269  ti_sysbios_gates_GateHwi_query__E                                         
1001c269  xdc_runtime_System_Module_GateProxy_query__E                              
1001c26d  ti_sysbios_gates_GateMutex_delete                                         
1001c271  ti_sysbios_gates_GateMutex_destruct                                       
1001c275  ti_sysbios_BIOS_RtsGateProxy_query__E                                     
1001c275  ti_sysbios_gates_GateMutex_query__E                                       
1001c275  ti_sysbios_heaps_HeapMem_Module_GateProxy_query__E                        
1001c279  ti_sysbios_hal_Hwi_HwiProxy_Module__startupDone__S                        
1001c27d  ti_sysbios_hal_Hwi_HwiProxy_delete                                        
1001c281  ti_sysbios_hal_Hwi_HwiProxy_disableInterrupt__E                           
1001c281  ti_sysbios_hal_Hwi_disableInterrupt__E                                    
1001c285  ti_sysbios_hal_Hwi_HwiProxy_enableInterrupt__E                            
1001c285  ti_sysbios_hal_Hwi_enableInterrupt__E                                     
1001c289  ti_sysbios_hal_Hwi_HwiProxy_getStackInfo__E                               
1001c289  ti_sysbios_hal_Hwi_getStackInfo__E                                        
1001c28d  ti_sysbios_hal_Hwi_HwiProxy_startup__E                                    
1001c28d  ti_sysbios_hal_Hwi_startup__E                                             
1001c291  ti_sysbios_hal_Hwi_HwiProxy_switchFromBootStack__E                        
1001c295  ti_sysbios_hal_Hwi_delete                                                 
1001c299  ti_sysbios_hal_Hwi_switchFromBootStack__E                                 
1001c29d  ti_sysbios_heaps_HeapMem_Module_GateProxy_enter__E                        
1001c2a1  ti_sysbios_heaps_HeapMem_Module_GateProxy_leave__E                        
1001c2a5  ti_sysbios_heaps_HeapMem_isBlocking__E                                    
1001c2a9  ti_sysbios_knl_Clock_TimerProxy_Module__startupDone__S                    
1001c2ad  ti_sysbios_knl_Clock_TimerProxy_getExpiredTicks__E                        
1001c2b1  ti_sysbios_knl_Clock_TimerProxy_getPeriod__E                              
1001c2b5  ti_sysbios_knl_Clock_delete                                               
1001c2b9  ti_sysbios_knl_Clock_destruct                                             
1001c2bd  ti_sysbios_knl_Clock_removeI__E                                           
1001c2c1  ti_sysbios_knl_Clock_setTimeout__E                                        
1001c2c5  ti_sysbios_knl_Mailbox_delete                                             
1001c2c9  ti_sysbios_knl_Mailbox_destruct                                           
1001c2cd  ti_sysbios_knl_Queue_delete                                               
1001c2d1  ti_sysbios_knl_Queue_destruct                                             
1001c2d5  ti_sysbios_knl_Queue_head__E                                              
1001c2d9  ti_sysbios_knl_Queue_next__E                                              
1001c2dd  ti_sysbios_knl_Semaphore_delete                                           
1001c2e1  ti_sysbios_knl_Semaphore_destruct                                         
1001c2e5  ti_sysbios_knl_Swi_delete                                                 
1001c2e9  ti_sysbios_knl_Swi_destruct                                               
1001c2ed  ti_sysbios_knl_Swi_postInit__I                                            
1001c2f1  ti_sysbios_knl_Task_SupportProxy_Module__startupDone__S                   
1001c2f5  ti_sysbios_knl_Task_SupportProxy_getStackAlignment__E                     
1001c2f9  ti_sysbios_knl_Task_SupportProxy_start__E                                 
1001c2fd  ti_sysbios_knl_Task_SupportProxy_swap__E                                  
1001c301  ti_sysbios_knl_Task_delete                                                
1001c305  ti_sysbios_knl_Task_destruct                                              
1001c309  ti_sysbios_knl_Task_startup__E                                            
1001c30d  xdc_runtime_Startup_startMods__I                                          
1001c405  xdc_runtime_Core_createObject__I                                          
1001c487  xdc_runtime_Error_policySpin__E                                           
1001c489  xdc_runtime_Memory_alloc__E                                               
1001c4f9  xdc_runtime_Core_deleteObject__I                                          
1001c559  xdc_runtime_Startup_exec__E                                               
1001c5a9  xdc_runtime_Assert_raise__I                                               
1001c5f1  xdc_runtime_Core_assignParams__I                                          
1001c639  xdc_runtime_Core_constructObject__I                                       
1001c681  xdc_runtime_System_atexit__E                                              
1001c6b9  xdc_runtime_System_processAtExit__E                                       
1001c6ed  xdc_runtime_Core_assignLabel__I                                           
1001c71d  xdc_runtime_Text_cordText__E                                              
1001c749  xdc_runtime_System_abort__E                                               
1001c769  xdc_runtime_Error_raiseX__E                                               
1001c785  xdc_runtime_Memory_valloc__E                                              
1001c7a1  xdc_runtime_Core_destructObject__I                                        
1001c7b9  xdc_runtime_Error_check__E                                                
1001c7d1  xdc_runtime_System_exit__E                                                
1001c7e9  xdc_runtime_Text_ropeText__E                                              
1001c801  xdc_runtime_Memory_free__E                                                
1001c811  xdc_runtime_SysCallback_abort__E                                          
1001c821  xdc_runtime_SysCallback_exit__E                                           
1001c831  xdc_runtime_Timestamp_SupportProxy_get32__E                               
1001c831  xdc_runtime_Timestamp_get32__E                                            
1001c841  xdc_runtime_Error_init__E                                                 
1001c84d  xdc_runtime_Memory_calloc__E                                              
1001c859  xdc_runtime_Memory_getMaxDefaultTypeAlign__E                              
1001c879  xdc_runtime_Gate_leaveSystem__E                                           
1001c87f  xdc_runtime_System_Module_startup__E                                      
1001c885  xdc_runtime_Gate_enterSystem__E                                           
1001c889  xdc_runtime_Memory_HeapProxy_alloc__E                                     
1001c88d  xdc_runtime_Memory_HeapProxy_free__E                                      
1001c891  xdc_runtime_System_Module_GateProxy_enter__E                              
1001c895  xdc_runtime_System_Module_GateProxy_leave__E                              
1001c899  xdc_runtime_System_abortSpin__E                                           
1001c89b  xdc_runtime_System_exitSpin__E                                            
1001c89d  ti_sysbios_family_arm_m3_Hwi_dispatch__I                                  
1001c96d  ti_sysbios_family_arm_m3_TaskSupport_buildTaskStack                       
1001c9b9  ti_sysbios_family_arm_m3_Hwi_initStacks__E                                
1001ca01  ti_sysbios_family_arm_m3_Hwi_excHandlerAsm__I                             
1001ca21  ti_sysbios_family_xxx_Hwi_switchAndRunFunc                                
1001ca3f  ti_sysbios_family_arm_m3_Hwi_pendSV__I                                    
1001ca57  ti_sysbios_family_arm_m3_Hwi_return                                       
1001ca59  ti_sysbios_family_arm_m3_TaskSupport_glue                                 
1001ca69  ti_sysbios_family_arm_m3_TaskSupport_swap__E                              
1001ca71  ti_sysbios_knl_Task_swapReturn                                            
1001ca9b  ti_sysbios_rom_cortexm_cc26xx_CC26xx_getRevision__E                       
20000000  ti_sysbios_family_arm_m3_Hwi_ramVectors                                   
20000100  ti_sysbios_knl_Task_Module__state__V                                      
20000144  ti_sysbios_family_arm_m3_Hwi_Module__state__V                             
20000178  ti_sysbios_knl_Clock_Module__state__V                                     
200001a4  ti_sysbios_BIOS_Module__state__V                                          
200001c8  ti_sysbios_knl_Swi_Module__state__V                                       
200001e4  ti_sysbios_family_arm_cc26xx_Timer_Module__state__V                       
200001ec  ti_sysbios_family_arm_cc26xx_TimestampProvider_Module__state__V           
200001f0  xdc_runtime_Startup_Module__state__V                                      
200001f8  xdc_runtime_System_Module__state__V                                       
20000200  xdc_runtime_Memory_Module__state__V                                       
20000f90  ti_sysbios_heaps_HeapMem_Instance_State_0_buf__A                          
20001610  ti_sysbios_knl_Task_Instance_State_0_stack__A                             
20001810  spiCC26XXDMAObjects                                                       
20001960  PIN_NumPins                                                               
200019c0  PIN_HandleTable                                                           
20001a3c  ti_sysbios_family_arm_m3_Hwi_dispatchTable                                
20001b04  lcdObject                                                                 
20001b34  UdmaObjects                                                               
20001b80  driverlib_release_0_43243                                                 
20001b88  lcdBuffer0                                                                
20002018  sbpTask                                                                   
20002068  sbpTaskStack                                                              
20002324  linkDBNumConns                                                            
20002438  gapRoleTask                                                               
20002488  gapRoleTaskStack                                                          
200029f0  ti_sysbios_family_arm_cc26xx_Power_refCount                               
20002a03  ti_sysbios_family_arm_cc26xx_Power_constraintCounts                       
20002a08  ti_sysbios_family_arm_cc26xx_Power_resourceHandlers                       
20002a14  ti_sysbios_family_arm_cc26xx_Timer_Module__root__V                        
20002a1c  ti_sysbios_family_arm_m3_Hwi_Module__root__V                              
20002a24  ti_sysbios_family_arm_m3_Hwi_Module_State_0_excActive__A                  
20002a28  ti_sysbios_family_arm_m3_Hwi_Module_State_0_excContext__A                 
20002a2c  ti_sysbios_family_arm_m3_Hwi_Module_State_0_excStack__A                   
20002a30  ti_sysbios_gates_GateHwi_Module__root__V                                  
20002a38  ti_sysbios_gates_GateHwi_Object__table__V                                 
20002a3c  ti_sysbios_gates_GateMutex_Module__root__V                                
20002a44  ti_sysbios_hal_Hwi_Module__root__V                                        
20002a4c  ti_sysbios_heaps_HeapMem_Module__root__V                                  
20002a54  ti_sysbios_heaps_HeapMem_Object__table__V                                 
20002a6c  ti_sysbios_knl_Clock_Module__root__V                                      
20002a74  ti_sysbios_knl_Event_Module__root__V                                      
20002a7c  ti_sysbios_knl_Mailbox_Module__root__V                                    
20002a84  ti_sysbios_knl_Queue_Module__root__V                                      
20002a8c  ti_sysbios_knl_Semaphore_Module__root__V                                  
20002a94  ti_sysbios_knl_Swi_Module__root__V                                        
20002a9c  ti_sysbios_knl_Task_Module__root__V                                       
20002aa4  ti_sysbios_knl_Task_Module_State_0_idleTask__A                            
20002aa8  __xdc__init__addr                                                         
20002aac  ICall_dispatcher                                                          
20002ab4  ICall_enterCriticalSection                                                
20002ab8  ICall_leaveCriticalSection                                                
20002b38  ti_sysbios_family_arm_cc26xx_Power_Module__state__V                       
20002ba8  rfRegTbl                                                                  
20002bfc  TSK_idle                                                                  
20002bfc  ti_sysbios_knl_Task_Object__table__V                                      
20002c48  ti_sysbios_family_arm_cc26xx_Timer_Object__table__V                       
20002c94  hLCDPins                                                                  
20002c98  LCDPinTable                                                               
20002ca0  LCDPinState                                                               
20002cac  lcdBuffers                                                                
20002cd0  BoardGpioInitTable                                                        
20002d0c  ti_sysbios_gates_GateMutex_Object__table__V                               
20002d44  ti_sysbios_family_arm_m3_Hwi_Object__table__V                             
20002d74  ti_sysbios_knl_Swi_Module_State_0_readyQ__A                               
20002da4  ti_sysbios_knl_Swi_Object__table__V                                       
20002dd4  ti_sysbios_knl_Task_Module_State_0_readyQ__A                              
20002e04  user0Cfg                                                                  
20002e50  lastAppOpcodeSent                                                         
20002e54  pfnBMAlloc                                                                
20002e58  pfnBMFree                                                                 
20002e64  _lock                                                                     
20002e68  _unlock                                                                   
20002e6c  __TI_cleanup_ptr                                                          
20002e70  __TI_dtors_ptr                                                            
20002e74  main_func_sp                                                              
20003fe8  __stack                                                                   
200043e8  __STACK_END                                                               
200043e8  __STACK_TOP                                                               
e000e000  ti_sysbios_family_arm_m3_Hwi_nvic                                         
ffffffff  __binit__                                                                 
ffffffff  __c_args__                                                                
ffffffff  binit                                                                     
UNDEFED   SHT$$INIT_ARRAY$$Base                                                     
UNDEFED   SHT$$INIT_ARRAY$$Limit                                                    
UNDEFED   ti_sysbios_BIOS_RtsGateProxy_Handle__label__S__mangled__                  
UNDEFED   ti_sysbios_BIOS_RtsGateProxy_Object__delete__S__mangled__                 
UNDEFED   ti_sysbios_BIOS_RtsGateProxy_Params__init__S__mangled__                   
UNDEFED   ti_sysbios_BIOS_RtsGateProxy_query__E__mangled__                          
UNDEFED   ti_sysbios_hal_Hwi_HwiProxy_Module__startupDone__S__mangled__             
UNDEFED   ti_sysbios_hal_Hwi_HwiProxy_Object__delete__S__mangled__                  
UNDEFED   ti_sysbios_hal_Hwi_HwiProxy_Params__init__S__mangled__                    
UNDEFED   ti_sysbios_hal_Hwi_HwiProxy_disableInterrupt__E__mangled__                
UNDEFED   ti_sysbios_hal_Hwi_HwiProxy_enableInterrupt__E__mangled__                 
UNDEFED   ti_sysbios_hal_Hwi_HwiProxy_getStackInfo__E__mangled__                    
UNDEFED   ti_sysbios_hal_Hwi_HwiProxy_startup__E__mangled__                         
UNDEFED   ti_sysbios_hal_Hwi_HwiProxy_switchFromBootStack__E__mangled__             
UNDEFED   ti_sysbios_hal_Hwi_disableInterrupt__E__mangled__                         
UNDEFED   ti_sysbios_hal_Hwi_enableInterrupt__E__mangled__                          
UNDEFED   ti_sysbios_hal_Hwi_getStackInfo__E__mangled__                             
UNDEFED   ti_sysbios_hal_Hwi_startup__E__mangled__                                  
UNDEFED   ti_sysbios_hal_Hwi_switchFromBootStack__E__mangled__                      
UNDEFED   ti_sysbios_heaps_HeapMem_Module_GateProxy_Handle__label__S__mangled__     
UNDEFED   ti_sysbios_heaps_HeapMem_Module_GateProxy_Object__delete__S__mangled__    
UNDEFED   ti_sysbios_heaps_HeapMem_Module_GateProxy_Params__init__S__mangled__      
UNDEFED   ti_sysbios_heaps_HeapMem_Module_GateProxy_query__E__mangled__             
UNDEFED   ti_sysbios_knl_Clock_TimerProxy_Module__startupDone__S__mangled__         
UNDEFED   ti_sysbios_knl_Clock_TimerProxy_startup__E__mangled__                     
UNDEFED   ti_sysbios_knl_Task_SupportProxy_Module__startupDone__S__mangled__        
UNDEFED   ti_sysbios_knl_Task_SupportProxy_getStackAlignment__E__mangled__          
UNDEFED   ti_sysbios_knl_Task_SupportProxy_start__E__mangled__                      
UNDEFED   ti_sysbios_knl_Task_SupportProxy_swap__E__mangled__                       
UNDEFED   xdc_runtime_Main_Module_GateProxy_Handle__label__S                        
UNDEFED   xdc_runtime_Main_Module_GateProxy_Object__delete__S                       
UNDEFED   xdc_runtime_Main_Module_GateProxy_query__E                                
UNDEFED   xdc_runtime_Memory_HeapProxy_Handle__label__S__mangled__                  
UNDEFED   xdc_runtime_Memory_HeapProxy_Object__delete__S__mangled__                 
UNDEFED   xdc_runtime_System_Module_GateProxy_Handle__label__S__mangled__           
UNDEFED   xdc_runtime_System_Module_GateProxy_Object__delete__S__mangled__          
UNDEFED   xdc_runtime_System_Module_GateProxy_query__E__mangled__                   
UNDEFED   xdc_runtime_System_SupportProxy_abort__E                                  
UNDEFED   xdc_runtime_System_SupportProxy_exit__E                                   
UNDEFED   xdc_runtime_Timestamp_SupportProxy_get64__E__mangled__                    
UNDEFED   xdc_runtime_Timestamp_SupportProxy_getFreq__E__mangled__                  
UNDEFED   xdc_runtime_Timestamp_get32__E__mangled__                                 
UNDEFED   xdc_runtime_Timestamp_get64__E__mangled__                                 
UNDEFED   xdc_runtime_Timestamp_getFreq__E__mangled__                               

[849 symbols]
