<?xml version="1.0"?>
<link_info>
   <banner>TI ARM Linker PC v5.2.7</banner>
   <copyright>Copyright (c) 1996-2015 Texas Instruments Incorporated</copyright>
   <link_time>0x56f8ff6d</link_time>
   <link_errors>0x0</link_errors>
   <output_file>SimpleBLEPeripheralStack.out</output_file>
   <entry_point>
      <name>startup_entry</name>
      <address>0xe001</address>
   </entry_point>
   <input_file_list>
      <input_file id="fl-177">
         <path>C:\Users\cristian\AppData\Local\Temp\</path>
         <kind>object</kind>
         <file>117002</file>
         <name>117002</name>
      </input_file>
      <input_file id="fl-1f">
         <path>C:\ti\simplelink\ble_cc26xx_2_01_01_44627\Projects\ble\SimpleBLEPeripheral\CC26xx\CCS\SimpleBLEPeripheralStack\..\..\IAR\Stack\CC2640\..\..\..\..\..\..\common\BLE_ROM_Releases\04242014\</path>
         <kind>object</kind>
         <file>ble_rom_PATCH.symbols</file>
         <name>ble_rom_PATCH.symbols</name>
      </input_file>
      <input_file id="fl-144">
         <path>C:\ti\ccsv6\tools\compiler\ti-cgt-arm_5.2.7\lib\</path>
         <kind>archive</kind>
         <file>rtsv7M3_T_le_eabi.lib</file>
         <name>autoinit.obj</name>
      </input_file>
      <input_file id="fl-149">
         <path>C:\ti\ccsv6\tools\compiler\ti-cgt-arm_5.2.7\lib\</path>
         <kind>archive</kind>
         <file>rtsv7M3_T_le_eabi.lib</file>
         <name>ll_mul_t2.obj</name>
      </input_file>
      <input_file id="fl-14b">
         <path>C:\ti\ccsv6\tools\compiler\ti-cgt-arm_5.2.7\lib\</path>
         <kind>archive</kind>
         <file>rtsv7M3_T_le_eabi.lib</file>
         <name>memcpy_t2.obj</name>
      </input_file>
      <input_file id="fl-14c">
         <path>C:\ti\ccsv6\tools\compiler\ti-cgt-arm_5.2.7\lib\</path>
         <kind>archive</kind>
         <file>rtsv7M3_T_le_eabi.lib</file>
         <name>memset_t2.obj</name>
      </input_file>
      <input_file id="fl-14e">
         <path>C:\ti\ccsv6\tools\compiler\ti-cgt-arm_5.2.7\lib\</path>
         <kind>archive</kind>
         <file>rtsv7M3_T_le_eabi.lib</file>
         <name>ull_div_t2.obj</name>
      </input_file>
      <input_file id="fl-14f">
         <path>C:\ti\simplelink\ble_cc26xx_2_01_01_44627\Projects\ble\SimpleBLEPeripheral\CC26xx\CCS\SimpleBLEPeripheralStack\..\..\IAR\Stack\CC2640\..\..\Lib\</path>
         <kind>archive</kind>
         <file>CC2640Stack.a</file>
         <name>att_server.o</name>
      </input_file>
      <input_file id="fl-150">
         <path>C:\ti\simplelink\ble_cc26xx_2_01_01_44627\Projects\ble\SimpleBLEPeripheral\CC26xx\CCS\SimpleBLEPeripheralStack\..\..\IAR\Stack\CC2640\..\..\Lib\</path>
         <kind>archive</kind>
         <file>CC2640Stack.a</file>
         <name>att_util.o</name>
      </input_file>
      <input_file id="fl-151">
         <path>C:\ti\simplelink\ble_cc26xx_2_01_01_44627\Projects\ble\SimpleBLEPeripheral\CC26xx\CCS\SimpleBLEPeripheralStack\..\..\IAR\Stack\CC2640\..\..\Lib\</path>
         <kind>archive</kind>
         <file>CC2640Stack.a</file>
         <name>ble_PATCH.o</name>
      </input_file>
      <input_file id="fl-152">
         <path>C:\ti\simplelink\ble_cc26xx_2_01_01_44627\Projects\ble\SimpleBLEPeripheral\CC26xx\CCS\SimpleBLEPeripheralStack\..\..\IAR\Stack\CC2640\..\..\Lib\</path>
         <kind>archive</kind>
         <file>CC2640Stack.a</file>
         <name>gap_configmgr.o</name>
      </input_file>
      <input_file id="fl-153">
         <path>C:\ti\simplelink\ble_cc26xx_2_01_01_44627\Projects\ble\SimpleBLEPeripheral\CC26xx\CCS\SimpleBLEPeripheralStack\..\..\IAR\Stack\CC2640\..\..\Lib\</path>
         <kind>archive</kind>
         <file>CC2640Stack.a</file>
         <name>gap_devmgr.o</name>
      </input_file>
      <input_file id="fl-154">
         <path>C:\ti\simplelink\ble_cc26xx_2_01_01_44627\Projects\ble\SimpleBLEPeripheral\CC26xx\CCS\SimpleBLEPeripheralStack\..\..\IAR\Stack\CC2640\..\..\Lib\</path>
         <kind>archive</kind>
         <file>CC2640Stack.a</file>
         <name>gap_linkmgr.o</name>
      </input_file>
      <input_file id="fl-155">
         <path>C:\ti\simplelink\ble_cc26xx_2_01_01_44627\Projects\ble\SimpleBLEPeripheral\CC26xx\CCS\SimpleBLEPeripheralStack\..\..\IAR\Stack\CC2640\..\..\Lib\</path>
         <kind>archive</kind>
         <file>CC2640Stack.a</file>
         <name>gap_peridevmgr.o</name>
      </input_file>
      <input_file id="fl-156">
         <path>C:\ti\simplelink\ble_cc26xx_2_01_01_44627\Projects\ble\SimpleBLEPeripheral\CC26xx\CCS\SimpleBLEPeripheralStack\..\..\IAR\Stack\CC2640\..\..\Lib\</path>
         <kind>archive</kind>
         <file>CC2640Stack.a</file>
         <name>gap_perilinkmgr.o</name>
      </input_file>
      <input_file id="fl-157">
         <path>C:\ti\simplelink\ble_cc26xx_2_01_01_44627\Projects\ble\SimpleBLEPeripheral\CC26xx\CCS\SimpleBLEPeripheralStack\..\..\IAR\Stack\CC2640\..\..\Lib\</path>
         <kind>archive</kind>
         <file>CC2640Stack.a</file>
         <name>gap_task.o</name>
      </input_file>
      <input_file id="fl-158">
         <path>C:\ti\simplelink\ble_cc26xx_2_01_01_44627\Projects\ble\SimpleBLEPeripheral\CC26xx\CCS\SimpleBLEPeripheralStack\..\..\IAR\Stack\CC2640\..\..\Lib\</path>
         <kind>archive</kind>
         <file>CC2640Stack.a</file>
         <name>gapgattserver.o</name>
      </input_file>
      <input_file id="fl-159">
         <path>C:\ti\simplelink\ble_cc26xx_2_01_01_44627\Projects\ble\SimpleBLEPeripheral\CC26xx\CCS\SimpleBLEPeripheralStack\..\..\IAR\Stack\CC2640\..\..\Lib\</path>
         <kind>archive</kind>
         <file>CC2640Stack.a</file>
         <name>gatt_server.o</name>
      </input_file>
      <input_file id="fl-15a">
         <path>C:\ti\simplelink\ble_cc26xx_2_01_01_44627\Projects\ble\SimpleBLEPeripheral\CC26xx\CCS\SimpleBLEPeripheralStack\..\..\IAR\Stack\CC2640\..\..\Lib\</path>
         <kind>archive</kind>
         <file>CC2640Stack.a</file>
         <name>gatt_task.o</name>
      </input_file>
      <input_file id="fl-15b">
         <path>C:\ti\simplelink\ble_cc26xx_2_01_01_44627\Projects\ble\SimpleBLEPeripheral\CC26xx\CCS\SimpleBLEPeripheralStack\..\..\IAR\Stack\CC2640\..\..\Lib\</path>
         <kind>archive</kind>
         <file>CC2640Stack.a</file>
         <name>gatt_uuid.o</name>
      </input_file>
      <input_file id="fl-15c">
         <path>C:\ti\simplelink\ble_cc26xx_2_01_01_44627\Projects\ble\SimpleBLEPeripheral\CC26xx\CCS\SimpleBLEPeripheralStack\..\..\IAR\Stack\CC2640\..\..\Lib\</path>
         <kind>archive</kind>
         <file>CC2640Stack.a</file>
         <name>gattservapp.o</name>
      </input_file>
      <input_file id="fl-15d">
         <path>C:\ti\simplelink\ble_cc26xx_2_01_01_44627\Projects\ble\SimpleBLEPeripheral\CC26xx\CCS\SimpleBLEPeripheralStack\..\..\IAR\Stack\CC2640\..\..\Lib\</path>
         <kind>archive</kind>
         <file>CC2640Stack.a</file>
         <name>hci_data_PATCH.o</name>
      </input_file>
      <input_file id="fl-15e">
         <path>C:\ti\simplelink\ble_cc26xx_2_01_01_44627\Projects\ble\SimpleBLEPeripheral\CC26xx\CCS\SimpleBLEPeripheralStack\..\..\IAR\Stack\CC2640\..\..\Lib\</path>
         <kind>archive</kind>
         <file>CC2640Stack.a</file>
         <name>hci_event_PATCH.o</name>
      </input_file>
      <input_file id="fl-15f">
         <path>C:\ti\simplelink\ble_cc26xx_2_01_01_44627\Projects\ble\SimpleBLEPeripheral\CC26xx\CCS\SimpleBLEPeripheralStack\..\..\IAR\Stack\CC2640\..\..\Lib\</path>
         <kind>archive</kind>
         <file>CC2640Stack.a</file>
         <name>hci_PATCH.o</name>
      </input_file>
      <input_file id="fl-160">
         <path>C:\ti\simplelink\ble_cc26xx_2_01_01_44627\Projects\ble\SimpleBLEPeripheral\CC26xx\CCS\SimpleBLEPeripheralStack\..\..\IAR\Stack\CC2640\..\..\Lib\</path>
         <kind>archive</kind>
         <file>CC2640Stack.a</file>
         <name>l2cap_if.o</name>
      </input_file>
      <input_file id="fl-161">
         <path>C:\ti\simplelink\ble_cc26xx_2_01_01_44627\Projects\ble\SimpleBLEPeripheral\CC26xx\CCS\SimpleBLEPeripheralStack\..\..\IAR\Stack\CC2640\..\..\Lib\</path>
         <kind>archive</kind>
         <file>CC2640Stack.a</file>
         <name>l2cap_task.o</name>
      </input_file>
      <input_file id="fl-162">
         <path>C:\ti\simplelink\ble_cc26xx_2_01_01_44627\Projects\ble\SimpleBLEPeripheral\CC26xx\CCS\SimpleBLEPeripheralStack\..\..\IAR\Stack\CC2640\..\..\Lib\</path>
         <kind>archive</kind>
         <file>CC2640Stack.a</file>
         <name>l2cap_util.o</name>
      </input_file>
      <input_file id="fl-163">
         <path>C:\ti\simplelink\ble_cc26xx_2_01_01_44627\Projects\ble\SimpleBLEPeripheral\CC26xx\CCS\SimpleBLEPeripheralStack\..\..\IAR\Stack\CC2640\..\..\Lib\</path>
         <kind>archive</kind>
         <file>CC2640Stack.a</file>
         <name>linkdb.o</name>
      </input_file>
      <input_file id="fl-164">
         <path>C:\ti\simplelink\ble_cc26xx_2_01_01_44627\Projects\ble\SimpleBLEPeripheral\CC26xx\CCS\SimpleBLEPeripheralStack\..\..\IAR\Stack\CC2640\..\..\Lib\</path>
         <kind>archive</kind>
         <file>CC2640Stack.a</file>
         <name>ll_advEndCauses_PATCH.o</name>
      </input_file>
      <input_file id="fl-165">
         <path>C:\ti\simplelink\ble_cc26xx_2_01_01_44627\Projects\ble\SimpleBLEPeripheral\CC26xx\CCS\SimpleBLEPeripheralStack\..\..\IAR\Stack\CC2640\..\..\Lib\</path>
         <kind>archive</kind>
         <file>CC2640Stack.a</file>
         <name>ll_common_PATCH.o</name>
      </input_file>
      <input_file id="fl-166">
         <path>C:\ti\simplelink\ble_cc26xx_2_01_01_44627\Projects\ble\SimpleBLEPeripheral\CC26xx\CCS\SimpleBLEPeripheralStack\..\..\IAR\Stack\CC2640\..\..\Lib\</path>
         <kind>archive</kind>
         <file>CC2640Stack.a</file>
         <name>ll_config.o</name>
      </input_file>
      <input_file id="fl-167">
         <path>C:\ti\simplelink\ble_cc26xx_2_01_01_44627\Projects\ble\SimpleBLEPeripheral\CC26xx\CCS\SimpleBLEPeripheralStack\..\..\IAR\Stack\CC2640\..\..\Lib\</path>
         <kind>archive</kind>
         <file>CC2640Stack.a</file>
         <name>ll_isr.o</name>
      </input_file>
      <input_file id="fl-168">
         <path>C:\ti\simplelink\ble_cc26xx_2_01_01_44627\Projects\ble\SimpleBLEPeripheral\CC26xx\CCS\SimpleBLEPeripheralStack\..\..\IAR\Stack\CC2640\..\..\Lib\</path>
         <kind>archive</kind>
         <file>CC2640Stack.a</file>
         <name>ll_PATCH.o</name>
      </input_file>
      <input_file id="fl-169">
         <path>C:\ti\simplelink\ble_cc26xx_2_01_01_44627\Projects\ble\SimpleBLEPeripheral\CC26xx\CCS\SimpleBLEPeripheralStack\..\..\IAR\Stack\CC2640\..\..\Lib\</path>
         <kind>archive</kind>
         <file>CC2640Stack.a</file>
         <name>ll_scheduler_PATCH.o</name>
      </input_file>
      <input_file id="fl-16a">
         <path>C:\ti\simplelink\ble_cc26xx_2_01_01_44627\Projects\ble\SimpleBLEPeripheral\CC26xx\CCS\SimpleBLEPeripheralStack\..\..\IAR\Stack\CC2640\..\..\Lib\</path>
         <kind>archive</kind>
         <file>CC2640Stack.a</file>
         <name>ll_slaveEndCauses_PATCH.o</name>
      </input_file>
      <input_file id="fl-16b">
         <path>C:\ti\simplelink\ble_cc26xx_2_01_01_44627\Projects\ble\SimpleBLEPeripheral\CC26xx\CCS\SimpleBLEPeripheralStack\..\..\IAR\Stack\CC2640\..\..\Lib\</path>
         <kind>archive</kind>
         <file>CC2640Stack.a</file>
         <name>ll_sleep.o</name>
      </input_file>
      <input_file id="fl-16c">
         <path>C:\ti\simplelink\ble_cc26xx_2_01_01_44627\Projects\ble\SimpleBLEPeripheral\CC26xx\CCS\SimpleBLEPeripheralStack\..\..\IAR\Stack\CC2640\..\..\Lib\</path>
         <kind>archive</kind>
         <file>CC2640Stack.a</file>
         <name>sm_mgr.o</name>
      </input_file>
      <input_file id="fl-16d">
         <path>C:\ti\simplelink\ble_cc26xx_2_01_01_44627\Projects\ble\SimpleBLEPeripheral\CC26xx\CCS\SimpleBLEPeripheralStack\..\..\IAR\Stack\CC2640\..\..\Lib\</path>
         <kind>archive</kind>
         <file>CC2640Stack.a</file>
         <name>sm_pairing.o</name>
      </input_file>
      <input_file id="fl-16e">
         <path>C:\ti\simplelink\ble_cc26xx_2_01_01_44627\Projects\ble\SimpleBLEPeripheral\CC26xx\CCS\SimpleBLEPeripheralStack\..\..\IAR\Stack\CC2640\..\..\Lib\</path>
         <kind>archive</kind>
         <file>CC2640Stack.a</file>
         <name>sm_rsppairing.o</name>
      </input_file>
      <input_file id="fl-16f">
         <path>C:\ti\simplelink\ble_cc26xx_2_01_01_44627\Projects\ble\SimpleBLEPeripheral\CC26xx\CCS\SimpleBLEPeripheralStack\..\..\IAR\Stack\CC2640\..\..\Lib\</path>
         <kind>archive</kind>
         <file>CC2640Stack.a</file>
         <name>sm_task.o</name>
      </input_file>
      <input_file id="fl-170">
         <path>C:\ti\simplelink\ble_cc26xx_2_01_01_44627\Projects\ble\SimpleBLEPeripheral\CC26xx\CCS\SimpleBLEPeripheralStack\..\..\IAR\Stack\CC2640\..\..\Lib\</path>
         <kind>archive</kind>
         <file>CC2640Stack.a</file>
         <name>smp.o</name>
      </input_file>
      <input_file id="fl-171">
         <path>C:\ti\simplelink\ble_cc26xx_2_01_01_44627\Projects\ble\SimpleBLEPeripheral\CC26xx\CCS\SimpleBLEPeripheralStack\..\..\IAR\Stack\CC2640\..\..\Lib\</path>
         <kind>archive</kind>
         <file>CC2640Stack_HCI_TL.a</file>
         <name>hci_tl.o</name>
      </input_file>
      <input_file id="fl-172">
         <path>C:\ti\tirtos_simplelink_2_13_00_06\products\cc26xxware_2_21_01_15600\driverlib\bin\ccs\</path>
         <kind>archive</kind>
         <file>driverlib.lib</file>
         <name>cpu.obj</name>
      </input_file>
   </input_file_list>
   <object_component_list>
      <object_component id="oc-1a8">
         <name>.text</name>
         <load_address>0xe02c</load_address>
         <run_address>0xe02c</run_address>
         <size>0xfbc</size>
         <input_file_ref idref="fl-15c"/>
      </object_component>
      <object_component id="oc-158">
         <name>.text</name>
         <load_address>0xefe8</load_address>
         <run_address>0xefe8</run_address>
         <size>0xd9c</size>
         <input_file_ref idref="fl-168"/>
      </object_component>
      <object_component id="oc-1d1">
         <name>.text</name>
         <load_address>0xfd84</load_address>
         <run_address>0xfd84</run_address>
         <size>0xd64</size>
         <input_file_ref idref="fl-b"/>
      </object_component>
      <object_component id="oc-3af">
         <name>.text</name>
         <load_address>0x10ae8</load_address>
         <run_address>0x10ae8</run_address>
         <size>0xa4c</size>
         <input_file_ref idref="fl-159"/>
      </object_component>
      <object_component id="oc-293">
         <name>.text</name>
         <load_address>0x11534</load_address>
         <run_address>0x11534</run_address>
         <size>0x94c</size>
         <input_file_ref idref="fl-165"/>
      </object_component>
      <object_component id="oc-1d7">
         <name>.text</name>
         <load_address>0x11e80</load_address>
         <run_address>0x11e80</run_address>
         <size>0x8c4</size>
         <input_file_ref idref="fl-16"/>
      </object_component>
      <object_component id="oc-36d">
         <name>.text</name>
         <load_address>0x12744</load_address>
         <run_address>0x12744</run_address>
         <size>0x8c0</size>
         <input_file_ref idref="fl-154"/>
      </object_component>
      <object_component id="oc-152">
         <name>.text</name>
         <load_address>0x13004</load_address>
         <run_address>0x13004</run_address>
         <size>0x798</size>
         <input_file_ref idref="fl-d"/>
      </object_component>
      <object_component id="oc-38e">
         <name>.text</name>
         <load_address>0x1379c</load_address>
         <run_address>0x1379c</run_address>
         <size>0x75c</size>
         <input_file_ref idref="fl-16d"/>
      </object_component>
      <object_component id="oc-2b6">
         <name>.text</name>
         <load_address>0x13ef8</load_address>
         <run_address>0x13ef8</run_address>
         <size>0x716</size>
         <input_file_ref idref="fl-16a"/>
      </object_component>
      <object_component id="oc-20d">
         <name>.text</name>
         <load_address>0x1460e</load_address>
         <run_address>0x1460e</run_address>
         <size>0x2</size>
         <input_file_ref idref="fl-1b"/>
      </object_component>
      <object_component id="oc-34a">
         <name>.text</name>
         <load_address>0x14610</load_address>
         <run_address>0x14610</run_address>
         <size>0x708</size>
         <input_file_ref idref="fl-16c"/>
      </object_component>
      <object_component id="oc-241">
         <name>.text</name>
         <load_address>0x14d18</load_address>
         <run_address>0x14d18</run_address>
         <size>0x6d4</size>
         <input_file_ref idref="fl-16b"/>
      </object_component>
      <object_component id="oc-4c2">
         <name>.text</name>
         <load_address>0x153ec</load_address>
         <run_address>0x153ec</run_address>
         <size>0x6a4</size>
         <input_file_ref idref="fl-166"/>
      </object_component>
      <object_component id="oc-459">
         <name>.text</name>
         <load_address>0x15a90</load_address>
         <run_address>0x15a90</run_address>
         <size>0x690</size>
         <input_file_ref idref="fl-155"/>
      </object_component>
      <object_component id="oc-2f9">
         <name>.text</name>
         <load_address>0x16120</load_address>
         <run_address>0x16120</run_address>
         <size>0x684</size>
         <input_file_ref idref="fl-162"/>
      </object_component>
      <object_component id="oc-3d8">
         <name>.text</name>
         <load_address>0x167a4</load_address>
         <run_address>0x167a4</run_address>
         <size>0x5b0</size>
         <input_file_ref idref="fl-150"/>
      </object_component>
      <object_component id="oc-505">
         <name>.text</name>
         <load_address>0x16d54</load_address>
         <run_address>0x16d54</run_address>
         <size>0x558</size>
         <input_file_ref idref="fl-16e"/>
      </object_component>
      <object_component id="oc-1e3">
         <name>.text</name>
         <load_address>0x172ac</load_address>
         <run_address>0x172ac</run_address>
         <size>0x4ec</size>
         <input_file_ref idref="fl-14"/>
      </object_component>
      <object_component id="oc-2bf">
         <name>.text</name>
         <load_address>0x17798</load_address>
         <run_address>0x17798</run_address>
         <size>0x470</size>
         <input_file_ref idref="fl-167"/>
      </object_component>
      <object_component id="oc-4db">
         <name>.text</name>
         <load_address>0x17c08</load_address>
         <run_address>0x17c08</run_address>
         <size>0x39a</size>
         <input_file_ref idref="fl-170"/>
      </object_component>
      <object_component id="oc-2b0">
         <name>.text</name>
         <load_address>0x17fa4</load_address>
         <run_address>0x17fa4</run_address>
         <size>0x382</size>
         <input_file_ref idref="fl-151"/>
      </object_component>
      <object_component id="oc-336">
         <name>.text</name>
         <load_address>0x18328</load_address>
         <run_address>0x18328</run_address>
         <size>0x358</size>
         <input_file_ref idref="fl-152"/>
      </object_component>
      <object_component id="oc-291">
         <name>.text</name>
         <load_address>0x18680</load_address>
         <run_address>0x18680</run_address>
         <size>0x338</size>
         <input_file_ref idref="fl-164"/>
      </object_component>
      <object_component id="oc-27b">
         <name>.text</name>
         <load_address>0x189b8</load_address>
         <run_address>0x189b8</run_address>
         <size>0x314</size>
         <input_file_ref idref="fl-15e"/>
      </object_component>
      <object_component id="oc-5c9">
         <name>.tramp.HCI_SendCommandCompleteEvent.1</name>
         <load_address>0x18ccc</load_address>
         <run_address>0x18ccc</run_address>
         <size>0x8</size>
         <input_file_ref idref="fl-1f"/>
      </object_component>
      <object_component id="oc-441">
         <name>.text</name>
         <load_address>0x18cd4</load_address>
         <run_address>0x18cd4</run_address>
         <size>0x308</size>
         <input_file_ref idref="fl-158"/>
      </object_component>
      <object_component id="oc-196">
         <name>.text</name>
         <load_address>0x18fdc</load_address>
         <run_address>0x18fdc</run_address>
         <size>0x2fc</size>
         <input_file_ref idref="fl-15a"/>
      </object_component>
      <object_component id="oc-213">
         <name>.text</name>
         <load_address>0x192d8</load_address>
         <run_address>0x192d8</run_address>
         <size>0x2e8</size>
         <input_file_ref idref="fl-17"/>
      </object_component>
      <object_component id="oc-269">
         <name>.text</name>
         <load_address>0x195c0</load_address>
         <run_address>0x195c0</run_address>
         <size>0x2d0</size>
         <input_file_ref idref="fl-15f"/>
      </object_component>
      <object_component id="oc-5ca">
         <name>.tramp.HCI_CommandCompleteEvent.1</name>
         <load_address>0x19890</load_address>
         <run_address>0x19890</run_address>
         <size>0x8</size>
         <input_file_ref idref="fl-1f"/>
      </object_component>
      <object_component id="oc-5cb">
         <name>.tramp.HCI_CommandStatusEvent.1</name>
         <load_address>0x19898</load_address>
         <run_address>0x19898</run_address>
         <size>0x8</size>
         <input_file_ref idref="fl-1f"/>
      </object_component>
      <object_component id="oc-5cc">
         <name>.tramp.LL_EXT_ResetSystem.1</name>
         <load_address>0x198a0</load_address>
         <run_address>0x198a0</run_address>
         <size>0x8</size>
         <input_file_ref idref="fl-1f"/>
      </object_component>
      <object_component id="oc-5cd">
         <name>.tramp.LL_ReadLocalVersionInfo.1</name>
         <load_address>0x198a8</load_address>
         <run_address>0x198a8</run_address>
         <size>0x8</size>
         <input_file_ref idref="fl-1f"/>
      </object_component>
      <object_component id="oc-2e8">
         <name>.text</name>
         <load_address>0x198b0</load_address>
         <run_address>0x198b0</run_address>
         <size>0x294</size>
         <input_file_ref idref="fl-163"/>
      </object_component>
      <object_component id="oc-189">
         <name>.text</name>
         <load_address>0x19b44</load_address>
         <run_address>0x19b44</run_address>
         <size>0x284</size>
         <input_file_ref idref="fl-157"/>
      </object_component>
      <object_component id="oc-183">
         <name>.text</name>
         <load_address>0x19dc8</load_address>
         <run_address>0x19dc8</run_address>
         <size>0x284</size>
         <input_file_ref idref="fl-161"/>
      </object_component>
      <object_component id="oc-223">
         <name>.text</name>
         <load_address>0x1a04c</load_address>
         <run_address>0x1a04c</run_address>
         <size>0x248</size>
         <input_file_ref idref="fl-11"/>
      </object_component>
      <object_component id="oc-2c9">
         <name>.text</name>
         <load_address>0x1a294</load_address>
         <run_address>0x1a294</run_address>
         <size>0x1f4</size>
         <input_file_ref idref="fl-14e"/>
      </object_component>
      <object_component id="oc-41b">
         <name>.text</name>
         <load_address>0x1a488</load_address>
         <run_address>0x1a488</run_address>
         <size>0x1ec</size>
         <input_file_ref idref="fl-14f"/>
      </object_component>
      <object_component id="oc-17d">
         <name>.text</name>
         <load_address>0x1a674</load_address>
         <run_address>0x1a674</run_address>
         <size>0x1a0</size>
         <input_file_ref idref="fl-13"/>
      </object_component>
      <object_component id="oc-31e">
         <name>.text</name>
         <load_address>0x1a814</load_address>
         <run_address>0x1a814</run_address>
         <size>0x15e</size>
         <input_file_ref idref="fl-160"/>
      </object_component>
      <object_component id="oc-5ce">
         <name>.tramp.HCI_SetControllerToHostFlowCtrlCmd.1</name>
         <load_address>0x1a974</load_address>
         <run_address>0x1a974</run_address>
         <size>0x8</size>
         <input_file_ref idref="fl-1f"/>
      </object_component>
      <object_component id="oc-5cf">
         <name>.tramp.HCI_HostBufferSizeCmd.1</name>
         <load_address>0x1a97c</load_address>
         <run_address>0x1a97c</run_address>
         <size>0x8</size>
         <input_file_ref idref="fl-1f"/>
      </object_component>
      <object_component id="oc-5d0">
         <name>.tramp.HCI_HostNumCompletedPktCmd.1</name>
         <load_address>0x1a984</load_address>
         <run_address>0x1a984</run_address>
         <size>0x8</size>
         <input_file_ref idref="fl-1f"/>
      </object_component>
      <object_component id="oc-43f">
         <name>.text</name>
         <load_address>0x1a98c</load_address>
         <run_address>0x1a98c</run_address>
         <size>0x13e</size>
         <input_file_ref idref="fl-15b"/>
      </object_component>
      <object_component id="oc-289">
         <name>.text</name>
         <load_address>0x1aacc</load_address>
         <run_address>0x1aacc</run_address>
         <size>0x138</size>
         <input_file_ref idref="fl-169"/>
      </object_component>
      <object_component id="oc-59">
         <name>.text</name>
         <load_address>0x1ac04</load_address>
         <run_address>0x1ac04</run_address>
         <size>0x114</size>
         <input_file_ref idref="fl-7"/>
      </object_component>
      <object_component id="oc-450">
         <name>.text</name>
         <load_address>0x1ad18</load_address>
         <run_address>0x1ad18</run_address>
         <size>0x10c</size>
         <input_file_ref idref="fl-156"/>
      </object_component>
      <object_component id="oc-192">
         <name>.text</name>
         <load_address>0x1ae24</load_address>
         <run_address>0x1ae24</run_address>
         <size>0x104</size>
         <input_file_ref idref="fl-16f"/>
      </object_component>
      <object_component id="oc-207">
         <name>.text</name>
         <load_address>0x1af28</load_address>
         <run_address>0x1af28</run_address>
         <size>0xc8</size>
         <input_file_ref idref="fl-12"/>
      </object_component>
      <object_component id="oc-287">
         <name>.text</name>
         <load_address>0x1aff0</load_address>
         <run_address>0x1aff0</run_address>
         <size>0xa8</size>
         <input_file_ref idref="fl-15d"/>
      </object_component>
      <object_component id="oc-5d1">
         <name>.tramp.LL_CtrlToHostFlowControl.1</name>
         <load_address>0x1b098</load_address>
         <run_address>0x1b098</run_address>
         <size>0x8</size>
         <input_file_ref idref="fl-1f"/>
      </object_component>
      <object_component id="oc-2c">
         <name>.text</name>
         <load_address>0x1b0a0</load_address>
         <run_address>0x1b0a0</run_address>
         <size>0x9c</size>
         <input_file_ref idref="fl-14b"/>
      </object_component>
      <object_component id="oc-21d">
         <name>.text</name>
         <load_address>0x1b13c</load_address>
         <run_address>0x1b13c</run_address>
         <size>0x90</size>
         <input_file_ref idref="fl-10"/>
      </object_component>
      <object_component id="oc-32f">
         <name>.text</name>
         <load_address>0x1b1cc</load_address>
         <run_address>0x1b1cc</run_address>
         <size>0x82</size>
         <input_file_ref idref="fl-153"/>
      </object_component>
      <object_component id="oc-41">
         <name>.text</name>
         <load_address>0x1b24e</load_address>
         <run_address>0x1b24e</run_address>
         <size>0x7a</size>
         <input_file_ref idref="fl-14c"/>
      </object_component>
      <object_component id="oc-175">
         <name>.text</name>
         <load_address>0x1b2c8</load_address>
         <run_address>0x1b2c8</run_address>
         <size>0x78</size>
         <input_file_ref idref="fl-171"/>
      </object_component>
      <object_component id="oc-235">
         <name>.text:NOROM_IntDisable</name>
         <load_address>0x1b340</load_address>
         <run_address>0x1b340</run_address>
         <size>0x78</size>
         <input_file_ref idref="fl-174"/>
      </object_component>
      <object_component id="oc-22f">
         <name>.text:NOROM_IntEnable</name>
         <load_address>0x1b3b8</load_address>
         <run_address>0x1b3b8</run_address>
         <size>0x78</size>
         <input_file_ref idref="fl-174"/>
      </object_component>
      <object_component id="oc-47">
         <name>.text</name>
         <load_address>0x1b430</load_address>
         <run_address>0x1b430</run_address>
         <size>0x6c</size>
         <input_file_ref idref="fl-144"/>
      </object_component>
      <object_component id="oc-3a">
         <name>.text</name>
         <load_address>0x1b49c</load_address>
         <run_address>0x1b49c</run_address>
         <size>0x6a</size>
         <input_file_ref idref="fl-146"/>
      </object_component>
      <object_component id="oc-2d3">
         <name>.text</name>
         <load_address>0x1b508</load_address>
         <run_address>0x1b508</run_address>
         <size>0x68</size>
         <input_file_ref idref="fl-e"/>
      </object_component>
      <object_component id="oc-53">
         <name>.text</name>
         <load_address>0x1b570</load_address>
         <run_address>0x1b570</run_address>
         <size>0x68</size>
         <input_file_ref idref="fl-8"/>
      </object_component>
      <object_component id="oc-438">
         <name>.text</name>
         <load_address>0x1b5d8</load_address>
         <run_address>0x1b5d8</run_address>
         <size>0x64</size>
         <input_file_ref idref="fl-c"/>
      </object_component>
      <object_component id="oc-23b">
         <name>.text</name>
         <load_address>0x1b63c</load_address>
         <run_address>0x1b63c</run_address>
         <size>0x64</size>
         <input_file_ref idref="fl-1a"/>
      </object_component>
      <object_component id="oc-1dd">
         <name>.text</name>
         <load_address>0x1b6a0</load_address>
         <run_address>0x1b6a0</run_address>
         <size>0x54</size>
         <input_file_ref idref="fl-9"/>
      </object_component>
      <object_component id="oc-47e">
         <name>.text</name>
         <load_address>0x1b6f4</load_address>
         <run_address>0x1b6f4</run_address>
         <size>0x54</size>
         <input_file_ref idref="fl-18"/>
      </object_component>
      <object_component id="oc-12b">
         <name>.text</name>
         <load_address>0x1b748</load_address>
         <run_address>0x1b748</run_address>
         <size>0x4c</size>
         <input_file_ref idref="fl-148"/>
      </object_component>
      <object_component id="oc-14c">
         <name>.text</name>
         <load_address>0x1b794</load_address>
         <run_address>0x1b794</run_address>
         <size>0x48</size>
         <input_file_ref idref="fl-f"/>
      </object_component>
      <object_component id="oc-474">
         <name>.text</name>
         <load_address>0x1b7dc</load_address>
         <run_address>0x1b7dc</run_address>
         <size>0x3c</size>
         <input_file_ref idref="fl-a"/>
      </object_component>
      <object_component id="oc-4d">
         <name>.text</name>
         <load_address>0x1b818</load_address>
         <run_address>0x1b818</run_address>
         <size>0x30</size>
         <input_file_ref idref="fl-5"/>
      </object_component>
      <object_component id="oc-4b7">
         <name>.text:NOROM_TRNGConfigure</name>
         <load_address>0x1b848</load_address>
         <run_address>0x1b848</run_address>
         <size>0x26</size>
         <input_file_ref idref="fl-175"/>
      </object_component>
      <object_component id="oc-50f">
         <name>.text:NOROM_FlashProgram</name>
         <load_address>0x1b86e</load_address>
         <run_address>0x1b86e</run_address>
         <size>0x1e</size>
         <input_file_ref idref="fl-173"/>
      </object_component>
      <object_component id="oc-48a">
         <name>.text:NOROM_FlashSectorErase</name>
         <load_address>0x1b88c</load_address>
         <run_address>0x1b88c</run_address>
         <size>0x1e</size>
         <input_file_ref idref="fl-173"/>
      </object_component>
      <object_component id="oc-2ce">
         <name>.text</name>
         <load_address>0x1b8aa</load_address>
         <run_address>0x1b8aa</run_address>
         <size>0x18</size>
         <input_file_ref idref="fl-149"/>
      </object_component>
      <object_component id="oc-484">
         <name>.text:NOROM_VIMSModeGet</name>
         <load_address>0x1b8c2</load_address>
         <run_address>0x1b8c2</run_address>
         <size>0x16</size>
         <input_file_ref idref="fl-176"/>
      </object_component>
      <object_component id="oc-2d9">
         <name>.text</name>
         <load_address>0x1b8d8</load_address>
         <run_address>0x1b8d8</run_address>
         <size>0x14</size>
         <input_file_ref idref="fl-14d"/>
      </object_component>
      <object_component id="oc-229">
         <name>.text</name>
         <load_address>0x1b8ec</load_address>
         <run_address>0x1b8ec</run_address>
         <size>0x12</size>
         <input_file_ref idref="fl-4"/>
      </object_component>
      <object_component id="oc-5d2">
         <name>.tramp.LL_PseudoRand.1</name>
         <load_address>0x1b900</load_address>
         <run_address>0x1b900</run_address>
         <size>0x8</size>
         <input_file_ref idref="fl-1f"/>
      </object_component>
      <object_component id="oc-14">
         <name>.text:decompress:none</name>
         <load_address>0x1b908</load_address>
         <run_address>0x1b908</run_address>
         <size>0xe</size>
         <input_file_ref idref="fl-145"/>
      </object_component>
      <object_component id="oc-13c">
         <name>.text:NOROM_CPUcpsid</name>
         <load_address>0x1b916</load_address>
         <run_address>0x1b916</run_address>
         <size>0xc</size>
         <input_file_ref idref="fl-172"/>
      </object_component>
      <object_component id="oc-142">
         <name>.text:NOROM_CPUcpsie</name>
         <load_address>0x1b922</load_address>
         <run_address>0x1b922</run_address>
         <size>0xc</size>
         <input_file_ref idref="fl-172"/>
      </object_component>
      <object_component id="oc-20">
         <name>.text:decompress:ZI</name>
         <load_address>0x1b92e</load_address>
         <run_address>0x1b92e</run_address>
         <size>0xc</size>
         <input_file_ref idref="fl-147"/>
      </object_component>
      <object_component id="oc-1a">
         <name>.text:decompress:rle24</name>
         <load_address>0x1b93a</load_address>
         <run_address>0x1b93a</run_address>
         <size>0x6</size>
         <input_file_ref idref="fl-146"/>
      </object_component>
      <object_component id="oc-5c8">
         <name>.tramp.llCalcScaFactor.1</name>
         <load_address>0x1b940</load_address>
         <run_address>0x1b940</run_address>
         <size>0x8</size>
         <input_file_ref idref="fl-1f"/>
      </object_component>
      <object_component id="oc-5c7">
         <name>.tramp.HCI_LE_SetRandomAddressCmd.1</name>
         <load_address>0x1b948</load_address>
         <run_address>0x1b948</run_address>
         <size>0x8</size>
         <input_file_ref idref="fl-1f"/>
      </object_component>
      <object_component id="oc-5c6">
         <name>.tramp.llGetNumTxDataEntries.1</name>
         <load_address>0x1b950</load_address>
         <run_address>0x1b950</run_address>
         <size>0x8</size>
         <input_file_ref idref="fl-1f"/>
      </object_component>
      <object_component id="oc-5c5">
         <name>.tramp.LL_ENC_GenDeviceIV.1</name>
         <load_address>0x1b958</load_address>
         <run_address>0x1b958</run_address>
         <size>0x8</size>
         <input_file_ref idref="fl-1f"/>
      </object_component>
      <object_component id="oc-5c4">
         <name>.tramp.LL_ENC_GenDeviceSKD.1</name>
         <load_address>0x1b960</load_address>
         <run_address>0x1b960</run_address>
         <size>0x8</size>
         <input_file_ref idref="fl-1f"/>
      </object_component>
      <object_component id="oc-5c3">
         <name>.tramp.LL_ENC_ReverseBytes.1</name>
         <load_address>0x1b968</load_address>
         <run_address>0x1b968</run_address>
         <size>0x8</size>
         <input_file_ref idref="fl-1f"/>
      </object_component>
      <object_component id="oc-5c2">
         <name>.tramp.llMemCopySrc.1</name>
         <load_address>0x1b970</load_address>
         <run_address>0x1b970</run_address>
         <size>0x8</size>
         <input_file_ref idref="fl-1f"/>
      </object_component>
      <object_component id="oc-5c1">
         <name>.tramp.LL_ENC_Decrypt.1</name>
         <load_address>0x1b978</load_address>
         <run_address>0x1b978</run_address>
         <size>0x8</size>
         <input_file_ref idref="fl-1f"/>
      </object_component>
      <object_component id="oc-5c0">
         <name>.tramp.HCI_LE_LtkReqNegReplyCmd.1</name>
         <load_address>0x1b980</load_address>
         <run_address>0x1b980</run_address>
         <size>0x8</size>
         <input_file_ref idref="fl-1f"/>
      </object_component>
      <object_component id="oc-5bf">
         <name>.tramp.HCI_LE_LtkReqReplyCmd.1</name>
         <load_address>0x1b988</load_address>
         <run_address>0x1b988</run_address>
         <size>0x8</size>
         <input_file_ref idref="fl-1f"/>
      </object_component>
      <object_component id="oc-5be">
         <name>.tramp.HCI_SendDataPkt.1</name>
         <load_address>0x1b990</load_address>
         <run_address>0x1b990</run_address>
         <size>0x8</size>
         <input_file_ref idref="fl-1f"/>
      </object_component>
      <object_component id="oc-5bd">
         <name>.tramp.HCI_LE_SetAdvParamCmd.1</name>
         <load_address>0x1b998</load_address>
         <run_address>0x1b998</run_address>
         <size>0x8</size>
         <input_file_ref idref="fl-1f"/>
      </object_component>
      <object_component id="oc-5bc">
         <name>.tramp.HCI_LE_SetAdvEnableCmd.1</name>
         <load_address>0x1b9a0</load_address>
         <run_address>0x1b9a0</run_address>
         <size>0x8</size>
         <input_file_ref idref="fl-1f"/>
      </object_component>
      <object_component id="oc-5bb">
         <name>.tramp.HCI_LE_SetScanRspDataCmd.1</name>
         <load_address>0x1b9a8</load_address>
         <run_address>0x1b9a8</run_address>
         <size>0x8</size>
         <input_file_ref idref="fl-1f"/>
      </object_component>
      <object_component id="oc-5ba">
         <name>.tramp.HCI_LE_SetAdvDataCmd.1</name>
         <load_address>0x1b9b0</load_address>
         <run_address>0x1b9b0</run_address>
         <size>0x8</size>
         <input_file_ref idref="fl-1f"/>
      </object_component>
      <object_component id="oc-5b9">
         <name>.tramp.llPatchCM0.1</name>
         <load_address>0x1b9b8</load_address>
         <run_address>0x1b9b8</run_address>
         <size>0x8</size>
         <input_file_ref idref="fl-1f"/>
      </object_component>
      <object_component id="oc-5b8">
         <name>.tramp.LL_Encrypt.1</name>
         <load_address>0x1b9c0</load_address>
         <run_address>0x1b9c0</run_address>
         <size>0x8</size>
         <input_file_ref idref="fl-1f"/>
      </object_component>
      <object_component id="oc-5b7">
         <name>.tramp.HCI_LE_RandCmd.1</name>
         <load_address>0x1b9c8</load_address>
         <run_address>0x1b9c8</run_address>
         <size>0x8</size>
         <input_file_ref idref="fl-1f"/>
      </object_component>
      <object_component id="oc-5b6">
         <name>.tramp.llMoveTempTxDataEntries.1</name>
         <load_address>0x1b9d0</load_address>
         <run_address>0x1b9d0</run_address>
         <size>0x8</size>
         <input_file_ref idref="fl-1f"/>
      </object_component>
      <object_component id="oc-5b5">
         <name>.tramp.llSetupVersionIndReq.1</name>
         <load_address>0x1b9d8</load_address>
         <run_address>0x1b9d8</run_address>
         <size>0x8</size>
         <input_file_ref idref="fl-1f"/>
      </object_component>
      <object_component id="oc-5b4">
         <name>.tramp.LL_ReadRemoteVersionInfoCback.1</name>
         <load_address>0x1b9e0</load_address>
         <run_address>0x1b9e0</run_address>
         <size>0x8</size>
         <input_file_ref idref="fl-1f"/>
      </object_component>
      <object_component id="oc-5b3">
         <name>.tramp.llSetupPauseEncRsp.1</name>
         <load_address>0x1b9e8</load_address>
         <run_address>0x1b9e8</run_address>
         <size>0x8</size>
         <input_file_ref idref="fl-1f"/>
      </object_component>
      <object_component id="oc-5b2">
         <name>.tramp.llSetupStartEncRsp.1</name>
         <load_address>0x1b9f0</load_address>
         <run_address>0x1b9f0</run_address>
         <size>0x8</size>
         <input_file_ref idref="fl-1f"/>
      </object_component>
      <object_component id="oc-5b1">
         <name>.tramp.LL_EncChangeCback.1</name>
         <load_address>0x1b9f8</load_address>
         <run_address>0x1b9f8</run_address>
         <size>0x8</size>
         <input_file_ref idref="fl-1f"/>
      </object_component>
      <object_component id="oc-5b0">
         <name>.tramp.LL_EncKeyRefreshCback.1</name>
         <load_address>0x1ba00</load_address>
         <run_address>0x1ba00</run_address>
         <size>0x8</size>
         <input_file_ref idref="fl-1f"/>
      </object_component>
      <object_component id="oc-5af">
         <name>.tramp.LL_ENC_AES128_Encrypt.1</name>
         <load_address>0x1ba08</load_address>
         <run_address>0x1ba08</run_address>
         <size>0x8</size>
         <input_file_ref idref="fl-1f"/>
      </object_component>
      <object_component id="oc-5ae">
         <name>.tramp.llSetupStartEncReq.1</name>
         <load_address>0x1ba10</load_address>
         <run_address>0x1ba10</run_address>
         <size>0x8</size>
         <input_file_ref idref="fl-1f"/>
      </object_component>
      <object_component id="oc-5ad">
         <name>.tramp.llSetupEncRsp.1</name>
         <load_address>0x1ba18</load_address>
         <run_address>0x1ba18</run_address>
         <size>0x8</size>
         <input_file_ref idref="fl-1f"/>
      </object_component>
      <object_component id="oc-5ac">
         <name>.tramp.LL_EncLtkReqCback.1</name>
         <load_address>0x1ba20</load_address>
         <run_address>0x1ba20</run_address>
         <size>0x8</size>
         <input_file_ref idref="fl-1f"/>
      </object_component>
      <object_component id="oc-5ab">
         <name>.tramp.llSetupUnknownRsp.1</name>
         <load_address>0x1ba28</load_address>
         <run_address>0x1ba28</run_address>
         <size>0x8</size>
         <input_file_ref idref="fl-1f"/>
      </object_component>
      <object_component id="oc-5aa">
         <name>.tramp.llConvertCtrlProcTimeoutToEvent.1</name>
         <load_address>0x1ba30</load_address>
         <run_address>0x1ba30</run_address>
         <size>0x8</size>
         <input_file_ref idref="fl-1f"/>
      </object_component>
      <object_component id="oc-5a9">
         <name>.tramp.llConvertLstoToEvent.1</name>
         <load_address>0x1ba38</load_address>
         <run_address>0x1ba38</run_address>
         <size>0x8</size>
         <input_file_ref idref="fl-1f"/>
      </object_component>
      <object_component id="oc-5a8">
         <name>.tramp.llEventInRange.1</name>
         <load_address>0x1ba40</load_address>
         <run_address>0x1ba40</run_address>
         <size>0x8</size>
         <input_file_ref idref="fl-1f"/>
      </object_component>
      <object_component id="oc-5a7">
         <name>.tramp.llCheckForLstoDuringSL.1</name>
         <load_address>0x1ba48</load_address>
         <run_address>0x1ba48</run_address>
         <size>0x8</size>
         <input_file_ref idref="fl-1f"/>
      </object_component>
      <object_component id="oc-5a6">
         <name>.tramp.llConnTerminate.1</name>
         <load_address>0x1ba50</load_address>
         <run_address>0x1ba50</run_address>
         <size>0x8</size>
         <input_file_ref idref="fl-1f"/>
      </object_component>
      <object_component id="oc-5a5">
         <name>.tramp.HCI_DisconnectCmd.1</name>
         <load_address>0x1ba58</load_address>
         <run_address>0x1ba58</run_address>
         <size>0x8</size>
         <input_file_ref idref="fl-1f"/>
      </object_component>
      <object_component id="oc-5a4">
         <name>.tramp.HCI_ReadRemoteVersionInfoCmd.1</name>
         <load_address>0x1ba60</load_address>
         <run_address>0x1ba60</run_address>
         <size>0x8</size>
         <input_file_ref idref="fl-1f"/>
      </object_component>
      <object_component id="oc-5a3">
         <name>.tramp.HCI_SetEventMaskCmd.1</name>
         <load_address>0x1ba68</load_address>
         <run_address>0x1ba68</run_address>
         <size>0x8</size>
         <input_file_ref idref="fl-1f"/>
      </object_component>
      <object_component id="oc-5a2">
         <name>.tramp.HCI_ReadTransmitPowerLevelCmd.1</name>
         <load_address>0x1ba70</load_address>
         <run_address>0x1ba70</run_address>
         <size>0x8</size>
         <input_file_ref idref="fl-1f"/>
      </object_component>
      <object_component id="oc-5a1">
         <name>.tramp.HCI_ReadLocalSupportedFeaturesCmd.1</name>
         <load_address>0x1ba78</load_address>
         <run_address>0x1ba78</run_address>
         <size>0x8</size>
         <input_file_ref idref="fl-1f"/>
      </object_component>
      <object_component id="oc-5a0">
         <name>.tramp.HCI_ReadBDADDRCmd.1</name>
         <load_address>0x1ba80</load_address>
         <run_address>0x1ba80</run_address>
         <size>0x8</size>
         <input_file_ref idref="fl-1f"/>
      </object_component>
      <object_component id="oc-59f">
         <name>.tramp.HCI_ReadRssiCmd.1</name>
         <load_address>0x1ba88</load_address>
         <run_address>0x1ba88</run_address>
         <size>0x8</size>
         <input_file_ref idref="fl-1f"/>
      </object_component>
      <object_component id="oc-59e">
         <name>.tramp.HCI_LE_ReadLocalSupportedFeaturesCmd.1</name>
         <load_address>0x1ba90</load_address>
         <run_address>0x1ba90</run_address>
         <size>0x8</size>
         <input_file_ref idref="fl-1f"/>
      </object_component>
      <object_component id="oc-59d">
         <name>.tramp.HCI_LE_ReadAdvChanTxPowerCmd.1</name>
         <load_address>0x1ba98</load_address>
         <run_address>0x1ba98</run_address>
         <size>0x8</size>
         <input_file_ref idref="fl-1f"/>
      </object_component>
      <object_component id="oc-59c">
         <name>.tramp.HCI_LE_ReadWhiteListSizeCmd.1</name>
         <load_address>0x1baa0</load_address>
         <run_address>0x1baa0</run_address>
         <size>0x8</size>
         <input_file_ref idref="fl-1f"/>
      </object_component>
      <object_component id="oc-59b">
         <name>.tramp.HCI_LE_RemoveWhiteListCmd.1</name>
         <load_address>0x1baa8</load_address>
         <run_address>0x1baa8</run_address>
         <size>0x8</size>
         <input_file_ref idref="fl-1f"/>
      </object_component>
      <object_component id="oc-59a">
         <name>.tramp.HCI_LE_ReadChannelMapCmd.1</name>
         <load_address>0x1bab0</load_address>
         <run_address>0x1bab0</run_address>
         <size>0x8</size>
         <input_file_ref idref="fl-1f"/>
      </object_component>
      <object_component id="oc-599">
         <name>.tramp.HCI_LE_EncryptCmd.1</name>
         <load_address>0x1bab8</load_address>
         <run_address>0x1bab8</run_address>
         <size>0x8</size>
         <input_file_ref idref="fl-1f"/>
      </object_component>
      <object_component id="oc-598">
         <name>.tramp.HCI_LE_ReadSupportedStatesCmd.1</name>
         <load_address>0x1bac0</load_address>
         <run_address>0x1bac0</run_address>
         <size>0x8</size>
         <input_file_ref idref="fl-1f"/>
      </object_component>
      <object_component id="oc-597">
         <name>.tramp.HCI_LE_TestEndCmd.1</name>
         <load_address>0x1bac8</load_address>
         <run_address>0x1bac8</run_address>
         <size>0x8</size>
         <input_file_ref idref="fl-1f"/>
      </object_component>
      <object_component id="oc-596">
         <name>.tramp.HCI_EXT_SetTxPowerCmd.1</name>
         <load_address>0x1bad0</load_address>
         <run_address>0x1bad0</run_address>
         <size>0x8</size>
         <input_file_ref idref="fl-1f"/>
      </object_component>
      <object_component id="oc-595">
         <name>.tramp.HCI_EXT_OnePktPerEvtCmd.1</name>
         <load_address>0x1bad8</load_address>
         <run_address>0x1bad8</run_address>
         <size>0x8</size>
         <input_file_ref idref="fl-1f"/>
      </object_component>
      <object_component id="oc-594">
         <name>.tramp.HCI_EXT_DecryptCmd.1</name>
         <load_address>0x1bae0</load_address>
         <run_address>0x1bae0</run_address>
         <size>0x8</size>
         <input_file_ref idref="fl-1f"/>
      </object_component>
      <object_component id="oc-593">
         <name>.tramp.HCI_EXT_SetLocalSupportedFeaturesCmd.1</name>
         <load_address>0x1bae8</load_address>
         <run_address>0x1bae8</run_address>
         <size>0x8</size>
         <input_file_ref idref="fl-1f"/>
      </object_component>
      <object_component id="oc-592">
         <name>.tramp.HCI_EXT_SetFastTxResponseTimeCmd.1</name>
         <load_address>0x1baf0</load_address>
         <run_address>0x1baf0</run_address>
         <size>0x8</size>
         <input_file_ref idref="fl-1f"/>
      </object_component>
      <object_component id="oc-591">
         <name>.tramp.HCI_EXT_ModemTestTxCmd.1</name>
         <load_address>0x1baf8</load_address>
         <run_address>0x1baf8</run_address>
         <size>0x8</size>
         <input_file_ref idref="fl-1f"/>
      </object_component>
      <object_component id="oc-590">
         <name>.tramp.HCI_EXT_ModemHopTestTxCmd.1</name>
         <load_address>0x1bb00</load_address>
         <run_address>0x1bb00</run_address>
         <size>0x8</size>
         <input_file_ref idref="fl-1f"/>
      </object_component>
      <object_component id="oc-58f">
         <name>.tramp.HCI_EXT_ModemTestRxCmd.1</name>
         <load_address>0x1bb08</load_address>
         <run_address>0x1bb08</run_address>
         <size>0x8</size>
         <input_file_ref idref="fl-1f"/>
      </object_component>
      <object_component id="oc-58e">
         <name>.tramp.HCI_EXT_EndModemTestCmd.1</name>
         <load_address>0x1bb10</load_address>
         <run_address>0x1bb10</run_address>
         <size>0x8</size>
         <input_file_ref idref="fl-1f"/>
      </object_component>
      <object_component id="oc-58d">
         <name>.tramp.HCI_EXT_SetBDADDRCmd.1</name>
         <load_address>0x1bb18</load_address>
         <run_address>0x1bb18</run_address>
         <size>0x8</size>
         <input_file_ref idref="fl-1f"/>
      </object_component>
      <object_component id="oc-58c">
         <name>.tramp.HCI_EXT_SetSCACmd.1</name>
         <load_address>0x1bb20</load_address>
         <run_address>0x1bb20</run_address>
         <size>0x8</size>
         <input_file_ref idref="fl-1f"/>
      </object_component>
      <object_component id="oc-58b">
         <name>.tramp.HCI_EXT_EnablePTMCmd.1</name>
         <load_address>0x1bb28</load_address>
         <run_address>0x1bb28</run_address>
         <size>0x8</size>
         <input_file_ref idref="fl-1f"/>
      </object_component>
      <object_component id="oc-58a">
         <name>.tramp.HCI_EXT_SetMaxDtmTxPowerCmd.1</name>
         <load_address>0x1bb30</load_address>
         <run_address>0x1bb30</run_address>
         <size>0x8</size>
         <input_file_ref idref="fl-1f"/>
      </object_component>
      <object_component id="oc-589">
         <name>.tramp.HCI_EXT_DisconnectImmedCmd.1</name>
         <load_address>0x1bb38</load_address>
         <run_address>0x1bb38</run_address>
         <size>0x8</size>
         <input_file_ref idref="fl-1f"/>
      </object_component>
      <object_component id="oc-588">
         <name>.tramp.HCI_EXT_PacketErrorRateCmd.1</name>
         <load_address>0x1bb40</load_address>
         <run_address>0x1bb40</run_address>
         <size>0x8</size>
         <input_file_ref idref="fl-1f"/>
      </object_component>
      <object_component id="oc-587">
         <name>.tramp.HCI_EXT_PERbyChanCmd.1</name>
         <load_address>0x1bb48</load_address>
         <run_address>0x1bb48</run_address>
         <size>0x8</size>
         <input_file_ref idref="fl-1f"/>
      </object_component>
      <object_component id="oc-586">
         <name>.tramp.HCI_EXT_AdvEventNoticeCmd.1</name>
         <load_address>0x1bb50</load_address>
         <run_address>0x1bb50</run_address>
         <size>0x8</size>
         <input_file_ref idref="fl-1f"/>
      </object_component>
      <object_component id="oc-585">
         <name>.tramp.HCI_EXT_SetSlaveLatencyOverrideCmd.1</name>
         <load_address>0x1bb58</load_address>
         <run_address>0x1bb58</run_address>
         <size>0x8</size>
         <input_file_ref idref="fl-1f"/>
      </object_component>
      <object_component id="oc-584">
         <name>.tramp.HCI_EXT_BuildRevisionCmd.1</name>
         <load_address>0x1bb60</load_address>
         <run_address>0x1bb60</run_address>
         <size>0x8</size>
         <input_file_ref idref="fl-1f"/>
      </object_component>
      <object_component id="oc-583">
         <name>.tramp.HCI_EXT_NumComplPktsLimitCmd.1</name>
         <load_address>0x1bb68</load_address>
         <run_address>0x1bb68</run_address>
         <size>0x8</size>
         <input_file_ref idref="fl-1f"/>
      </object_component>
      <object_component id="oc-582">
         <name>.tramp.llSetupRejectInd.1</name>
         <load_address>0x1bb70</load_address>
         <run_address>0x1bb70</run_address>
         <size>0x8</size>
         <input_file_ref idref="fl-1f"/>
      </object_component>
      <object_component id="oc-581">
         <name>.tramp.llTimeDelta.1</name>
         <load_address>0x1bb78</load_address>
         <run_address>0x1bb78</run_address>
         <size>0x8</size>
         <input_file_ref idref="fl-1f"/>
      </object_component>
      <object_component id="oc-580">
         <name>.tramp.LL_RX_bm_alloc.1</name>
         <load_address>0x1bb80</load_address>
         <run_address>0x1bb80</run_address>
         <size>0x8</size>
         <input_file_ref idref="fl-1f"/>
      </object_component>
      <object_component id="oc-57f">
         <name>.tramp.HCI_bm_alloc.1</name>
         <load_address>0x1bb88</load_address>
         <run_address>0x1bb88</run_address>
         <size>0x8</size>
         <input_file_ref idref="fl-1f"/>
      </object_component>
      <object_component id="oc-57e">
         <name>.tramp.llTimeCompare.1</name>
         <load_address>0x1bb90</load_address>
         <run_address>0x1bb90</run_address>
         <size>0x8</size>
         <input_file_ref idref="fl-1f"/>
      </object_component>
      <object_component id="oc-57d">
         <name>.tramp.llReleaseConnId.1</name>
         <load_address>0x1bb98</load_address>
         <run_address>0x1bb98</run_address>
         <size>0x8</size>
         <input_file_ref idref="fl-1f"/>
      </object_component>
      <object_component id="oc-57c">
         <name>.tramp.LL_ENC_Encrypt.1</name>
         <load_address>0x1bba0</load_address>
         <run_address>0x1bba0</run_address>
         <size>0x8</size>
         <input_file_ref idref="fl-1f"/>
      </object_component>
      <object_component id="oc-57b">
         <name>.tramp.LL_TX_bm_alloc.1</name>
         <load_address>0x1bba8</load_address>
         <run_address>0x1bba8</run_address>
         <size>0x8</size>
         <input_file_ref idref="fl-1f"/>
      </object_component>
      <object_component id="oc-57a">
         <name>.tramp.llEventDelta.1</name>
         <load_address>0x1bbb0</load_address>
         <run_address>0x1bbb0</run_address>
         <size>0x8</size>
         <input_file_ref idref="fl-1f"/>
      </object_component>
      <object_component id="oc-579">
         <name>.tramp.HCI_LE_AddWhiteListCmd.1</name>
         <load_address>0x1bbb8</load_address>
         <run_address>0x1bbb8</run_address>
         <size>0x8</size>
         <input_file_ref idref="fl-1f"/>
      </object_component>
      <object_component id="oc-578">
         <name>.tramp.HCI_LE_ClearWhiteListCmd.1</name>
         <load_address>0x1bbc0</load_address>
         <run_address>0x1bbc0</run_address>
         <size>0x8</size>
         <input_file_ref idref="fl-1f"/>
      </object_component>
      <object_component id="oc-577">
         <name>.tramp.llFreeTask.1</name>
         <load_address>0x1bbc8</load_address>
         <run_address>0x1bbc8</run_address>
         <size>0x8</size>
         <input_file_ref idref="fl-1f"/>
      </object_component>
      <object_component id="oc-576">
         <name>.tramp.llGetNumTasks.1</name>
         <load_address>0x1bbd0</load_address>
         <run_address>0x1bbd0</run_address>
         <size>0x8</size>
         <input_file_ref idref="fl-1f"/>
      </object_component>
      <object_component id="oc-575">
         <name>.tramp.llScheduler.1</name>
         <load_address>0x1bbd8</load_address>
         <run_address>0x1bbd8</run_address>
         <size>0x8</size>
         <input_file_ref idref="fl-1f"/>
      </object_component>
      <object_component id="oc-574">
         <name>.tramp.llSetupAdv.1</name>
         <load_address>0x1bbe0</load_address>
         <run_address>0x1bbe0</run_address>
         <size>0x8</size>
         <input_file_ref idref="fl-1f"/>
      </object_component>
      <object_component id="oc-573">
         <name>.tramp.llGetActiveTasks.1</name>
         <load_address>0x1bbe8</load_address>
         <run_address>0x1bbe8</run_address>
         <size>0x8</size>
         <input_file_ref idref="fl-1f"/>
      </object_component>
      <object_component id="oc-572">
         <name>.tramp.LL_DirectTestEndDoneCback.1</name>
         <load_address>0x1bbf0</load_address>
         <run_address>0x1bbf0</run_address>
         <size>0x8</size>
         <input_file_ref idref="fl-1f"/>
      </object_component>
      <object_component id="oc-571">
         <name>.tramp.llRfStartFS.1</name>
         <load_address>0x1bbf8</load_address>
         <run_address>0x1bbf8</run_address>
         <size>0x8</size>
         <input_file_ref idref="fl-1f"/>
      </object_component>
      <object_component id="oc-570">
         <name>.tramp.llWriteTxData.1</name>
         <load_address>0x1bc00</load_address>
         <run_address>0x1bc00</run_address>
         <size>0x8</size>
         <input_file_ref idref="fl-1f"/>
      </object_component>
      <object_component id="oc-56f">
         <name>.tramp.HCI_DataBufferOverflowEvent.1</name>
         <load_address>0x1bc08</load_address>
         <run_address>0x1bc08</run_address>
         <size>0x8</size>
         <input_file_ref idref="fl-1f"/>
      </object_component>
      <object_component id="oc-56e">
         <name>.tramp.llEnqueueCtrlPkt.1</name>
         <load_address>0x1bc10</load_address>
         <run_address>0x1bc10</run_address>
         <size>0x8</size>
         <input_file_ref idref="fl-1f"/>
      </object_component>
      <object_component id="oc-56d">
         <name>.tramp.LL_ConnActive.1</name>
         <load_address>0x1bc18</load_address>
         <run_address>0x1bc18</run_address>
         <size>0x8</size>
         <input_file_ref idref="fl-1f"/>
      </object_component>
      <object_component id="oc-56c">
         <name>.tramp.llReleaseAllConnId.1</name>
         <load_address>0x1bc20</load_address>
         <run_address>0x1bc20</run_address>
         <size>0x8</size>
         <input_file_ref idref="fl-1f"/>
      </object_component>
      <object_component id="oc-56b">
         <name>.tramp.LL_ClearWhiteList.1</name>
         <load_address>0x1bc28</load_address>
         <run_address>0x1bc28</run_address>
         <size>0x8</size>
         <input_file_ref idref="fl-1f"/>
      </object_component>
      <object_component id="oc-56a">
         <name>.tramp.LL_ENC_Init.1</name>
         <load_address>0x1bc30</load_address>
         <run_address>0x1bc30</run_address>
         <size>0x8</size>
         <input_file_ref idref="fl-1f"/>
      </object_component>
      <object_component id="oc-569">
         <name>.tramp.WL_Init.1</name>
         <load_address>0x1bc38</load_address>
         <run_address>0x1bc38</run_address>
         <size>0x8</size>
         <input_file_ref idref="fl-1f"/>
      </object_component>
      <object_component id="oc-568">
         <name>.tramp.llHaltRadio.1</name>
         <load_address>0x1bc40</load_address>
         <run_address>0x1bc40</run_address>
         <size>0x8</size>
         <input_file_ref idref="fl-1f"/>
      </object_component>
      <object_component id="oc-567">
         <name>.tramp.HCI_HardwareErrorEvent.1</name>
         <load_address>0x1bc48</load_address>
         <run_address>0x1bc48</run_address>
         <size>0x8</size>
         <input_file_ref idref="fl-1f"/>
      </object_component>
      <object_component id="oc-566">
         <name>.tramp.LL_ConnectionCompleteCback.1</name>
         <load_address>0x1bc50</load_address>
         <run_address>0x1bc50</run_address>
         <size>0x8</size>
         <input_file_ref idref="fl-1f"/>
      </object_component>
      <object_component id="oc-565">
         <name>.tramp.llGetCurrentTask.1</name>
         <load_address>0x1bc58</load_address>
         <run_address>0x1bc58</run_address>
         <size>0x8</size>
         <input_file_ref idref="fl-1f"/>
      </object_component>
      <object_component id="oc-564">
         <name>.tramp.LL_ENC_GenerateTrueRandNum.1</name>
         <load_address>0x1bc60</load_address>
         <run_address>0x1bc60</run_address>
         <size>0x8</size>
         <input_file_ref idref="fl-1f"/>
      </object_component>
      <object_component id="oc-563">
         <name>.tramp.llInitRAT.1</name>
         <load_address>0x1bc68</load_address>
         <run_address>0x1bc68</run_address>
         <size>0x8</size>
         <input_file_ref idref="fl-1f"/>
      </object_component>
      <object_component id="oc-562">
         <name>.tramp.llGetCurrentTime.1</name>
         <load_address>0x1bc70</load_address>
         <run_address>0x1bc70</run_address>
         <size>0x8</size>
         <input_file_ref idref="fl-1f"/>
      </object_component>
      <object_component id="oc-561">
         <name>.tramp.llSetupRfHal.1</name>
         <load_address>0x1bc78</load_address>
         <run_address>0x1bc78</run_address>
         <size>0x8</size>
         <input_file_ref idref="fl-1f"/>
      </object_component>
      <object_component id="oc-560">
         <name>.tramp.llSetupMailbox.1</name>
         <load_address>0x1bc80</load_address>
         <run_address>0x1bc80</run_address>
         <size>0x8</size>
         <input_file_ref idref="fl-1f"/>
      </object_component>
      <object_component id="oc-55f">
         <name>.tramp.llResetRadio.1</name>
         <load_address>0x1bc88</load_address>
         <run_address>0x1bc88</run_address>
         <size>0x8</size>
         <input_file_ref idref="fl-1f"/>
      </object_component>
      <object_component id="oc-148">
         <name>.const</name>
         <load_address>0x1bc90</load_address>
         <run_address>0x1bc90</run_address>
         <size>0x664</size>
         <input_file_ref idref="fl-8"/>
      </object_component>
      <object_component id="oc-138">
         <name>.const</name>
         <load_address>0x1c2f4</load_address>
         <run_address>0x1c2f4</run_address>
         <size>0x10c</size>
         <input_file_ref idref="fl-5"/>
      </object_component>
      <object_component id="oc-2df">
         <name>.const:tasksArr</name>
         <load_address>0x1c400</load_address>
         <run_address>0x1c400</run_address>
         <size>0x28</size>
         <input_file_ref idref="fl-7"/>
      </object_component>
      <object_component id="oc-268">
         <name>.rodata</name>
         <load_address>0x1c428</load_address>
         <run_address>0x1c428</run_address>
         <size>0x5c</size>
         <input_file_ref idref="fl-166"/>
      </object_component>
      <object_component id="oc-52c">
         <name>.rodata</name>
         <load_address>0x1c484</load_address>
         <run_address>0x1c484</run_address>
         <size>0x8</size>
         <input_file_ref idref="fl-158"/>
      </object_component>
      <object_component id="oc-4fa">
         <name>.rodata</name>
         <load_address>0x1c48c</load_address>
         <run_address>0x1c48c</run_address>
         <size>0x8</size>
         <input_file_ref idref="fl-15c"/>
      </object_component>
      <object_component id="oc-47a">
         <name>.rodata</name>
         <load_address>0x1c494</load_address>
         <run_address>0x1c494</run_address>
         <size>0x2</size>
         <input_file_ref idref="fl-168"/>
      </object_component>
      <object_component id="oc-55c">
         <name>.cinit..data.load</name>
         <load_address>0x1c498</load_address>
         <run_address>0x1c498</run_address>
         <size>0x14e</size>
      </object_component>
      <object_component id="oc-55a">
         <name>__TI_handler_table</name>
         <load_address>0x1c5e8</load_address>
         <run_address>0x1c5e8</run_address>
         <size>0xc</size>
      </object_component>
      <object_component id="oc-55e">
         <name>.cinit..TI.bound:mbIntCbackTable.load</name>
         <load_address>0x1c5f8</load_address>
         <run_address>0x1c5f8</run_address>
         <size>0x8</size>
      </object_component>
      <object_component id="oc-55d">
         <name>.cinit..bss.load</name>
         <load_address>0x1c600</load_address>
         <run_address>0x1c600</run_address>
         <size>0x8</size>
      </object_component>
      <object_component id="oc-55b">
         <name>__TI_cinit_table</name>
         <load_address>0x1c608</load_address>
         <run_address>0x1c608</run_address>
         <size>0x18</size>
      </object_component>
      <object_component id="oc-26">
         <name>EntrySection</name>
         <load_address>0xe000</load_address>
         <run_address>0xe000</run_address>
         <size>0x2c</size>
         <input_file_ref idref="fl-6"/>
      </object_component>
      <object_component id="oc-4f8">
         <name>.bss</name>
         <uninitialized>true</uninitialized>
         <run_address>0x2000488c</run_address>
         <size>0x4</size>
         <input_file_ref idref="fl-14f"/>
      </object_component>
      <object_component id="oc-4d8">
         <name>.bss</name>
         <uninitialized>true</uninitialized>
         <run_address>0x20004894</run_address>
         <size>0x4</size>
         <input_file_ref idref="fl-153"/>
      </object_component>
      <object_component id="oc-4d7">
         <name>.bss</name>
         <uninitialized>true</uninitialized>
         <run_address>0x20004890</run_address>
         <size>0x4</size>
         <input_file_ref idref="fl-153"/>
      </object_component>
      <object_component id="oc-38d">
         <name>.bss</name>
         <uninitialized>true</uninitialized>
         <run_address>0x20004898</run_address>
         <size>0x4</size>
         <input_file_ref idref="fl-154"/>
      </object_component>
      <object_component id="oc-504">
         <name>.bss</name>
         <uninitialized>true</uninitialized>
         <run_address>0x2000488a</run_address>
         <size>0x2</size>
         <input_file_ref idref="fl-155"/>
      </object_component>
      <object_component id="oc-4fd">
         <name>.bss</name>
         <uninitialized>true</uninitialized>
         <run_address>0x2000489c</run_address>
         <size>0x4</size>
         <input_file_ref idref="fl-158"/>
      </object_component>
      <object_component id="oc-4f5">
         <name>.bss</name>
         <uninitialized>true</uninitialized>
         <run_address>0x200048a0</run_address>
         <size>0x4</size>
         <input_file_ref idref="fl-159"/>
      </object_component>
      <object_component id="oc-434">
         <name>.bss</name>
         <uninitialized>true</uninitialized>
         <run_address>0x200048b4</run_address>
         <size>0x2</size>
         <input_file_ref idref="fl-15a"/>
      </object_component>
      <object_component id="oc-432">
         <name>.bss</name>
         <uninitialized>true</uninitialized>
         <run_address>0x20004864</run_address>
         <size>0x8</size>
         <input_file_ref idref="fl-15a"/>
      </object_component>
      <object_component id="oc-436">
         <name>.bss</name>
         <uninitialized>true</uninitialized>
         <run_address>0x200047f0</run_address>
         <size>0x24</size>
         <input_file_ref idref="fl-15c"/>
      </object_component>
      <object_component id="oc-437">
         <name>.bss</name>
         <uninitialized>true</uninitialized>
         <run_address>0x200048a4</run_address>
         <size>0x4</size>
         <input_file_ref idref="fl-15c"/>
      </object_component>
      <object_component id="oc-4c6">
         <name>.bss</name>
         <uninitialized>true</uninitialized>
         <run_address>0x2000482c</run_address>
         <size>0x10</size>
         <input_file_ref idref="fl-15e"/>
      </object_component>
      <object_component id="oc-4d6">
         <name>.bss</name>
         <uninitialized>true</uninitialized>
         <run_address>0x200048b8</run_address>
         <size>0x1</size>
         <input_file_ref idref="fl-160"/>
      </object_component>
      <object_component id="oc-32c">
         <name>.bss</name>
         <uninitialized>true</uninitialized>
         <run_address>0x2000486c</run_address>
         <size>0x8</size>
         <input_file_ref idref="fl-161"/>
      </object_component>
      <object_component id="oc-32d">
         <name>.bss</name>
         <uninitialized>true</uninitialized>
         <run_address>0x200047c0</run_address>
         <size>0x30</size>
         <input_file_ref idref="fl-161"/>
      </object_component>
      <object_component id="oc-4d4">
         <name>.bss</name>
         <uninitialized>true</uninitialized>
         <run_address>0x200048b9</run_address>
         <size>0x1</size>
         <input_file_ref idref="fl-162"/>
      </object_component>
      <object_component id="oc-32e">
         <name>.bss</name>
         <uninitialized>true</uninitialized>
         <run_address>0x20004788</run_address>
         <size>0x38</size>
         <input_file_ref idref="fl-163"/>
      </object_component>
      <object_component id="oc-2e3">
         <name>.bss</name>
         <uninitialized>true</uninitialized>
         <run_address>0x2000483c</run_address>
         <size>0x10</size>
         <input_file_ref idref="fl-168"/>
      </object_component>
      <object_component id="oc-4c8">
         <name>.bss</name>
         <uninitialized>true</uninitialized>
         <run_address>0x200048b6</run_address>
         <size>0x2</size>
         <input_file_ref idref="fl-16a"/>
      </object_component>
      <object_component id="oc-4c0">
         <name>.bss</name>
         <uninitialized>true</uninitialized>
         <run_address>0x20004814</run_address>
         <size>0x18</size>
         <input_file_ref idref="fl-16b"/>
      </object_component>
      <object_component id="oc-4c1">
         <name>.bss</name>
         <uninitialized>true</uninitialized>
         <run_address>0x200048ba</run_address>
         <size>0x1</size>
         <input_file_ref idref="fl-16b"/>
      </object_component>
      <object_component id="oc-4da">
         <name>.bss</name>
         <uninitialized>true</uninitialized>
         <run_address>0x200048a8</run_address>
         <size>0x4</size>
         <input_file_ref idref="fl-16c"/>
      </object_component>
      <object_component id="oc-3ae">
         <name>.bss</name>
         <uninitialized>true</uninitialized>
         <run_address>0x2000484c</run_address>
         <size>0xc</size>
         <input_file_ref idref="fl-16d"/>
      </object_component>
      <object_component id="oc-3ad">
         <name>.bss</name>
         <uninitialized>true</uninitialized>
         <run_address>0x200048bb</run_address>
         <size>0x1</size>
         <input_file_ref idref="fl-16f"/>
      </object_component>
      <object_component id="oc-267">
         <name>.bss</name>
         <uninitialized>true</uninitialized>
         <run_address>0x20004884</run_address>
         <size>0x6</size>
         <input_file_ref idref="fl-171"/>
      </object_component>
      <object_component id="oc-5f">
         <name>.bss</name>
         <uninitialized>true</uninitialized>
         <run_address>0x20004858</run_address>
         <size>0xc</size>
         <input_file_ref idref="fl-6"/>
      </object_component>
      <object_component id="oc-4b0">
         <name>.bss</name>
         <uninitialized>true</uninitialized>
         <run_address>0x20004874</run_address>
         <size>0x8</size>
         <input_file_ref idref="fl-11"/>
      </object_component>
      <object_component id="oc-490">
         <name>.bss</name>
         <uninitialized>true</uninitialized>
         <run_address>0x2000487c</run_address>
         <size>0x8</size>
         <input_file_ref idref="fl-14"/>
      </object_component>
      <object_component id="oc-455">
         <name>.bss</name>
         <uninitialized>true</uninitialized>
         <run_address>0x2000474c</run_address>
         <size>0x3c</size>
         <input_file_ref idref="fl-16"/>
      </object_component>
      <object_component id="oc-4bd">
         <name>.common:lastTrngVal$22</name>
         <uninitialized>true</uninitialized>
         <run_address>0x200048ac</run_address>
         <size>0x4</size>
      </object_component>
      <object_component id="oc-1e9">
         <name>.common:tasksEvents</name>
         <uninitialized>true</uninitialized>
         <run_address>0x200048b0</run_address>
         <size>0x4</size>
      </object_component>
      <object_component id="oc-38b">
         <name>.data</name>
         <load_address>0x20004630</load_address>
         <run_address>0x20004630</run_address>
         <size>0x2c</size>
         <input_file_ref idref="fl-152"/>
      </object_component>
      <object_component id="oc-4d9">
         <name>.data</name>
         <load_address>0x200045a4</load_address>
         <run_address>0x200045a4</run_address>
         <size>0x50</size>
         <input_file_ref idref="fl-152"/>
      </object_component>
      <object_component id="oc-38c">
         <name>.data</name>
         <load_address>0x200046ac</load_address>
         <run_address>0x200046ac</run_address>
         <size>0x1c</size>
         <input_file_ref idref="fl-154"/>
      </object_component>
      <object_component id="oc-503">
         <name>.data</name>
         <load_address>0x200046c8</load_address>
         <run_address>0x200046c8</run_address>
         <size>0x1c</size>
         <input_file_ref idref="fl-155"/>
      </object_component>
      <object_component id="oc-500">
         <name>.data</name>
         <load_address>0x20004738</load_address>
         <run_address>0x20004738</run_address>
         <size>0x4</size>
         <input_file_ref idref="fl-156"/>
      </object_component>
      <object_component id="oc-38a">
         <name>.data</name>
         <load_address>0x20004704</load_address>
         <run_address>0x20004704</run_address>
         <size>0xc</size>
         <input_file_ref idref="fl-157"/>
      </object_component>
      <object_component id="oc-52d">
         <name>.data</name>
         <load_address>0x20004746</load_address>
         <run_address>0x20004746</run_address>
         <size>0x1</size>
         <input_file_ref idref="fl-158"/>
      </object_component>
      <object_component id="oc-4fb">
         <name>.data</name>
         <load_address>0x20004688</load_address>
         <run_address>0x20004688</run_address>
         <size>0x24</size>
         <input_file_ref idref="fl-158"/>
      </object_component>
      <object_component id="oc-52e">
         <name>.data</name>
         <load_address>0x20004747</load_address>
         <run_address>0x20004747</run_address>
         <size>0x1</size>
         <input_file_ref idref="fl-158"/>
      </object_component>
      <object_component id="oc-52f">
         <name>.data</name>
         <load_address>0x20004748</load_address>
         <run_address>0x20004748</run_address>
         <size>0x1</size>
         <input_file_ref idref="fl-158"/>
      </object_component>
      <object_component id="oc-4fc">
         <name>.data</name>
         <load_address>0x20004534</load_address>
         <run_address>0x20004534</run_address>
         <size>0x70</size>
         <input_file_ref idref="fl-158"/>
      </object_component>
      <object_component id="oc-4f7">
         <name>.data</name>
         <load_address>0x20004749</load_address>
         <run_address>0x20004749</run_address>
         <size>0x1</size>
         <input_file_ref idref="fl-159"/>
      </object_component>
[...]
         <value>0x2000483c</value>
         <object_component_ref idref="oc-2e3"/>
      </symbol>
      <symbol id="sm-1270">
         <name>maxQueuedPdu</name>
         <value>0x2000483e</value>
         <object_component_ref idref="oc-2e3"/>
      </symbol>
      <symbol id="sm-1271">
         <name>rfFeModeBias</name>
         <value>0x2000483d</value>
         <object_component_ref idref="oc-2e3"/>
      </symbol>
      <symbol id="sm-1272">
         <name>sclkSrc</name>
         <value>0x20004848</value>
         <object_component_ref idref="oc-2e3"/>
      </symbol>
      <symbol id="sm-1288">
         <name>llActiveTask</name>
         <value>0x1ab7b</value>
         <object_component_ref idref="oc-289"/>
      </symbol>
      <symbol id="sm-1289">
         <name>llAllocTask</name>
         <value>0x1aaff</value>
         <object_component_ref idref="oc-289"/>
      </symbol>
      <symbol id="sm-128a">
         <name>llGetTask</name>
         <value>0x1abb1</value>
         <object_component_ref idref="oc-289"/>
      </symbol>
      <symbol id="sm-128b">
         <name>llGetTaskState</name>
         <value>0x1ab59</value>
         <object_component_ref idref="oc-289"/>
      </symbol>
      <symbol id="sm-128c">
         <name>llScheduleTask</name>
         <value>0x1abe1</value>
         <object_component_ref idref="oc-289"/>
      </symbol>
      <symbol id="sm-128d">
         <name>llSchedulerInit</name>
         <value>0x1aacd</value>
         <object_component_ref idref="oc-289"/>
      </symbol>
      <symbol id="sm-12b6">
         <name>llProcessSlaveControlProcedures</name>
         <value>0x14381</value>
         <object_component_ref idref="oc-2b6"/>
      </symbol>
      <symbol id="sm-12b7">
         <name>llSetupNextSlaveEvent</name>
         <value>0x140b5</value>
         <object_component_ref idref="oc-2b6"/>
      </symbol>
      <symbol id="sm-12b8">
         <name>llSlave_TaskEnd</name>
         <value>0x13ef9</value>
         <object_component_ref idref="oc-2b6"/>
      </symbol>
      <symbol id="sm-134f">
         <name>LL_PM_Enter_AES</name>
         <value>0x153d5</value>
         <object_component_ref idref="oc-241"/>
      </symbol>
      <symbol id="sm-1350">
         <name>LL_PM_Exit_AES</name>
         <value>0x153e7</value>
         <object_component_ref idref="oc-241"/>
      </symbol>
      <symbol id="sm-1351">
         <name>LL_PM_ForceSysBusThroughRF</name>
         <value>0x14db9</value>
         <object_component_ref idref="oc-241"/>
      </symbol>
      <symbol id="sm-1352">
         <name>LL_PM_GetRfCoreState</name>
         <value>0x1518d</value>
         <object_component_ref idref="oc-241"/>
      </symbol>
      <symbol id="sm-1353">
         <name>LL_PM_Init</name>
         <value>0x1511f</value>
         <object_component_ref idref="oc-241"/>
      </symbol>
      <symbol id="sm-1354">
         <name>LL_PM_InitRadioSetupCmd</name>
         <value>0x14dc1</value>
         <object_component_ref idref="oc-241"/>
      </symbol>
      <symbol id="sm-1355">
         <name>LL_PM_PowerCycleRadio</name>
         <value>0x152af</value>
         <object_component_ref idref="oc-241"/>
      </symbol>
      <symbol id="sm-1356">
         <name>LL_PM_PowerOffRfCore</name>
         <value>0x14fe3</value>
         <object_component_ref idref="oc-241"/>
      </symbol>
      <symbol id="sm-1357">
         <name>LL_PM_PowerOffRfCoreOptimize</name>
         <value>0x15047</value>
         <object_component_ref idref="oc-241"/>
      </symbol>
      <symbol id="sm-1358">
         <name>LL_PM_PowerOnReq</name>
         <value>0x15321</value>
         <object_component_ref idref="oc-241"/>
      </symbol>
      <symbol id="sm-1359">
         <name>LL_PM_PowerOnRfCore</name>
         <value>0x14f6d</value>
         <object_component_ref idref="oc-241"/>
      </symbol>
      <symbol id="sm-135a">
         <name>LL_PM_PowerOnRfCoreOptimize</name>
         <value>0x14e77</value>
         <object_component_ref idref="oc-241"/>
      </symbol>
      <symbol id="sm-135b">
         <name>LL_PM_RFCmdDoneEventCallback</name>
         <value>0x20004628</value>
         <object_component_ref idref="oc-4bf"/>
      </symbol>
      <symbol id="sm-135c">
         <name>LL_PM_ShutdownFS</name>
         <value>0x1500f</value>
         <object_component_ref idref="oc-241"/>
      </symbol>
      <symbol id="sm-135d">
         <name>LL_PM_StartRfTask</name>
         <value>0x151a3</value>
         <object_component_ref idref="oc-241"/>
      </symbol>
      <symbol id="sm-135e">
         <name>LL_PM_StopCurTaskTimer</name>
         <value>0x15271</value>
         <object_component_ref idref="oc-241"/>
      </symbol>
      <symbol id="sm-13bf">
         <name>SM_CalcRandomAddr</name>
         <value>0x14641</value>
         <object_component_ref idref="oc-34a"/>
      </symbol>
      <symbol id="sm-13c0">
         <name>SM_Encrypt</name>
         <value>0x146c1</value>
         <object_component_ref idref="oc-34a"/>
      </symbol>
      <symbol id="sm-13c1">
         <name>SM_GenerateAuthenSig</name>
         <value>0x149b5</value>
         <object_component_ref idref="oc-34a"/>
      </symbol>
      <symbol id="sm-13c2">
         <name>SM_NewRandKey</name>
         <value>0x14611</value>
         <object_component_ref idref="oc-34a"/>
      </symbol>
      <symbol id="sm-13c3">
         <name>SM_ResolveRandomAddrs</name>
         <value>0x14673</value>
         <object_component_ref idref="oc-34a"/>
      </symbol>
      <symbol id="sm-13c4">
         <name>SM_VerifyAuthenSig</name>
         <value>0x14a4f</value>
         <object_component_ref idref="oc-34a"/>
      </symbol>
      <symbol id="sm-13c5">
         <name>smAuthReqToUint8</name>
         <value>0x14957</value>
         <object_component_ref idref="oc-34a"/>
      </symbol>
      <symbol id="sm-13c6">
         <name>smGenerateRandBuf</name>
         <value>0x14931</value>
         <object_component_ref idref="oc-34a"/>
      </symbol>
      <symbol id="sm-13c7">
         <name>smInProcess</name>
         <value>0x1478f</value>
         <object_component_ref idref="oc-34a"/>
      </symbol>
      <symbol id="sm-13c8">
         <name>smProcessRandComplete</name>
         <value>0x146ff</value>
         <object_component_ref idref="oc-34a"/>
      </symbol>
      <symbol id="sm-13c9">
         <name>smStartRspTimer</name>
         <value>0x14769</value>
         <object_component_ref idref="oc-34a"/>
      </symbol>
      <symbol id="sm-13ca">
         <name>smStopRspTimer</name>
         <value>0x14785</value>
         <object_component_ref idref="oc-34a"/>
      </symbol>
      <symbol id="sm-13cb">
         <name>smUint8ToAuthReq</name>
         <value>0x14977</value>
         <object_component_ref idref="oc-34a"/>
      </symbol>
      <symbol id="sm-13cc">
         <name>sm_ah</name>
         <value>0x147c3</value>
         <object_component_ref idref="oc-34a"/>
      </symbol>
      <symbol id="sm-13cd">
         <name>sm_c1new</name>
         <value>0x14823</value>
         <object_component_ref idref="oc-34a"/>
      </symbol>
      <symbol id="sm-13ce">
         <name>sm_d1</name>
         <value>0x147a1</value>
         <object_component_ref idref="oc-34a"/>
      </symbol>
      <symbol id="sm-13cf">
         <name>sm_dm</name>
         <value>0x147f9</value>
         <object_component_ref idref="oc-34a"/>
      </symbol>
      <symbol id="sm-13d0">
         <name>sm_s1</name>
         <value>0x148f1</value>
         <object_component_ref idref="oc-34a"/>
      </symbol>
      <symbol id="sm-1427">
         <name>SM_PasskeyUpdate</name>
         <value>0x13823</value>
         <object_component_ref idref="oc-38e"/>
      </symbol>
      <symbol id="sm-1428">
         <name>SM_StartPairing</name>
         <value>0x1379d</value>
         <object_component_ref idref="oc-38e"/>
      </symbol>
      <symbol id="sm-1429">
         <name>pPairingParams</name>
         <value>0x2000484c</value>
         <object_component_ref idref="oc-3ae"/>
      </symbol>
      <symbol id="sm-142a">
         <name>pfnResponderCBs</name>
         <value>0x20004850</value>
         <object_component_ref idref="oc-3ae"/>
      </symbol>
      <symbol id="sm-142b">
         <name>smDetermineKeySize</name>
         <value>0x13e57</value>
         <object_component_ref idref="oc-38e"/>
      </symbol>
      <symbol id="sm-142c">
         <name>smEndPairing</name>
         <value>0x13e27</value>
         <object_component_ref idref="oc-38e"/>
      </symbol>
      <symbol id="sm-142d">
         <name>smGenerateConfirm</name>
         <value>0x13bbb</value>
         <object_component_ref idref="oc-38e"/>
      </symbol>
      <symbol id="sm-142e">
         <name>smGeneratePairingReqRsp</name>
         <value>0x13b8f</value>
         <object_component_ref idref="oc-38e"/>
      </symbol>
      <symbol id="sm-142f">
         <name>smGenerateRandMsg</name>
         <value>0x13bd3</value>
         <object_component_ref idref="oc-38e"/>
      </symbol>
      <symbol id="sm-1430">
         <name>smLinkCheck</name>
         <value>0x138ad</value>
         <object_component_ref idref="oc-38e"/>
      </symbol>
      <symbol id="sm-1431">
         <name>smNextPairingState</name>
         <value>0x13a5b</value>
         <object_component_ref idref="oc-38e"/>
      </symbol>
      <symbol id="sm-1432">
         <name>smPairingSendEncInfo</name>
         <value>0x13d7b</value>
         <object_component_ref idref="oc-38e"/>
      </symbol>
      <symbol id="sm-1433">
         <name>smPairingSendIdentityAddrInfo</name>
         <value>0x13db3</value>
         <object_component_ref idref="oc-38e"/>
      </symbol>
      <symbol id="sm-1434">
         <name>smPairingSendIdentityInfo</name>
         <value>0x13da9</value>
         <object_component_ref idref="oc-38e"/>
      </symbol>
      <symbol id="sm-1435">
         <name>smPairingSendMasterID</name>
         <value>0x13d81</value>
         <object_component_ref idref="oc-38e"/>
      </symbol>
      <symbol id="sm-1436">
         <name>smPairingSendSingingInfo</name>
         <value>0x13dd7</value>
         <object_component_ref idref="oc-38e"/>
      </symbol>
      <symbol id="sm-1437">
         <name>smProcessDataMsg</name>
         <value>0x138c9</value>
         <object_component_ref idref="oc-38e"/>
      </symbol>
      <symbol id="sm-1438">
         <name>smProcessEncryptChange</name>
         <value>0x139b1</value>
         <object_component_ref idref="oc-38e"/>
      </symbol>
      <symbol id="sm-1439">
         <name>smProcessPairingReq</name>
         <value>0x13b21</value>
         <object_component_ref idref="oc-38e"/>
      </symbol>
      <symbol id="sm-143a">
         <name>smRegisterInitiator</name>
         <value>0x1389d</value>
         <object_component_ref idref="oc-38e"/>
      </symbol>
      <symbol id="sm-143b">
         <name>smRegisterResponder</name>
         <value>0x138a5</value>
         <object_component_ref idref="oc-38e"/>
      </symbol>
      <symbol id="sm-143c">
         <name>smSavePairInfo</name>
         <value>0x13bfd</value>
         <object_component_ref idref="oc-38e"/>
      </symbol>
      <symbol id="sm-143d">
         <name>smSendFailAndEnd</name>
         <value>0x13995</value>
         <object_component_ref idref="oc-38e"/>
      </symbol>
      <symbol id="sm-143e">
         <name>smStartEncryption</name>
         <value>0x13b75</value>
         <object_component_ref idref="oc-38e"/>
      </symbol>
      <symbol id="sm-143f">
         <name>smTimedOut</name>
         <value>0x138c5</value>
         <object_component_ref idref="oc-38e"/>
      </symbol>
      <symbol id="sm-1440">
         <name>sm_c1</name>
         <value>0x13a8b</value>
         <object_component_ref idref="oc-38e"/>
      </symbol>
      <symbol id="sm-1463">
         <name>SM_ResponderInit</name>
         <value>0x16d55</value>
         <object_component_ref idref="oc-505"/>
      </symbol>
      <symbol id="sm-1464">
         <name>smpResponderProcessPairingReq</name>
         <value>0x17015</value>
         <object_component_ref idref="oc-505"/>
      </symbol>
      <symbol id="sm-1475">
         <name>SM_Init</name>
         <value>0x1ae25</value>
         <object_component_ref idref="oc-192"/>
      </symbol>
      <symbol id="sm-1476">
         <name>SM_ProcessEvent</name>
         <value>0x1ae41</value>
         <object_component_ref idref="oc-192"/>
      </symbol>
      <symbol id="sm-1477">
         <name>smTaskID</name>
         <value>0x200048bb</value>
         <object_component_ref idref="oc-3ad"/>
      </symbol>
      <symbol id="sm-14b0">
         <name>smSendSMMsg</name>
         <value>0x17f5b</value>
         <object_component_ref idref="oc-4db"/>
      </symbol>
      <symbol id="sm-14b1">
         <name>smpBuildEncInfo</name>
         <value>0x17e29</value>
         <object_component_ref idref="oc-4db"/>
      </symbol>
      <symbol id="sm-14b2">
         <name>smpBuildIdentityAddrInfo</name>
         <value>0x17eab</value>
         <object_component_ref idref="oc-4db"/>
      </symbol>
      <symbol id="sm-14b3">
         <name>smpBuildIdentityInfo</name>
         <value>0x17e99</value>
         <object_component_ref idref="oc-4db"/>
      </symbol>
      <symbol id="sm-14b4">
         <name>smpBuildMasterID</name>
         <value>0x17e51</value>
         <object_component_ref idref="oc-4db"/>
      </symbol>
      <symbol id="sm-14b5">
         <name>smpBuildPairingConfirm</name>
         <value>0x17d93</value>
         <object_component_ref idref="oc-4db"/>
      </symbol>
      <symbol id="sm-14b6">
         <name>smpBuildPairingFailed</name>
         <value>0x17df3</value>
         <object_component_ref idref="oc-4db"/>
      </symbol>
      <symbol id="sm-14b7">
         <name>smpBuildPairingRandom</name>
         <value>0x17dbb</value>
         <object_component_ref idref="oc-4db"/>
      </symbol>
      <symbol id="sm-14b8">
         <name>smpBuildPairingReq</name>
         <value>0x17c09</value>
         <object_component_ref idref="oc-4db"/>
      </symbol>
      <symbol id="sm-14b9">
         <name>smpBuildPairingReqRsp</name>
         <value>0x17c17</value>
         <object_component_ref idref="oc-4db"/>
      </symbol>
      <symbol id="sm-14ba">
         <name>smpBuildPairingRsp</name>
         <value>0x17c11</value>
         <object_component_ref idref="oc-4db"/>
      </symbol>
      <symbol id="sm-14bb">
         <name>smpBuildSecurityReq</name>
         <value>0x17f23</value>
         <object_component_ref idref="oc-4db"/>
      </symbol>
      <symbol id="sm-14bc">
         <name>smpBuildSigningInfo</name>
         <value>0x17efb</value>
         <object_component_ref idref="oc-4db"/>
      </symbol>
      <symbol id="sm-14bd">
         <name>smpParseEncInfo</name>
         <value>0x17e3b</value>
         <object_component_ref idref="oc-4db"/>
      </symbol>
      <symbol id="sm-14be">
         <name>smpParseIdentityAddrInfo</name>
         <value>0x17edf</value>
         <object_component_ref idref="oc-4db"/>
      </symbol>
      <symbol id="sm-14bf">
         <name>smpParseIdentityInfo</name>
         <value>0x17ec9</value>
         <object_component_ref idref="oc-4db"/>
      </symbol>
      <symbol id="sm-14c0">
         <name>smpParseMasterID</name>
         <value>0x17e75</value>
         <object_component_ref idref="oc-4db"/>
      </symbol>
      <symbol id="sm-14c1">
         <name>smpParsePairingConfirm</name>
         <value>0x17da5</value>
         <object_component_ref idref="oc-4db"/>
      </symbol>
      <symbol id="sm-14c2">
         <name>smpParsePairingFailed</name>
         <value>0x17e0b</value>
         <object_component_ref idref="oc-4db"/>
      </symbol>
      <symbol id="sm-14c3">
         <name>smpParsePairingRandom</name>
         <value>0x17ddd</value>
         <object_component_ref idref="oc-4db"/>
      </symbol>
      <symbol id="sm-14c4">
         <name>smpParsePairingReq</name>
         <value>0x17cbf</value>
         <object_component_ref idref="oc-4db"/>
      </symbol>
      <symbol id="sm-14c5">
         <name>smpParseSecurityReq</name>
         <value>0x17f3f</value>
         <object_component_ref idref="oc-4db"/>
      </symbol>
      <symbol id="sm-14c6">
         <name>smpParseSigningInfo</name>
         <value>0x17f0d</value>
         <object_component_ref idref="oc-4db"/>
      </symbol>
      <symbol id="sm-14dc">
         <name>HCI_ExtTaskRegister</name>
         <value>0x1b331</value>
         <object_component_ref idref="oc-175"/>
      </symbol>
      <symbol id="sm-14dd">
         <name>HCI_GAPTaskRegister</name>
         <value>0x1b31f</value>
         <object_component_ref idref="oc-175"/>
      </symbol>
      <symbol id="sm-14de">
         <name>HCI_Init</name>
         <value>0x1b2c9</value>
         <object_component_ref idref="oc-175"/>
      </symbol>
      <symbol id="sm-14df">
         <name>HCI_L2CAPTaskRegister</name>
         <value>0x1b325</value>
         <object_component_ref idref="oc-175"/>
      </symbol>
      <symbol id="sm-14e0">
         <name>HCI_ProcessEvent</name>
         <value>0x1b2e7</value>
         <object_component_ref idref="oc-175"/>
      </symbol>
      <symbol id="sm-14e1">
         <name>HCI_SMPTaskRegister</name>
         <value>0x1b32b</value>
         <object_component_ref idref="oc-175"/>
      </symbol>
      <symbol id="sm-14e2">
         <name>HCI_TestAppTaskRegister</name>
         <value>0x1b319</value>
         <object_component_ref idref="oc-175"/>
      </symbol>
      <symbol id="sm-14e3">
         <name>hciExtTaskID</name>
         <value>0x20004889</value>
         <object_component_ref idref="oc-267"/>
      </symbol>
      <symbol id="sm-14e4">
         <name>hciGapTaskID</name>
         <value>0x20004886</value>
         <object_component_ref idref="oc-267"/>
      </symbol>
      <symbol id="sm-14e5">
         <name>hciL2capTaskID</name>
         <value>0x20004887</value>
         <object_component_ref idref="oc-267"/>
      </symbol>
      <symbol id="sm-14e6">
         <name>hciSmpTaskID</name>
         <value>0x20004888</value>
         <object_component_ref idref="oc-267"/>
      </symbol>
      <symbol id="sm-14e7">
         <name>hciTaskID</name>
         <value>0x20004884</value>
         <object_component_ref idref="oc-267"/>
      </symbol>
      <symbol id="sm-14e8">
         <name>hciTestTaskID</name>
         <value>0x20004885</value>
         <object_component_ref idref="oc-267"/>
      </symbol>
      <symbol id="sm-14fa">
         <name>NOROM_CPUcpsie</name>
         <value>0x1b923</value>
         <object_component_ref idref="oc-142"/>
      </symbol>
      <symbol id="sm-14fb">
         <name>NOROM_CPUcpsid</name>
         <value>0x1b917</value>
         <object_component_ref idref="oc-13c"/>
      </symbol>
      <symbol id="sm-14fc">
         <name>__TI_static_base__</name>
         <value>0x1c498</value>
      </symbol>
      <symbol id="sm-1501">
         <name>SHT$$INIT_ARRAY$$Limit</name>
         <value>0x0</value>
      </symbol>
      <symbol id="sm-1502">
         <name>SHT$$INIT_ARRAY$$Base</name>
         <value>0x0</value>
      </symbol>
   </symbol_table>
   <title>Link successful</title>
</link_info>
