******************************************************************************
                  TI ARM Linker PC v5.2.7                      
******************************************************************************
>> Linked Sat Apr 02 14:31:25 2016

OUTPUT FILE NAME:   <WakeOnShake.out>
ENTRY POINT SYMBOL: "_c_int00"  address: 00000311


MEMORY CONFIGURATION

         name            origin    length      used     unused   attr    fill
----------------------  --------  ---------  --------  --------  ----  --------
  RAM                   00000020   ffffffe0  0000067a  fffff966  RWIX


SEGMENT ALLOCATION MAP

run origin  load origin   length   init length attrs members
----------  ----------- ---------- ----------- ----- -------
00000020    00000020    00000386   00000386    r-x
  00000020    00000020    00000386   00000386    r-x .text
000003a8    000003a8    00000264   00000000    rw-
  000003a8    000003a8    00000150   00000000    rw- .bss
  000004f8    000004f8    00000014   00000000    rw- .data
  0000050c    0000050c    00000100   00000000    rw- .stack
0000060c    0000060c    00000058   00000058    r--
  0000060c    0000060c    00000058   00000058    r-- .ccfg
00000668    00000668    00000038   00000038    r--
  00000668    00000668    00000038   00000038    r-- .cinit


SECTION ALLOCATION MAP

 output                                  attributes/
section   page    origin      length       input sections
--------  ----  ----------  ----------   ----------------
.text      0    00000020    00000386     
                  00000020    0000009c     rtsv7M3_T_le_eabi.lib : memcpy_t2.obj (.text)
                  000000bc    0000007a                           : memset_t2.obj (.text)
                  00000136    00000002     --HOLE-- [fill = 0]
                  00000138    00000070     Movement.obj (.text)
                  000001a8    0000006c     rtsv7M3_T_le_eabi.lib : autoinit.obj (.text)
                  00000214    0000006a                           : copy_decompress_rle.obj (.text)
                  0000027e    00000002     --HOLE-- [fill = 0]
                  00000280    0000004c                           : cpy_tbl.obj (.text)
                  000002cc    00000044                           : exit.obj (.text)
                  00000310    0000003c                           : boot.obj (.text)
                  0000034c    00000018                           : args_main.obj (.text)
                  00000364    00000014                           : _lock.obj (.text)
                  00000378    0000000e                           : copy_decompress_none.obj (.text:decompress:none)
                  00000386    0000000c                           : copy_zero_init.obj (.text:decompress:ZI)
                  00000392    0000000a     main.obj (.text)
                  0000039c    00000006     rtsv7M3_T_le_eabi.lib : copy_decompress_rle.obj (.text:decompress:rle24)
                  000003a2    00000004                           : pre_init.obj (.text)

.bss       0    000003a8    00000150     UNINITIALIZED
                  000003a8    00000100     Movement.obj (.bss:movementTaskStack)
                  000004a8    00000050     Movement.obj (.bss:movementTask)

.TI.noinit 
*          0    000003a8    00000000     UNINITIALIZED

.data      0    000004f8    00000014     UNINITIALIZED
                  000004f8    00000008     rtsv7M3_T_le_eabi.lib : _lock.obj (.data)
                  00000500    00000008                           : exit.obj (.data)
                  00000508    00000004                           : stkdepth_vars.obj (.data)

.TI.persistent 
*          0    000004f8    00000000     UNINITIALIZED

.cinit     0    00000668    00000038     
                  00000668    0000000f     (.cinit..data.load) [load image, compression = rle]
                  00000677    00000001     --HOLE-- [fill = 0]
                  00000678    0000000c     (__TI_handler_table)
                  00000684    00000004     --HOLE-- [fill = 0]
                  00000688    00000008     (.cinit..bss.load) [load image, compression = zero_init]
                  00000690    00000010     (__TI_cinit_table)

.init_array 
*          0    00000020    00000000     UNINITIALIZED

.stack     0    0000050c    00000100     UNINITIALIZED
                  0000050c    00000100     --HOLE--

.ccfg      0    0000060c    00000058     
                  0000060c    00000058     ccfg.obj (.ccfg:retain)


LINKER GENERATED COPY TABLES

__TI_cinit_table @ 00000690 records: 2, size/record: 8, table size: 16
	.data: load addr=00000668, load size=0000000f bytes, run addr=000004f8, run size=00000014 bytes, compression=rle
	.bss: load addr=00000688, load size=00000008 bytes, run addr=000003a8, run size=00000150 bytes, compression=zero_init


LINKER GENERATED HANDLER TABLE

__TI_handler_table @ 00000678 records: 3, size/record: 4, table size: 12
	index: 0, handler: __TI_decompress_rle24
	index: 1, handler: __TI_decompress_none
	index: 2, handler: __TI_zero_init


GLOBAL SYMBOLS: SORTED ALPHABETICALLY BY Name 

address   name                               
-------   ----                               
000002cd  C$$EXIT                            
0000016d  Movement_createTask                
0000014f  Movement_taskFxn                   
UNDEFED   SHT$$INIT_ARRAY$$Base              
UNDEFED   SHT$$INIT_ARRAY$$Limit             
0000060c  __STACK_END                        
00000100  __STACK_SIZE                       
00000690  __TI_CINIT_Base                    
000006a0  __TI_CINIT_Limit                   
00000678  __TI_Handler_Table_Base            
00000684  __TI_Handler_Table_Limit           
000001a9  __TI_auto_init                     
00000500  __TI_cleanup_ptr                   
00000379  __TI_decompress_none               
0000039d  __TI_decompress_rle24              
00000504  __TI_dtors_ptr                     
00000668  __TI_static_base__                 
00000387  __TI_zero_init                     
000000bd  __aeabi_memclr                     
000000bd  __aeabi_memclr4                    
000000bd  __aeabi_memclr8                    
00000021  __aeabi_memcpy                     
00000021  __aeabi_memcpy4                    
00000021  __aeabi_memcpy8                    
000000bf  __aeabi_memset                     
000000bf  __aeabi_memset4                    
000000bf  __aeabi_memset8                    
ffffffff  __binit__                          
ffffffff  __c_args__                         
0000060c  __ccfg                             
0000050c  __stack                            
0000034d  _args_main                         
00000311  _c_int00                           
000004f8  _lock                              
00000373  _nop                               
0000036b  _register_lock                     
00000365  _register_unlock                   
000003a3  _system_pre_init                   
000004fc  _unlock                            
000002d1  abort                              
ffffffff  binit                              
00000281  copy_in                            
000002d9  exit                               
00000393  main                               
00000508  main_func_sp                       
00000021  memcpy                             
000000c5  memset                             
000004a8  movementTask                       
UNDEFED   ti_sysbios_knl_Clock_tickPeriod__C 
UNDEFED   ti_sysbios_knl_Task_Params__init__S
UNDEFED   ti_sysbios_knl_Task_construct      
UNDEFED   ti_sysbios_knl_Task_sleep__E       


GLOBAL SYMBOLS: SORTED BY Symbol Address 

address   name                               
-------   ----                               
00000021  __aeabi_memcpy                     
00000021  __aeabi_memcpy4                    
00000021  __aeabi_memcpy8                    
00000021  memcpy                             
000000bd  __aeabi_memclr                     
000000bd  __aeabi_memclr4                    
000000bd  __aeabi_memclr8                    
000000bf  __aeabi_memset                     
000000bf  __aeabi_memset4                    
000000bf  __aeabi_memset8                    
000000c5  memset                             
00000100  __STACK_SIZE                       
0000014f  Movement_taskFxn                   
0000016d  Movement_createTask                
000001a9  __TI_auto_init                     
00000281  copy_in                            
000002cd  C$$EXIT                            
000002d1  abort                              
000002d9  exit                               
00000311  _c_int00                           
0000034d  _args_main                         
00000365  _register_unlock                   
0000036b  _register_lock                     
00000373  _nop                               
00000379  __TI_decompress_none               
00000387  __TI_zero_init                     
00000393  main                               
0000039d  __TI_decompress_rle24              
000003a3  _system_pre_init                   
000004a8  movementTask                       
000004f8  _lock                              
000004fc  _unlock                            
00000500  __TI_cleanup_ptr                   
00000504  __TI_dtors_ptr                     
00000508  main_func_sp                       
0000050c  __stack                            
0000060c  __STACK_END                        
0000060c  __ccfg                             
00000668  __TI_static_base__                 
00000678  __TI_Handler_Table_Base            
00000684  __TI_Handler_Table_Limit           
00000690  __TI_CINIT_Base                    
000006a0  __TI_CINIT_Limit                   
ffffffff  __binit__                          
ffffffff  __c_args__                         
ffffffff  binit                              
UNDEFED   SHT$$INIT_ARRAY$$Base              
UNDEFED   SHT$$INIT_ARRAY$$Limit             
UNDEFED   ti_sysbios_knl_Clock_tickPeriod__C 
UNDEFED   ti_sysbios_knl_Task_Params__init__S
UNDEFED   ti_sysbios_knl_Task_construct      
UNDEFED   ti_sysbios_knl_Task_sleep__E       

[52 symbols]
